Archive member included to satisfy reference by file (symbol)

app/libapp.a(main.c.obj)      (--whole-archive)
zephyr/libzephyr.a(cbprintf.c.obj)
                              (--whole-archive)
zephyr/libzephyr.a(cbprintf_packaged.c.obj)
                              (--whole-archive)
zephyr/libzephyr.a(crc32c_sw.c.obj)
                              (--whole-archive)
zephyr/libzephyr.a(crc32_sw.c.obj)
                              (--whole-archive)
zephyr/libzephyr.a(crc16_sw.c.obj)
                              (--whole-archive)
zephyr/libzephyr.a(crc8_sw.c.obj)
                              (--whole-archive)
zephyr/libzephyr.a(crc7_sw.c.obj)
                              (--whole-archive)
zephyr/libzephyr.a(dec.c.obj)
                              (--whole-archive)
zephyr/libzephyr.a(fdtable.c.obj)
                              (--whole-archive)
zephyr/libzephyr.a(hex.c.obj)
                              (--whole-archive)
zephyr/libzephyr.a(notify.c.obj)
                              (--whole-archive)
zephyr/libzephyr.a(printk.c.obj)
                              (--whole-archive)
zephyr/libzephyr.a(onoff.c.obj)
                              (--whole-archive)
zephyr/libzephyr.a(rb.c.obj)  (--whole-archive)
zephyr/libzephyr.a(sem.c.obj)
                              (--whole-archive)
zephyr/libzephyr.a(thread_entry.c.obj)
                              (--whole-archive)
zephyr/libzephyr.a(timeutil.c.obj)
                              (--whole-archive)
zephyr/libzephyr.a(heap.c.obj)
                              (--whole-archive)
zephyr/libzephyr.a(heap-validate.c.obj)
                              (--whole-archive)
zephyr/libzephyr.a(bitarray.c.obj)
                              (--whole-archive)
zephyr/libzephyr.a(multi_heap.c.obj)
                              (--whole-archive)
zephyr/libzephyr.a(cbprintf_complete.c.obj)
                              (--whole-archive)
zephyr/libzephyr.a(mpsc_pbuf.c.obj)
                              (--whole-archive)
zephyr/libzephyr.a(reboot.c.obj)
                              (--whole-archive)
zephyr/libzephyr.a(configs.c.obj)
                              (--whole-archive)
zephyr/libzephyr.a(soc_nrf_common.S.obj)
                              (--whole-archive)
zephyr/libzephyr.a(validate_base_addresses.c.obj)
                              (--whole-archive)
zephyr/libzephyr.a(validate_enabled_instances.c.obj)
                              (--whole-archive)
zephyr/libzephyr.a(thread_info.c.obj)
                              (--whole-archive)
zephyr/libzephyr.a(log_list.c.obj)
                              (--whole-archive)
zephyr/libzephyr.a(log_core.c.obj)
                              (--whole-archive)
zephyr/libzephyr.a(log_mgmt.c.obj)
                              (--whole-archive)
zephyr/libzephyr.a(log_msg.c.obj)
                              (--whole-archive)
zephyr/libzephyr.a(log_output.c.obj)
                              (--whole-archive)
zephyr/libzephyr.a(log_backend_uart.c.obj)
                              (--whole-archive)
zephyr/libzephyr.a(log_backend_rtt.c.obj)
                              (--whole-archive)
zephyr/libzephyr.a(pm.c.obj)  (--whole-archive)
zephyr/libzephyr.a(constraint.c.obj)
                              (--whole-archive)
zephyr/libzephyr.a(residency.c.obj)
                              (--whole-archive)
zephyr/libzephyr.a(tracing_none.c.obj)
                              (--whole-archive)
zephyr/libzephyr.a(nrf_cc3xx_platform_abort_zephyr.c.obj)
                              (--whole-archive)
zephyr/libzephyr.a(nrf_cc3xx_platform_mutex_zephyr.c.obj)
                              (--whole-archive)
zephyr/arch/common/libarch__common.a(sw_isr_common.c.obj)
                              (--whole-archive)
zephyr/arch/arch/arm/core/aarch32/libarch__arm__core__aarch32.a(cpu_idle.S.obj)
                              (--whole-archive)
zephyr/arch/arch/arm/core/aarch32/libarch__arm__core__aarch32.a(fatal.c.obj)
                              (--whole-archive)
zephyr/arch/arch/arm/core/aarch32/libarch__arm__core__aarch32.a(irq_manage.c.obj)
                              (--whole-archive)
zephyr/arch/arch/arm/core/aarch32/libarch__arm__core__aarch32.a(nmi.c.obj)
                              (--whole-archive)
zephyr/arch/arch/arm/core/aarch32/libarch__arm__core__aarch32.a(nmi_on_reset.S.obj)
                              (--whole-archive)
zephyr/arch/arch/arm/core/aarch32/libarch__arm__core__aarch32.a(prep_c.c.obj)
                              (--whole-archive)
zephyr/arch/arch/arm/core/aarch32/libarch__arm__core__aarch32.a(swap.c.obj)
                              (--whole-archive)
zephyr/arch/arch/arm/core/aarch32/libarch__arm__core__aarch32.a(swap_helper.S.obj)
                              (--whole-archive)
zephyr/arch/arch/arm/core/aarch32/libarch__arm__core__aarch32.a(thread.c.obj)
                              (--whole-archive)
zephyr/arch/arch/arm/core/aarch32/libarch__arm__core__aarch32.a(isr_wrapper.S.obj)
[...]
Memory Configuration

Name             Origin             Length             Attributes
FLASH            0x00000000         0x00100000         xr
SRAM             0x20000000         0x00040000         xw
IDT_LIST         0xfffff7ff         0x00000800         xw
*default*        0x00000000         0xffffffff

Linker script and memory map

LOAD zephyr/CMakeFiles/zephyr_pre0.dir/misc/empty_file.c.obj
                0x00000020                _region_min_align = 0x20

.rel.plt        0x00000000        0x0
 *(SORT_BY_ALIGNMENT(.rel.plt))
                [!provide]                PROVIDE (__rel_iplt_start = .)
 *(SORT_BY_ALIGNMENT(.rel.iplt))
 .rel.iplt      0x00000000        0x0 app/libapp.a(main.c.obj)
                [!provide]                PROVIDE (__rel_iplt_end = .)

.rela.plt       0x00000000        0x0
 *(SORT_BY_ALIGNMENT(.rela.plt))
                [!provide]                PROVIDE (__rela_iplt_start = .)
 *(SORT_BY_ALIGNMENT(.rela.iplt))
                [!provide]                PROVIDE (__rela_iplt_end = .)

.rel.dyn
 *(SORT_BY_ALIGNMENT(.rel.*))

.rela.dyn
 *(SORT_BY_ALIGNMENT(.rela.*))

/DISCARD/
 *(SORT_BY_ALIGNMENT(.plt))
 *(SORT_BY_ALIGNMENT(.iplt))
 *(SORT_BY_ALIGNMENT(.got.plt))
 *(SORT_BY_ALIGNMENT(.igot.plt))
 *(SORT_BY_ALIGNMENT(.got))
 *(SORT_BY_ALIGNMENT(.igot))
 *(SORT_BY_ALIGNMENT(.note.GNU-stack))
                0x00000000                __rom_region_start = 0x0

rom_start       0x00000000      0x100
                0x00000000                . = 0x0
                0x00000000                . = ALIGN (0x4)
                0x00000000                . = ALIGN (0x80)
                0x00000000                . = ALIGN (0x100)
                0x00000000                _vector_start = .
 *(SORT_BY_ALIGNMENT(.exc_vector_table))
 *(SORT_BY_ALIGNMENT(.exc_vector_table.*))
 .exc_vector_table._vector_table_section
                0x00000000       0x40 zephyr/arch/arch/arm/core/aarch32/cortex_m/libarch__arm__core__aarch32__cortex_m.a(vector_table.S.obj)
                0x00000000                _vector_table
 *(SORT_BY_ALIGNMENT(.gnu.linkonce.irq_vector_table*))
 .gnu.linkonce.irq_vector_table
                0x00000040       0xc0 zephyr/arch/common/libisr_tables.a(isr_tables.c.obj)
                0x00000040                _irq_vector_table
 *(SORT_BY_ALIGNMENT(.vectors))
                0x00000100                _vector_end = .

text            0x00000100     0x8df4
                0x00000100                __text_region_start = .
 *(SORT_BY_ALIGNMENT(.text))
 .text          0x00000100       0x30 c:/users/eidos/ncs/v1.9.1/toolchain/opt/bin/../lib/gcc/arm-none-eabi/9.2.1/thumb/v7e-m/nofp\libgcc.a(_aeabi_uldivmod.o)
                0x00000100                __aeabi_uldivmod
 .text          0x00000130      0x2c0 c:/users/eidos/ncs/v1.9.1/toolchain/opt/bin/../lib/gcc/arm-none-eabi/9.2.1/thumb/v7e-m/nofp\libgcc.a(_udivmoddi4.o)
                0x00000130                __udivmoddi4
 .text          0x000003f0        0x4 c:/users/eidos/ncs/v1.9.1/toolchain/opt/bin/../lib/gcc/arm-none-eabi/9.2.1/thumb/v7e-m/nofp\libgcc.a(_dvmd_tls.o)
                0x000003f0                __aeabi_idiv0
                0x000003f0                __aeabi_ldiv0
 *(SORT_BY_ALIGNMENT(.text.*))
 *fill*         0x000003f4        0x4 
 .text.led_pwm_set_brightness
                0x000003f8       0xdc zephyr/drivers/led/libdrivers__led.a(led_pwm.c.obj)
 .text.run_led_test
                0x000004d4      0x2dc app/libapp.a(main.c.obj)
 .text.main     0x000007b0       0x7c app/libapp.a(main.c.obj)
                0x000007b0                main
 .text.char_out
                0x0000082c       0x14 zephyr/libzephyr.a(printk.c.obj)
 .text.__printk_hook_install
                0x00000840        0xc zephyr/libzephyr.a(printk.c.obj)
                0x00000840                __printk_hook_install
 .text.vprintk  0x0000084c       0x20 zephyr/libzephyr.a(printk.c.obj)
                0x0000084c                vprintk
 .text.vsnprintk
                0x0000086c       0x2c zephyr/libzephyr.a(printk.c.obj)
                0x0000086c                vsnprintk
 .text.process_event
                0x00000898      0x158 zephyr/libzephyr.a(onoff.c.obj)
 .text.cbvprintf
                0x000009f0      0x9d4 zephyr/libzephyr.a(cbprintf_complete.c.obj)
                0x000009f0                cbvprintf
 .text.sys_reboot
                0x000013c4       0x28 zephyr/libzephyr.a(reboot.c.obj)
                0x000013c4                sys_reboot
 .text.is_rodata
                0x000013ec       0x20 zephyr/libzephyr.a(log_core.c.obj)
 .text.thread_set
                0x0000140c       0x28 zephyr/libzephyr.a(log_core.c.obj)
 .text.log_process_thread_timer_expiry_fn
                0x00001434       0x10 zephyr/libzephyr.a(log_core.c.obj)
 .text.next_pending
                0x00001444       0x14 zephyr/libzephyr.a(log_core.c.obj)
 .text.enable_logger
                0x00001458       0x5c zephyr/libzephyr.a(log_core.c.obj)
 .text.log_init
                0x000014b4       0x70 zephyr/libzephyr.a(log_core.c.obj)
                0x000014b4                log_init
 .text.log_set_timestamp_func
                0x00001524       0x1c zephyr/libzephyr.a(log_core.c.obj)
                0x00001524                log_set_timestamp_func
 .text.log_core_init
                0x00001540       0x48 zephyr/libzephyr.a(log_core.c.obj)
                0x00001540                log_core_init
 .text.get_msg  0x00001588       0x28 zephyr/libzephyr.a(log_core.c.obj)
                0x00001588                get_msg
 .text.z_log_notify_backend_enabled
                0x000015b0       0x20 zephyr/libzephyr.a(log_core.c.obj)
                0x000015b0                z_log_notify_backend_enabled
 .text.z_log_dropped
                0x000015d0       0x3c zephyr/libzephyr.a(log_core.c.obj)
                0x000015d0                z_log_dropped
 .text.z_log_dropped_read_and_clear
                0x0000160c       0x20 zephyr/libzephyr.a(log_core.c.obj)
                0x0000160c                z_log_dropped_read_and_clear
 .text.dropped_notify
                0x0000162c       0x44 zephyr/libzephyr.a(log_core.c.obj)
                0x0000162c                dropped_notify
 .text.z_log_dropped_pending
                0x00001670       0x14 zephyr/libzephyr.a(log_core.c.obj)
                0x00001670                z_log_dropped_pending
 .text.z_log_strdup
                0x00001684       0x60 zephyr/libzephyr.a(log_core.c.obj)
                0x00001684                z_log_strdup
 .text.log_is_strdup
                0x000016e4       0x24 zephyr/libzephyr.a(log_core.c.obj)
                0x000016e4                log_is_strdup
 .text.detect_missed_strdup
                0x00001708       0xa8 zephyr/libzephyr.a(log_core.c.obj)
 .text.msg_process
                0x000017b0       0x64 zephyr/libzephyr.a(log_core.c.obj)
 .text.z_impl_log_process
                0x00001814       0x54 zephyr/libzephyr.a(log_core.c.obj)
                0x00001814                z_impl_log_process
 .text.z_log_msg_post_finalize
                0x00001868       0x90 zephyr/libzephyr.a(log_core.c.obj)
 .text.log_3    0x000018f8       0x7c zephyr/libzephyr.a(log_core.c.obj)
                0x000018f8                log_3
 .text.log_1    0x00001974       0x6c zephyr/libzephyr.a(log_core.c.obj)
                0x00001974                log_1
 .text.log_2    0x000019e0       0x78 zephyr/libzephyr.a(log_core.c.obj)
                0x000019e0                log_2
 .text.log_0    0x00001a58       0x60 zephyr/libzephyr.a(log_core.c.obj)
                0x00001a58                log_0
 .text.z_impl_log_panic
                0x00001ab8       0x58 zephyr/libzephyr.a(log_core.c.obj)
                0x00001ab8                z_impl_log_panic
 .text.log_process_thread_func
                0x00001b10       0x30 zephyr/libzephyr.a(log_core.c.obj)
 .text.z_log_free
                0x00001b40       0x38 zephyr/libzephyr.a(log_core.c.obj)
                0x00001b40                z_log_free
 .text.log_source_name_get
                0x00001b78       0x20 zephyr/libzephyr.a(log_mgmt.c.obj)
                0x00001b78                log_source_name_get
 .text.log_backend_enable
                0x00001b98       0x24 zephyr/libzephyr.a(log_mgmt.c.obj)
                0x00001b98                log_backend_enable
 .text.cont_free
                0x00001bbc       0x20 zephyr/libzephyr.a(log_msg.c.obj)
 .text.log_msg_pool_init
                0x00001bdc       0x18 zephyr/libzephyr.a(log_msg.c.obj)
                0x00001bdc                log_msg_pool_init
 .text.log_msg_no_space_handle
                0x00001bf4       0x30 zephyr/libzephyr.a(log_msg.c.obj)
                0x00001bf4                log_msg_no_space_handle
 .text.log_msg_chunk_alloc
                0x00001c24       0x38 zephyr/libzephyr.a(log_msg.c.obj)
                0x00001c24                log_msg_chunk_alloc
 .text.msg_free
                0x00001c5c       0x80 zephyr/libzephyr.a(log_msg.c.obj)
 .text.print_formatted
                0x00001cdc       0x24 zephyr/libzephyr.a(log_output.c.obj)
 .text.timestamp_print
                0x00001d00       0x8c zephyr/libzephyr.a(log_output.c.obj)
 .text.color_print
                0x00001d8c       0x2c zephyr/libzephyr.a(log_output.c.obj)
 .text.newline_print
                0x00001db8       0x28 zephyr/libzephyr.a(log_output.c.obj)
 .text.hexdump_line_print
                0x00001de0       0xbc zephyr/libzephyr.a(log_output.c.obj)
 .text.ids_print
                0x00001e9c       0x6c zephyr/libzephyr.a(log_output.c.obj)
 .text.prefix_print
                0x00001f08       0x78 zephyr/libzephyr.a(log_output.c.obj)
 .text.hexdump_print
                0x00001f80       0x54 zephyr/libzephyr.a(log_output.c.obj)
 .text.raw_string_print
                0x00001fd4       0x5c zephyr/libzephyr.a(log_output.c.obj)
 .text.log_output_dropped_process
                0x00002030       0x58 zephyr/libzephyr.a(log_output.c.obj)
                0x00002030                log_output_dropped_process
 .text.log_output_timestamp_freq_set
                0x00002088       0x2c zephyr/libzephyr.a(log_output.c.obj)
                0x00002088                log_output_timestamp_freq_set
 .text.char_out
                0x000020b4       0x24 zephyr/libzephyr.a(log_backend_uart.c.obj)
 .text.log_backend_uart_init
                0x000020d8       0x10 zephyr/libzephyr.a(log_backend_uart.c.obj)
 .text.panic    0x000020e8       0x18 zephyr/libzephyr.a(log_backend_uart.c.obj)
 .text.dropped  0x00002100       0x10 zephyr/libzephyr.a(log_backend_uart.c.obj)
 .text.put      0x00002110       0x20 zephyr/libzephyr.a(log_backend_uart.c.obj)
 .text.log_backend_rtt_init
                0x00002130        0xc zephyr/libzephyr.a(log_backend_rtt.c.obj)
 .text.on_failed_write
                0x0000213c       0x30 zephyr/libzephyr.a(log_backend_rtt.c.obj)
 .text.on_write
                0x0000216c       0x38 zephyr/libzephyr.a(log_backend_rtt.c.obj)
 .text.data_out_block_mode
                0x000021a4       0x88 zephyr/libzephyr.a(log_backend_rtt.c.obj)
 .text.panic    0x0000222c       0x18 zephyr/libzephyr.a(log_backend_rtt.c.obj)
 .text.dropped  0x00002244       0x10 zephyr/libzephyr.a(log_backend_rtt.c.obj)
 .text.put      0x00002254       0x20 zephyr/libzephyr.a(log_backend_rtt.c.obj)
 .text.pm_system_resume
                0x00002274       0xcc zephyr/libzephyr.a(pm.c.obj)
                0x00002274                pm_system_resume
 .text.pm_system_suspend
                0x00002340      0x17c zephyr/libzephyr.a(pm.c.obj)
                0x00002340                pm_system_suspend
 .text.nrf_cc3xx_platform_abort_init
                0x000024bc       0x10 zephyr/libzephyr.a(nrf_cc3xx_platform_abort_zephyr.c.obj)
                0x000024bc                nrf_cc3xx_platform_abort_init
 .text.mutex_unlock_platform
                0x000024cc       0x50 zephyr/libzephyr.a(nrf_cc3xx_platform_mutex_zephyr.c.obj)
 .text.mutex_lock_platform
                0x0000251c       0x5c zephyr/libzephyr.a(nrf_cc3xx_platform_mutex_zephyr.c.obj)
 .text.mutex_free_platform
                0x00002578       0x4c zephyr/libzephyr.a(nrf_cc3xx_platform_mutex_zephyr.c.obj)
 .text.mutex_init_platform
                0x000025c4       0x74 zephyr/libzephyr.a(nrf_cc3xx_platform_mutex_zephyr.c.obj)
 .text.nrf_cc3xx_platform_mutex_init
                0x00002638       0x28 zephyr/libzephyr.a(nrf_cc3xx_platform_mutex_zephyr.c.obj)
                0x00002638                nrf_cc3xx_platform_mutex_init
 .text.z_arm_cpu_idle_init
                0x00002660        0xc zephyr/arch/arch/arm/core/aarch32/libarch__arm__core__aarch32.a(cpu_idle.S.obj)
                0x00002660                z_arm_cpu_idle_init
 .text.arch_cpu_idle
                0x0000266c       0x1c zephyr/arch/arch/arm/core/aarch32/libarch__arm__core__aarch32.a(cpu_idle.S.obj)
                0x0000266c                arch_cpu_idle
 .text.arch_cpu_atomic_idle
                0x00002688       0x14 zephyr/arch/arch/arm/core/aarch32/libarch__arm__core__aarch32.a(cpu_idle.S.obj)
                0x00002688                arch_cpu_atomic_idle
 .text.esf_dump
                0x0000269c       0x9c zephyr/arch/arch/arm/core/aarch32/libarch__arm__core__aarch32.a(fatal.c.obj)
 .text.arch_irq_enable
                0x00002738       0x20 zephyr/arch/arch/arm/core/aarch32/libarch__arm__core__aarch32.a(irq_manage.c.obj)
                0x00002738                arch_irq_enable
 .text.arch_irq_is_enabled
                0x00002758       0x1c zephyr/arch/arch/arm/core/aarch32/libarch__arm__core__aarch32.a(irq_manage.c.obj)
                0x00002758                arch_irq_is_enabled
 .text.z_arm_irq_priority_set
                0x00002774       0x2c zephyr/arch/arch/arm/core/aarch32/libarch__arm__core__aarch32.a(irq_manage.c.obj)
                0x00002774                z_arm_irq_priority_set
 .text.z_SysNmiOnReset
                0x000027a0        0x8 zephyr/arch/arch/arm/core/aarch32/libarch__arm__core__aarch32.a(nmi_on_reset.S.obj)
                0x000027a0                z_SysNmiOnReset
 .text.z_arm_prep_c
                0x000027a8       0x38 zephyr/arch/arch/arm/core/aarch32/libarch__arm__core__aarch32.a(prep_c.c.obj)
                0x000027a8                z_arm_prep_c
 .text.arch_swap
                0x000027e0       0x38 zephyr/arch/arch/arm/core/aarch32/libarch__arm__core__aarch32.a(swap.c.obj)
                0x000027e0                arch_swap
 .text.z_arm_pendsv
                0x00002818       0x58 zephyr/arch/arch/arm/core/aarch32/libarch__arm__core__aarch32.a(swap_helper.S.obj)
                0x00002818                z_arm_pendsv
 .text.z_arm_svc
                0x00002870       0x20 zephyr/arch/arch/arm/core/aarch32/libarch__arm__core__aarch32.a(swap_helper.S.obj)
                0x00002870                z_arm_svc
 .text.arch_new_thread
                0x00002890       0x40 zephyr/arch/arch/arm/core/aarch32/libarch__arm__core__aarch32.a(thread.c.obj)
                0x00002890                arch_new_thread
 .text.z_check_thread_stack_fail
                0x000028d0       0x60 zephyr/arch/arch/arm/core/aarch32/libarch__arm__core__aarch32.a(thread.c.obj)
                0x000028d0                z_check_thread_stack_fail
 .text.arch_switch_to_main_thread
                0x00002930       0x2c zephyr/arch/arch/arm/core/aarch32/libarch__arm__core__aarch32.a(thread.c.obj)
                0x00002930                arch_switch_to_main_thread
 .text._isr_wrapper
                0x0000295c       0x40 zephyr/arch/arch/arm/core/aarch32/libarch__arm__core__aarch32.a(isr_wrapper.S.obj)
                0x0000295c                _isr_wrapper
 .text._HandlerModeExit
                0x0000299c       0x1c zephyr/arch/arch/arm/core/aarch32/cortex_m/libarch__arm__core__aarch32__cortex_m.a(exc_exit.S.obj)
                0x0000299c                z_arm_int_exit
                0x0000299c                z_arm_exc_exit
 .text.usage_fault
                0x000029b8      0x164 zephyr/arch/arch/arm/core/aarch32/cortex_m/libarch__arm__core__aarch32__cortex_m.a(fault.c.obj)
 .text.debug_monitor
                0x00002b1c       0x34 zephyr/arch/arch/arm/core/aarch32/cortex_m/libarch__arm__core__aarch32__cortex_m.a(fault.c.obj)
 .text.bus_fault
                0x00002b50      0x1b0 zephyr/arch/arch/arm/core/aarch32/cortex_m/libarch__arm__core__aarch32__cortex_m.a(fault.c.obj)
 .text.mem_manage_fault
                0x00002d00      0x1c4 zephyr/arch/arch/arm/core/aarch32/cortex_m/libarch__arm__core__aarch32__cortex_m.a(fault.c.obj)
 .text.hard_fault
                0x00002ec4      0x14c zephyr/arch/arch/arm/core/aarch32/cortex_m/libarch__arm__core__aarch32__cortex_m.a(fault.c.obj)
 .text.reserved_exception
                0x00003010       0x48 zephyr/arch/arch/arm/core/aarch32/cortex_m/libarch__arm__core__aarch32__cortex_m.a(fault.c.obj)
 .text.z_arm_fault
                0x00003058       0xc4 zephyr/arch/arch/arm/core/aarch32/cortex_m/libarch__arm__core__aarch32__cortex_m.a(fault.c.obj)
                0x00003058                z_arm_fault
 .text.z_arm_fault_init
                0x0000311c       0x10 zephyr/arch/arch/arm/core/aarch32/cortex_m/libarch__arm__core__aarch32__cortex_m.a(fault.c.obj)
                0x0000311c                z_arm_fault_init
 .text.__fault  0x0000312c       0x14 zephyr/arch/arch/arm/core/aarch32/cortex_m/libarch__arm__core__aarch32__cortex_m.a(fault_s.S.obj)
                0x0000312c                z_arm_usage_fault
                0x0000312c                z_arm_mpu_fault
                0x0000312c                z_arm_exc_spurious
                0x0000312c                z_arm_debug_monitor
                0x0000312c                z_arm_hard_fault
                0x0000312c                z_arm_bus_fault
 .text.z_arm_interrupt_init
                0x00003140       0x34 zephyr/arch/arch/arm/core/aarch32/cortex_m/libarch__arm__core__aarch32__cortex_m.a(irq_init.c.obj)
                0x00003140                z_arm_interrupt_init
 .text._reset_section
                0x00003174       0x54 zephyr/arch/arch/arm/core/aarch32/cortex_m/libarch__arm__core__aarch32__cortex_m.a(reset.S.obj)
                0x00003174                __start
                0x00003174                z_arm_reset
 .text.z_arm_clear_arm_mpu_config
                0x000031c8       0x20 zephyr/arch/arch/arm/core/aarch32/cortex_m/libarch__arm__core__aarch32__cortex_m.a(scb.c.obj)
                0x000031c8                z_arm_clear_arm_mpu_config
 .text.z_arm_init_arch_hw_at_boot
                0x000031e8       0x54 zephyr/arch/arch/arm/core/aarch32/cortex_m/libarch__arm__core__aarch32__cortex_m.a(scb.c.obj)
                0x000031e8                z_arm_init_arch_hw_at_boot
 .text.z_impl_k_thread_abort
                0x0000323c       0x2c zephyr/arch/arch/arm/core/aarch32/cortex_m/libarch__arm__core__aarch32__cortex_m.a(thread_abort.c.obj)
                0x0000323c                z_impl_k_thread_abort
 .text.z_arm_configure_static_mpu_regions
                0x00003268       0x1c zephyr/arch/arch/arm/core/aarch32/mpu/libarch__arm__core__aarch32__mpu.a(arm_core_mpu.c.obj)
                0x00003268                z_arm_configure_static_mpu_regions
 .text.z_arm_configure_dynamic_mpu_regions
                0x00003284       0x24 zephyr/arch/arch/arm/core/aarch32/mpu/libarch__arm__core__aarch32__mpu.a(arm_core_mpu.c.obj)
                0x00003284                z_arm_configure_dynamic_mpu_regions
 .text.region_init
                0x000032a8       0x20 zephyr/arch/arch/arm/core/aarch32/mpu/libarch__arm__core__aarch32__mpu.a(arm_mpu.c.obj)
 .text.region_allocate_and_init
                0x000032c8       0x44 zephyr/arch/arch/arm/core/aarch32/mpu/libarch__arm__core__aarch32__mpu.a(arm_mpu.c.obj)
 .text.mpu_configure_regions
                0x0000330c       0x80 zephyr/arch/arch/arm/core/aarch32/mpu/libarch__arm__core__aarch32__mpu.a(arm_mpu.c.obj)
 .text.mpu_configure_static_mpu_regions
                0x0000338c       0x14 zephyr/arch/arch/arm/core/aarch32/mpu/libarch__arm__core__aarch32__mpu.a(arm_mpu.c.obj)
 .text.mpu_configure_dynamic_mpu_regions
                0x000033a0       0x30 zephyr/arch/arch/arm/core/aarch32/mpu/libarch__arm__core__aarch32__mpu.a(arm_mpu.c.obj)
 .text.arm_core_mpu_enable
                0x000033d0       0x14 zephyr/arch/arch/arm/core/aarch32/mpu/libarch__arm__core__aarch32__mpu.a(arm_mpu.c.obj)
                0x000033d0                arm_core_mpu_enable
 .text.arm_core_mpu_disable
                0x000033e4       0x10 zephyr/arch/arch/arm/core/aarch32/mpu/libarch__arm__core__aarch32__mpu.a(arm_mpu.c.obj)
                0x000033e4                arm_core_mpu_disable
 .text.z_arm_mpu_init
                0x000033f4       0x44 zephyr/arch/arch/arm/core/aarch32/mpu/libarch__arm__core__aarch32__mpu.a(arm_mpu.c.obj)
                0x000033f4                z_arm_mpu_init
 .text.__stdout_hook_install
                0x00003438        0xc zephyr/lib/libc/minimal/liblib__libc__minimal.a(stdout_console.c.obj)
                0x00003438                __stdout_hook_install
 .text.nrf52_errata_197
                0x00003444       0x24 zephyr/soc/arm/nordic_nrf/nrf52/libsoc__arm__nordic_nrf__nrf52.a(soc.c.obj)
 .text.nordicsemi_nrf52_init
                0x00003468       0x4c zephyr/soc/arm/nordic_nrf/nrf52/libsoc__arm__nordic_nrf__nrf52.a(soc.c.obj)
 .text.sys_arch_reboot
                0x000034b4       0x2c zephyr/soc/arm/nordic_nrf/nrf52/libsoc__arm__nordic_nrf__nrf52.a(soc.c.obj)
                0x000034b4                sys_arch_reboot
 .text.arch_busy_wait
                0x000034e0       0x18 zephyr/soc/arm/nordic_nrf/nrf52/libsoc__arm__nordic_nrf__nrf52.a(soc.c.obj)
                0x000034e0                arch_busy_wait
 .text.get_hf_flags
                0x000034f8        0x8 zephyr/drivers/clock_control/libdrivers__clock_control.a(clock_control_nrf.c.obj)
 .text.get_subsys
                0x00003500       0x18 zephyr/drivers/clock_control/libdrivers__clock_control.a(clock_control_nrf.c.obj)
 .text.onoff_stop
                0x00003518       0x20 zephyr/drivers/clock_control/libdrivers__clock_control.a(clock_control_nrf.c.obj)
 .text.onoff_start
                0x00003538       0x34 zephyr/drivers/clock_control/libdrivers__clock_control.a(clock_control_nrf.c.obj)
 .text.clock_event_handler
                0x0000356c       0x34 zephyr/drivers/clock_control/libdrivers__clock_control.a(clock_control_nrf.c.obj)
 .text.generic_hfclk_start
                0x000035a0       0x68 zephyr/drivers/clock_control/libdrivers__clock_control.a(clock_control_nrf.c.obj)
 .text.generic_hfclk_stop
                0x00003608       0x30 zephyr/drivers/clock_control/libdrivers__clock_control.a(clock_control_nrf.c.obj)
 .text.api_blocking_start
                0x00003638       0x38 zephyr/drivers/clock_control/libdrivers__clock_control.a(clock_control_nrf.c.obj)
 .text.clk_init
                0x00003670       0x68 zephyr/drivers/clock_control/libdrivers__clock_control.a(clock_control_nrf.c.obj)
 .text.lfclk_spinwait
                0x000036d8       0xe8 zephyr/drivers/clock_control/libdrivers__clock_control.a(clock_control_nrf.c.obj)
 .text.z_nrf_clock_control_lf_on
                0x000037c0       0x54 zephyr/drivers/clock_control/libdrivers__clock_control.a(clock_control_nrf.c.obj)
                0x000037c0                z_nrf_clock_control_lf_on
 .text.console_out
                0x00003814       0x2c zephyr/drivers/console/libdrivers__console.a(uart_console.c.obj)
 .text.uart_console_hook_install
                0x00003840       0x18 zephyr/drivers/console/libdrivers__console.a(uart_console.c.obj)
 .text.uart_console_init
                0x00003858       0x24 zephyr/drivers/console/libdrivers__console.a(uart_console.c.obj)
 .text.get_drive
                0x0000387c       0x8c zephyr/drivers/gpio/libdrivers__gpio.a(gpio_nrfx.c.obj)
 .text.get_dev  0x00003908       0x1c zephyr/drivers/gpio/libdrivers__gpio.a(gpio_nrfx.c.obj)
 .text.gpio_nrfx_pin_interrupt_configure
                0x00003924       0xc8 zephyr/drivers/gpio/libdrivers__gpio.a(gpio_nrfx.c.obj)
 .text.pin_uninit
                0x000039ec       0x48 zephyr/drivers/gpio/libdrivers__gpio.a(gpio_nrfx.c.obj)
 .text.gpio_nrfx_pin_configure
                0x00003a34      0x104 zephyr/drivers/gpio/libdrivers__gpio.a(gpio_nrfx.c.obj)
 .text.gpio_nrfx_init
                0x00003b38       0x3c zephyr/drivers/gpio/libdrivers__gpio.a(gpio_nrfx.c.obj)
 .text.led_pwm_blink
                0x00003b74      0x10c zephyr/drivers/led/libdrivers__led.a(led_pwm.c.obj)
 .text.led_pwm_init
                0x00003c80       0x88 zephyr/drivers/led/libdrivers__led.a(led_pwm.c.obj)
 .text.pwm_nrfx_get_cycles_per_sec
                0x00003d08       0x10 zephyr/drivers/pwm/libdrivers__pwm.a(pwm_nrfx.c.obj)
 .text.pwm_period_check_and_set
                0x00003d18       0xb0 zephyr/drivers/pwm/libdrivers__pwm.a(pwm_nrfx.c.obj)
 .text.pwm_nrfx_pin_set
                0x00003dc8      0x188 zephyr/drivers/pwm/libdrivers__pwm.a(pwm_nrfx.c.obj)
 .text.pwm_nrfx_init
                0x00003f50       0x78 zephyr/drivers/pwm/libdrivers__pwm.a(pwm_nrfx.c.obj)
 .text.uarte_nrfx_pins_configure
                0x00003fc8      0x19c zephyr/drivers/serial/libdrivers__serial.a(uart_nrfx_uarte.c.obj)
 .text.baudrate_set
                0x00004164      0x150 zephyr/drivers/serial/libdrivers__serial.a(uart_nrfx_uarte.c.obj)
 .text.uarte_nrfx_poll_out
                0x000042b4       0x70 zephyr/drivers/serial/libdrivers__serial.a(uart_nrfx_uarte.c.obj)
 .text.endtx_stoptx_ppi_init
                0x00004324       0x74 zephyr/drivers/serial/libdrivers__serial.a(uart_nrfx_uarte.c.obj)
 .text.set_comparator
                0x00004398       0x14 zephyr/drivers/timer/libdrivers__timer.a(nrf_rtc_timer.c.obj)
 .text.get_comparator
                0x000043ac       0x10 zephyr/drivers/timer/libdrivers__timer.a(nrf_rtc_timer.c.obj)
 .text.event_enable
                0x000043bc       0x14 zephyr/drivers/timer/libdrivers__timer.a(nrf_rtc_timer.c.obj)
 .text.event_disable
                0x000043d0       0x14 zephyr/drivers/timer/libdrivers__timer.a(nrf_rtc_timer.c.obj)
 .text.counter  0x000043e4        0xc zephyr/drivers/timer/libdrivers__timer.a(nrf_rtc_timer.c.obj)
 .text.compare_int_lock
                0x000043f0       0x50 zephyr/drivers/timer/libdrivers__timer.a(nrf_rtc_timer.c.obj)
 .text.channel_processing_check_and_clear
                0x00004440       0x78 zephyr/drivers/timer/libdrivers__timer.a(nrf_rtc_timer.c.obj)
 .text.compare_int_unlock
                0x000044b8       0x60 zephyr/drivers/timer/libdrivers__timer.a(nrf_rtc_timer.c.obj)
 .text.sys_clock_timeout_handler
                0x00004518       0x74 zephyr/drivers/timer/libdrivers__timer.a(nrf_rtc_timer.c.obj)
 .text.z_nrf_rtc_timer_read
                0x0000458c       0x40 zephyr/drivers/timer/libdrivers__timer.a(nrf_rtc_timer.c.obj)
                0x0000458c                z_nrf_rtc_timer_read
 .text.compare_set_nolocks
                0x000045cc       0xa4 zephyr/drivers/timer/libdrivers__timer.a(nrf_rtc_timer.c.obj)
 .text.sys_clock_driver_init
                0x00004670       0x9c zephyr/drivers/timer/libdrivers__timer.a(nrf_rtc_timer.c.obj)
 .text.process_channel
                0x0000470c       0x74 zephyr/drivers/timer/libdrivers__timer.a(nrf_rtc_timer.c.obj)
 .text.rtc_nrf_isr
                0x00004780       0x44 zephyr/drivers/timer/libdrivers__timer.a(nrf_rtc_timer.c.obj)
                0x00004780                rtc_nrf_isr
 .text.sys_clock_set_timeout
                0x000047c4       0x68 zephyr/drivers/timer/libdrivers__timer.a(nrf_rtc_timer.c.obj)
                0x000047c4                sys_clock_set_timeout
 .text.sys_clock_elapsed
                0x0000482c       0x14 zephyr/drivers/timer/libdrivers__timer.a(nrf_rtc_timer.c.obj)
                0x0000482c                sys_clock_elapsed
 .text.k_sys_fatal_error_handler
                0x00004840       0x38 modules/nrf/lib/fatal_error/lib..__nrf__lib__fatal_error.a(fatal_error.c.obj)
                0x00004840                k_sys_fatal_error_handler
 .text.nrf52_errata_36
                0x00004878       0x14 modules/hal_nordic/nrfx/libmodules__hal_nordic__nrfx.a(system_nrf52840.c.obj)
 .text.nrf52_errata_66
                0x0000488c       0x14 modules/hal_nordic/nrfx/libmodules__hal_nordic__nrfx.a(system_nrf52840.c.obj)
 .text.nrf52_errata_98
                0x000048a0       0x28 modules/hal_nordic/nrfx/libmodules__hal_nordic__nrfx.a(system_nrf52840.c.obj)
 .text.nrf52_errata_103
                0x000048c8       0x28 modules/hal_nordic/nrfx/libmodules__hal_nordic__nrfx.a(system_nrf52840.c.obj)
 .text.nrf52_errata_115
                0x000048f0       0x28 modules/hal_nordic/nrfx/libmodules__hal_nordic__nrfx.a(system_nrf52840.c.obj)
 .text.nrf52_errata_120
                0x00004918       0x28 modules/hal_nordic/nrfx/libmodules__hal_nordic__nrfx.a(system_nrf52840.c.obj)
 .text.nrf52_errata_136
                0x00004940       0x14 modules/hal_nordic/nrfx/libmodules__hal_nordic__nrfx.a(system_nrf52840.c.obj)
 .text.nrf52_configuration_249
                0x00004954       0x24 modules/hal_nordic/nrfx/libmodules__hal_nordic__nrfx.a(system_nrf52840.c.obj)
 .text.nvmc_wait
                0x00004978       0x10 modules/hal_nordic/nrfx/libmodules__hal_nordic__nrfx.a(system_nrf52840.c.obj)
                0x00004978                nvmc_wait
 .text.nvmc_config
                0x00004988       0x14 modules/hal_nordic/nrfx/libmodules__hal_nordic__nrfx.a(system_nrf52840.c.obj)
                0x00004988                nvmc_config
 .text.SystemCoreClockUpdate
                0x0000499c       0x10 modules/hal_nordic/nrfx/libmodules__hal_nordic__nrfx.a(system_nrf52840.c.obj)
                0x0000499c                SystemCoreClockUpdate
 .text.SystemInit
                0x000049ac      0x1a8 modules/hal_nordic/nrfx/libmodules__hal_nordic__nrfx.a(system_nrf52840.c.obj)
                0x000049ac                SystemInit
 .text.nrfx_flag32_alloc
                0x00004b54       0x48 modules/hal_nordic/nrfx/libmodules__hal_nordic__nrfx.a(nrfx_flag32_allocator.c.obj)
                0x00004b54                nrfx_flag32_alloc
 .text.nrfx_flag32_free
                0x00004b9c       0x48 modules/hal_nordic/nrfx/libmodules__hal_nordic__nrfx.a(nrfx_flag32_allocator.c.obj)
                0x00004b9c                nrfx_flag32_free
 .text.nrfx_clock_init
                0x00004be4       0x28 modules/hal_nordic/nrfx/libmodules__hal_nordic__nrfx.a(nrfx_clock.c.obj)
                0x00004be4                nrfx_clock_init
 .text.nrfx_clock_start
                0x00004c0c       0x70 modules/hal_nordic/nrfx/libmodules__hal_nordic__nrfx.a(nrfx_clock.c.obj)
                0x00004c0c                nrfx_clock_start
 .text.nrfx_clock_stop
                0x00004c7c      0x118 modules/hal_nordic/nrfx/libmodules__hal_nordic__nrfx.a(nrfx_clock.c.obj)
                0x00004c7c                nrfx_clock_stop
 .text.nrfx_power_clock_irq_handler
                0x00004d94       0x7c modules/hal_nordic/nrfx/libmodules__hal_nordic__nrfx.a(nrfx_clock.c.obj)
                0x00004d94                nrfx_power_clock_irq_handler
 .text.pin_in_use
                0x00004e10       0x14 modules/hal_nordic/nrfx/libmodules__hal_nordic__nrfx.a(nrfx_gpiote.c.obj)
 .text.pin_in_use_by_te
                0x00004e24       0x14 modules/hal_nordic/nrfx/libmodules__hal_nordic__nrfx.a(nrfx_gpiote.c.obj)
 .text.pin_has_trigger
                0x00004e38       0x18 modules/hal_nordic/nrfx/libmodules__hal_nordic__nrfx.a(nrfx_gpiote.c.obj)
 .text.pin_is_output
                0x00004e50       0x14 modules/hal_nordic/nrfx/libmodules__hal_nordic__nrfx.a(nrfx_gpiote.c.obj)
 .text.pin_te_get
                0x00004e64       0x10 modules/hal_nordic/nrfx/libmodules__hal_nordic__nrfx.a(nrfx_gpiote.c.obj)
 .text.handler_in_use
                0x00004e74       0x34 modules/hal_nordic/nrfx/libmodules__hal_nordic__nrfx.a(nrfx_gpiote.c.obj)
 .text.find_handler
                0x00004ea8       0x2c modules/hal_nordic/nrfx/libmodules__hal_nordic__nrfx.a(nrfx_gpiote.c.obj)
 .text.channel_handler_get
                0x00004ed4       0x20 modules/hal_nordic/nrfx/libmodules__hal_nordic__nrfx.a(nrfx_gpiote.c.obj)
 .text.call_handler
                0x00004ef4       0x2c modules/hal_nordic/nrfx/libmodules__hal_nordic__nrfx.a(nrfx_gpiote.c.obj)
 .text.next_sense_cond_call_handler
                0x00004f20       0xb4 modules/hal_nordic/nrfx/libmodules__hal_nordic__nrfx.a(nrfx_gpiote.c.obj)
 .text.latch_pending_read_and_check
                0x00004fd4       0x54 modules/hal_nordic/nrfx/libmodules__hal_nordic__nrfx.a(nrfx_gpiote.c.obj)
 .text.release_handler
                0x00005028       0x44 modules/hal_nordic/nrfx/libmodules__hal_nordic__nrfx.a(nrfx_gpiote.c.obj)
 .text.pin_handler_trigger_uninit
                0x0000506c       0x38 modules/hal_nordic/nrfx/libmodules__hal_nordic__nrfx.a(nrfx_gpiote.c.obj)
 .text.pin_handler_set
                0x000050a4       0x6c modules/hal_nordic/nrfx/libmodules__hal_nordic__nrfx.a(nrfx_gpiote.c.obj)
 .text.port_event_handle
                0x00005110       0xc8 modules/hal_nordic/nrfx/libmodules__hal_nordic__nrfx.a(nrfx_gpiote.c.obj)
 .text.gpiote_evt_handle
                0x000051d8       0x40 modules/hal_nordic/nrfx/libmodules__hal_nordic__nrfx.a(nrfx_gpiote.c.obj)
 .text.nrfx_gpiote_input_configure
                0x00005218      0x16c modules/hal_nordic/nrfx/libmodules__hal_nordic__nrfx.a(nrfx_gpiote.c.obj)
                0x00005218                nrfx_gpiote_input_configure
 .text.nrfx_gpiote_output_configure
                0x00005384      0x180 modules/hal_nordic/nrfx/libmodules__hal_nordic__nrfx.a(nrfx_gpiote.c.obj)
                0x00005384                nrfx_gpiote_output_configure
 .text.nrfx_gpiote_global_callback_set
                0x00005504        0xc modules/hal_nordic/nrfx/libmodules__hal_nordic__nrfx.a(nrfx_gpiote.c.obj)
                0x00005504                nrfx_gpiote_global_callback_set
 .text.nrfx_gpiote_channel_get
                0x00005510       0x30 modules/hal_nordic/nrfx/libmodules__hal_nordic__nrfx.a(nrfx_gpiote.c.obj)
                0x00005510                nrfx_gpiote_channel_get
 .text.nrfx_gpiote_init
                0x00005540       0x54 modules/hal_nordic/nrfx/libmodules__hal_nordic__nrfx.a(nrfx_gpiote.c.obj)
                0x00005540                nrfx_gpiote_init
 .text.nrfx_gpiote_is_init
                0x00005594       0x14 modules/hal_nordic/nrfx/libmodules__hal_nordic__nrfx.a(nrfx_gpiote.c.obj)
                0x00005594                nrfx_gpiote_is_init
 .text.nrfx_gpiote_channel_free
                0x000055a8       0x10 modules/hal_nordic/nrfx/libmodules__hal_nordic__nrfx.a(nrfx_gpiote.c.obj)
                0x000055a8                nrfx_gpiote_channel_free
 .text.nrfx_gpiote_channel_alloc
                0x000055b8       0x10 modules/hal_nordic/nrfx/libmodules__hal_nordic__nrfx.a(nrfx_gpiote.c.obj)
                0x000055b8                nrfx_gpiote_channel_alloc
 .text.nrfx_gpiote_trigger_enable
                0x000055c8       0xc8 modules/hal_nordic/nrfx/libmodules__hal_nordic__nrfx.a(nrfx_gpiote.c.obj)
                0x000055c8                nrfx_gpiote_trigger_enable
 .text.nrfx_gpiote_trigger_disable
                0x00005690       0x60 modules/hal_nordic/nrfx/libmodules__hal_nordic__nrfx.a(nrfx_gpiote.c.obj)
                0x00005690                nrfx_gpiote_trigger_disable
 .text.nrfx_gpiote_pin_uninit
                0x000056f0       0x48 modules/hal_nordic/nrfx/libmodules__hal_nordic__nrfx.a(nrfx_gpiote.c.obj)
                0x000056f0                nrfx_gpiote_pin_uninit
 .text.nrfx_gpiote_irq_handler
                0x00005738       0x60 modules/hal_nordic/nrfx/libmodules__hal_nordic__nrfx.a(nrfx_gpiote.c.obj)
                0x00005738                nrfx_gpiote_irq_handler
 .text.nrfx_ppi_channel_alloc
                0x00005798       0x10 modules/hal_nordic/nrfx/libmodules__hal_nordic__nrfx.a(nrfx_ppi.c.obj)
                0x00005798                nrfx_ppi_channel_alloc
 .text.configure_pins
                0x000057a8       0xdc modules/hal_nordic/nrfx/libmodules__hal_nordic__nrfx.a(nrfx_pwm.c.obj)
 .text.nrfx_pwm_init
                0x00005884       0xc8 modules/hal_nordic/nrfx/libmodules__hal_nordic__nrfx.a(nrfx_pwm.c.obj)
                0x00005884                nrfx_pwm_init
 .text.nrfx_pwm_simple_playback
                0x0000594c       0x84 modules/hal_nordic/nrfx/libmodules__hal_nordic__nrfx.a(nrfx_pwm.c.obj)
                0x0000594c                nrfx_pwm_simple_playback
 .text.nrfx_pwm_is_stopped
                0x000059d0       0x38 modules/hal_nordic/nrfx/libmodules__hal_nordic__nrfx.a(nrfx_pwm.c.obj)
                0x000059d0                nrfx_pwm_is_stopped
 .text._DoInit  0x00005a08       0x60 modules/segger/libmodules__segger.a(SEGGER_RTT.c.obj)
 .text.SEGGER_RTT_WriteSkipNoLock
                0x00005a68       0xc8 modules/segger/libmodules__segger.a(SEGGER_RTT.c.obj)
                0x00005a68                SEGGER_RTT_WriteSkipNoLock
 .text.SEGGER_RTT_HasDataUp
                0x00005b30       0x20 modules/segger/libmodules__segger.a(SEGGER_RTT.c.obj)
                0x00005b30                SEGGER_RTT_HasDataUp
 .text.z_device_state_init
                0x00005b50       0x18 zephyr/kernel/libkernel.a(device.c.obj)
                0x00005b50                z_device_state_init
 .text.z_sys_init_run_level
                0x00005b68       0x50 zephyr/kernel/libkernel.a(device.c.obj)
                0x00005b68                z_sys_init_run_level
 .text.z_impl_device_get_binding
                0x00005bb8       0x64 zephyr/kernel/libkernel.a(device.c.obj)
                0x00005bb8                z_impl_device_get_binding
 .text.reason_to_str
                0x00005c1c       0x40 zephyr/kernel/libkernel.a(fatal.c.obj)
 .text.thread_name_get
                0x00005c5c       0x20 zephyr/kernel/libkernel.a(fatal.c.obj)
 .text.z_fatal_error
                0x00005c7c       0xdc zephyr/kernel/libkernel.a(fatal.c.obj)
                0x00005c7c                z_fatal_error
 .text.init_idle_thread
                0x00005d58       0x70 zephyr/kernel/libkernel.a(init.c.obj)
 .text.prepare_multithreading
                0x00005dc8       0x94 zephyr/kernel/libkernel.a(init.c.obj)
 .text.bg_thread_main
                0x00005e5c       0x34 zephyr/kernel/libkernel.a(init.c.obj)
 .text.switch_to_main_thread
                0x00005e90       0x14 zephyr/kernel/libkernel.a(init.c.obj)
 .text.z_bss_zero
                0x00005ea4       0x18 zephyr/kernel/libkernel.a(init.c.obj)
                0x00005ea4                z_bss_zero
 .text.z_cstart
                0x00005ebc       0x88 zephyr/kernel/libkernel.a(init.c.obj)
                0x00005ebc                z_cstart
 .text.init_mem_slab_module
                0x00005f44       0x24 zephyr/kernel/libkernel.a(mem_slab.c.obj)
 .text.k_mem_slab_alloc
                0x00005f68       0x6c zephyr/kernel/libkernel.a(mem_slab.c.obj)
                0x00005f68                k_mem_slab_alloc
 .text.z_thread_monitor_exit
                0x00005fd4       0x40 zephyr/kernel/libkernel.a(thread.c.obj)
                0x00005fd4                z_thread_monitor_exit
 .text.z_impl_k_thread_name_set
                0x00006014       0x24 zephyr/kernel/libkernel.a(thread.c.obj)
                0x00006014                z_impl_k_thread_name_set
 .text.schedule_new_thread
                0x00006038       0x24 zephyr/kernel/libkernel.a(thread.c.obj)
 .text.z_setup_new_thread
                0x0000605c       0xc8 zephyr/kernel/libkernel.a(thread.c.obj)
                0x0000605c                z_setup_new_thread
 .text.z_init_static_threads
                0x00006124       0x9c zephyr/kernel/libkernel.a(thread.c.obj)
                0x00006124                z_init_static_threads
 .text.idle     0x000061c0       0x30 zephyr/kernel/libkernel.a(idle.c.obj)
                0x000061c0                idle
 .text.z_impl_k_mutex_lock
                0x000061f0      0x114 zephyr/kernel/libkernel.a(mutex.c.obj)
                0x000061f0                z_impl_k_mutex_lock
 .text.z_impl_k_mutex_unlock
                0x00006304       0x88 zephyr/kernel/libkernel.a(mutex.c.obj)
                0x00006304                z_impl_k_mutex_unlock
 .text.z_impl_k_sem_give
                0x0000638c       0x48 zephyr/kernel/libkernel.a(sem.c.obj)
                0x0000638c                z_impl_k_sem_give
 .text.z_impl_k_sem_take
                0x000063d4       0x54 zephyr/kernel/libkernel.a(sem.c.obj)
                0x000063d4                z_impl_k_sem_take
 .text.add_thread_timeout
                0x00006428       0x20 zephyr/kernel/libkernel.a(sched.c.obj)
 .text.z_reset_time_slice
                0x00006448       0x2c zephyr/kernel/libkernel.a(sched.c.obj)
                0x00006448                z_reset_time_slice
 .text.k_sched_time_slice_set
                0x00006474       0x78 zephyr/kernel/libkernel.a(sched.c.obj)
                0x00006474                k_sched_time_slice_set
 .text.z_reschedule
                0x000064ec       0x38 zephyr/kernel/libkernel.a(sched.c.obj)
                0x000064ec                z_reschedule
 .text.k_sched_lock
                0x00006524       0x30 zephyr/kernel/libkernel.a(sched.c.obj)
                0x00006524                k_sched_lock
 .text.update_cache
                0x00006554       0x4c zephyr/kernel/libkernel.a(sched.c.obj)
 .text.move_thread_to_end_of_prio_q
                0x000065a0       0x88 zephyr/kernel/libkernel.a(sched.c.obj)
 .text.z_time_slice
                0x00006628       0x98 zephyr/kernel/libkernel.a(sched.c.obj)
                0x00006628                z_time_slice
 .text.ready_thread
                0x000066c0       0x80 zephyr/kernel/libkernel.a(sched.c.obj)
 .text.z_sched_start
                0x00006740       0x3c zephyr/kernel/libkernel.a(sched.c.obj)
                0x00006740                z_sched_start
 .text.unready_thread
                0x0000677c       0x38 zephyr/kernel/libkernel.a(sched.c.obj)
 .text.z_pend_curr
                0x000067b4       0x28 zephyr/kernel/libkernel.a(sched.c.obj)
                0x000067b4                z_pend_curr
 .text.z_set_prio
                0x000067dc       0xc0 zephyr/kernel/libkernel.a(sched.c.obj)
                0x000067dc                z_set_prio
 .text.z_impl_k_thread_suspend
                0x0000689c       0x84 zephyr/kernel/libkernel.a(sched.c.obj)
                0x0000689c                z_impl_k_thread_suspend
 .text.k_sched_unlock
                0x00006920       0x4c zephyr/kernel/libkernel.a(sched.c.obj)
                0x00006920                k_sched_unlock
 .text.end_thread
                0x0000696c       0x9c zephyr/kernel/libkernel.a(sched.c.obj)
 .text.z_sched_init
                0x00006a08       0x18 zephyr/kernel/libkernel.a(sched.c.obj)
                0x00006a08                z_sched_init
 .text.z_impl_k_yield
                0x00006a20       0x88 zephyr/kernel/libkernel.a(sched.c.obj)
                0x00006a20                z_impl_k_yield
 .text.z_tick_sleep
                0x00006aa8       0xa0 zephyr/kernel/libkernel.a(sched.c.obj)
 .text.z_impl_k_sleep
                0x00006b48       0x58 zephyr/kernel/libkernel.a(sched.c.obj)
                0x00006b48                z_impl_k_sleep
 .text.z_impl_z_current_get
                0x00006ba0        0xc zephyr/kernel/libkernel.a(sched.c.obj)
                0x00006ba0                z_impl_z_current_get
 .text.z_thread_abort
                0x00006bac       0x50 zephyr/kernel/libkernel.a(sched.c.obj)
                0x00006bac                z_thread_abort
 .text.z_data_copy
                0x00006bfc       0x34 zephyr/kernel/libkernel.a(xip.c.obj)
                0x00006bfc                z_data_copy
 .text.first    0x00006c30       0x14 zephyr/kernel/libkernel.a(timeout.c.obj)
 .text.next     0x00006c44       0x18 zephyr/kernel/libkernel.a(timeout.c.obj)
 .text.elapsed  0x00006c5c       0x18 zephyr/kernel/libkernel.a(timeout.c.obj)
 .text.next_timeout
                0x00006c74       0x4c zephyr/kernel/libkernel.a(timeout.c.obj)
 .text.z_add_timeout
                0x00006cc0      0x154 zephyr/kernel/libkernel.a(timeout.c.obj)
                0x00006cc0                z_add_timeout
 .text.sys_clock_announce
                0x00006e14       0xc4 zephyr/kernel/libkernel.a(timeout.c.obj)
                0x00006e14                sys_clock_announce
 .text.sys_clock_tick_get
                0x00006ed8       0x40 zephyr/kernel/libkernel.a(timeout.c.obj)
                0x00006ed8                sys_clock_tick_get
 .text.z_timer_expiration_handler
                0x00006f18       0x94 zephyr/kernel/libkernel.a(timer.c.obj)
                0x00006f18                z_timer_expiration_handler
 .text.z_impl_k_timer_start
                0x00006fac       0xe0 zephyr/kernel/libkernel.a(timer.c.obj)
                0x00006fac                z_impl_k_timer_start
 .text.boot_banner
                0x0000708c       0x1c zephyr/kernel/libkernel.a(banner.c.obj)
                0x0000708c                boot_banner
 .text.nrf_cc3xx_platform_init_no_rng
                0x000070a8       0x38 C:/Users/eidos/ncs/v1.9.1/nrfxlib/crypto/nrf_cc310_platform/lib/cortex-m4/soft-float/no-interrupts/libnrf_cc310_platform_0.9.13.a(nrf_cc3xx_platform.c.obj)
                0x000070a8                nrf_cc3xx_platform_init_no_rng
 .text.nrf_cc3xx_platform_abort
                0x000070e0       0x24 C:/Users/eidos/ncs/v1.9.1/nrfxlib/crypto/nrf_cc310_platform/lib/cortex-m4/soft-float/no-interrupts/libnrf_cc310_platform_0.9.13.a(nrf_cc3xx_platform_abort.c.obj)
 .text.CC_PalAbort
                0x00007104       0x40 C:/Users/eidos/ncs/v1.9.1/nrfxlib/crypto/nrf_cc310_platform/lib/cortex-m4/soft-float/no-interrupts/libnrf_cc310_platform_0.9.13.a(nrf_cc3xx_platform_abort.c.obj)
                0x00007104                CC_PalAbort
 .text.nrf_cc3xx_platform_set_abort
                0x00007144       0x10 C:/Users/eidos/ncs/v1.9.1/nrfxlib/crypto/nrf_cc310_platform/lib/cortex-m4/soft-float/no-interrupts/libnrf_cc310_platform_0.9.13.a(nrf_cc3xx_platform_abort.c.obj)
                0x00007144                nrf_cc3xx_platform_set_abort
 .text.mutex_free
                0x00007154       0x28 C:/Users/eidos/ncs/v1.9.1/nrfxlib/crypto/nrf_cc310_platform/lib/cortex-m4/soft-float/no-interrupts/libnrf_cc310_platform_0.9.13.a(nrf_cc3xx_platform_mutex.c.obj)
 .text.mutex_unlock
                0x0000717c       0x2c C:/Users/eidos/ncs/v1.9.1/nrfxlib/crypto/nrf_cc310_platform/lib/cortex-m4/soft-float/no-interrupts/libnrf_cc310_platform_0.9.13.a(nrf_cc3xx_platform_mutex.c.obj)
 .text.mutex_init
                0x000071a8       0x1c C:/Users/eidos/ncs/v1.9.1/nrfxlib/crypto/nrf_cc310_platform/lib/cortex-m4/soft-float/no-interrupts/libnrf_cc310_platform_0.9.13.a(nrf_cc3xx_platform_mutex.c.obj)
 .text.mutex_lock
                0x000071c4       0x44 C:/Users/eidos/ncs/v1.9.1/nrfxlib/crypto/nrf_cc310_platform/lib/cortex-m4/soft-float/no-interrupts/libnrf_cc310_platform_0.9.13.a(nrf_cc3xx_platform_mutex.c.obj)
 .text.nrf_cc3xx_platform_set_mutexes
                0x00007208       0x60 C:/Users/eidos/ncs/v1.9.1/nrfxlib/crypto/nrf_cc310_platform/lib/cortex-m4/soft-float/no-interrupts/libnrf_cc310_platform_0.9.13.a(nrf_cc3xx_platform_mutex.c.obj)
                0x00007208                nrf_cc3xx_platform_set_mutexes
 .text.CC_LibInitNoRng
                0x00007268       0x6c C:/Users/eidos/ncs/v1.9.1/nrfxlib/crypto/nrf_cc310_platform/lib/cortex-m4/soft-float/no-interrupts/libnrf_cc310_platform_0.9.13.a(cc_lib.c.obj)
                0x00007268                CC_LibInitNoRng
 .text.CC_HalInit
                0x000072d4        0x4 C:/Users/eidos/ncs/v1.9.1/nrfxlib/crypto/nrf_cc310_platform/lib/cortex-m4/soft-float/no-interrupts/libnrf_cc310_platform_0.9.13.a(cc_hal.c.obj)
                0x000072d4                CC_HalInit
 .text.CC_HalTerminate
                0x000072d8        0x4 C:/Users/eidos/ncs/v1.9.1/nrfxlib/crypto/nrf_cc310_platform/lib/cortex-m4/soft-float/no-interrupts/libnrf_cc310_platform_0.9.13.a(cc_hal.c.obj)
                0x000072d8                CC_HalTerminate
 .text.CC_HalMaskInterrupt
                0x000072dc        0xc C:/Users/eidos/ncs/v1.9.1/nrfxlib/crypto/nrf_cc310_platform/lib/cortex-m4/soft-float/no-interrupts/libnrf_cc310_platform_0.9.13.a(cc_hal.c.obj)
                0x000072dc                CC_HalMaskInterrupt
 .text.CC_PalInit
                0x000072e8       0x5c C:/Users/eidos/ncs/v1.9.1/nrfxlib/crypto/nrf_cc310_platform/lib/cortex-m4/soft-float/no-interrupts/libnrf_cc310_platform_0.9.13.a(cc_pal.c.obj)
                0x000072e8                CC_PalInit
 .text.CC_PalTerminate
                0x00007344       0x34 C:/Users/eidos/ncs/v1.9.1/nrfxlib/crypto/nrf_cc310_platform/lib/cortex-m4/soft-float/no-interrupts/libnrf_cc310_platform_0.9.13.a(cc_pal.c.obj)
                0x00007344                CC_PalTerminate
 .text.CC_PalDmaInit
                0x00007378        0x4 C:/Users/eidos/ncs/v1.9.1/nrfxlib/crypto/nrf_cc310_platform/lib/cortex-m4/soft-float/no-interrupts/libnrf_cc310_platform_0.9.13.a(cc_pal_dma.c.obj)
                0x00007378                CC_PalDmaInit
 .text.CC_PalDmaTerminate
                0x0000737c        0x4 C:/Users/eidos/ncs/v1.9.1/nrfxlib/crypto/nrf_cc310_platform/lib/cortex-m4/soft-float/no-interrupts/libnrf_cc310_platform_0.9.13.a(cc_pal_dma.c.obj)
                0x0000737c                CC_PalDmaTerminate
 .text.CC_PalMutexCreate
                0x00007380       0x14 C:/Users/eidos/ncs/v1.9.1/nrfxlib/crypto/nrf_cc310_platform/lib/cortex-m4/soft-float/no-interrupts/libnrf_cc310_platform_0.9.13.a(cc_pal_mutex.c.obj)
                0x00007380                CC_PalMutexCreate
 .text.CC_PalMutexDestroy
                0x00007394       0x14 C:/Users/eidos/ncs/v1.9.1/nrfxlib/crypto/nrf_cc310_platform/lib/cortex-m4/soft-float/no-interrupts/libnrf_cc310_platform_0.9.13.a(cc_pal_mutex.c.obj)
                0x00007394                CC_PalMutexDestroy
 .text.CC_PalPowerSaveModeInit
                0x000073a8       0x3c C:/Users/eidos/ncs/v1.9.1/nrfxlib/crypto/nrf_cc310_platform/lib/cortex-m4/soft-float/no-interrupts/libnrf_cc310_platform_0.9.13.a(cc_pal_pm.c.obj)
                0x000073a8                CC_PalPowerSaveModeInit
 .text.CC_PalPowerSaveModeSelect
                0x000073e4       0x84 C:/Users/eidos/ncs/v1.9.1/nrfxlib/crypto/nrf_cc310_platform/lib/cortex-m4/soft-float/no-interrupts/libnrf_cc310_platform_0.9.13.a(cc_pal_pm.c.obj)
                0x000073e4                CC_PalPowerSaveModeSelect
 .text.sys_notify_validate
                0x00007468       0x2e zephyr/libzephyr.a(notify.c.obj)
                0x00007468                sys_notify_validate
 .text.sys_notify_finalize
                0x00007496       0x1a zephyr/libzephyr.a(notify.c.obj)
                0x00007496                sys_notify_finalize
 .text.arch_printk_char_out
                0x000074b0        0x4 zephyr/libzephyr.a(printk.c.obj)
                0x000074b0                arch_printk_char_out
 .text.str_out  0x000074b4       0x30 zephyr/libzephyr.a(printk.c.obj)
 .text.printk   0x000074e4       0x1c zephyr/libzephyr.a(printk.c.obj)
                0x000074e4                printk
 .text.snprintk
                0x00007500       0x1c zephyr/libzephyr.a(printk.c.obj)
                0x00007500                snprintk
 .text.set_state
                0x0000751c       0x10 zephyr/libzephyr.a(onoff.c.obj)
 .text.notify_monitors
                0x0000752c       0x3e zephyr/libzephyr.a(onoff.c.obj)
 .text.process_recheck
                0x0000756a       0x32 zephyr/libzephyr.a(onoff.c.obj)
 .text.process_complete
                0x0000759c       0x9a zephyr/libzephyr.a(onoff.c.obj)
 .text.validate_args
                0x00007636       0x2c zephyr/libzephyr.a(onoff.c.obj)
 .text.notify_one
                0x00007662       0x26 zephyr/libzephyr.a(onoff.c.obj)
 .text.notify_all
                0x00007688       0x2e zephyr/libzephyr.a(onoff.c.obj)
 .text.transition_complete
                0x000076b6       0x1c zephyr/libzephyr.a(onoff.c.obj)
 .text.onoff_manager_init
                0x000076d2       0x38 zephyr/libzephyr.a(onoff.c.obj)
                0x000076d2                onoff_manager_init
 .text.onoff_request
                0x0000770a       0xb8 zephyr/libzephyr.a(onoff.c.obj)
                0x0000770a                onoff_request
 .text.z_thread_entry
                0x000077c2       0x14 zephyr/libzephyr.a(thread_entry.c.obj)
                0x000077c2                z_thread_entry
 .text.extract_decimal
                0x000077d6       0x26 zephyr/libzephyr.a(cbprintf_complete.c.obj)
 .text.encode_uint
                0x000077fc       0xd4 zephyr/libzephyr.a(cbprintf_complete.c.obj)
 .text.outs     0x000078d0       0x34 zephyr/libzephyr.a(cbprintf_complete.c.obj)
 .text._ConfigAbsSyms
                0x00007904        0x2 zephyr/libzephyr.a(configs.c.obj)
                0x00007904                _ConfigAbsSyms
 .text.log_list_init
                0x00007906        0x8 zephyr/libzephyr.a(log_list.c.obj)
                0x00007906                log_list_init
 .text.log_list_add_tail
                0x0000790e       0x14 zephyr/libzephyr.a(log_list.c.obj)
                0x0000790e                log_list_add_tail
 .text.log_list_head_peek
                0x00007922        0x4 zephyr/libzephyr.a(log_list.c.obj)
                0x00007922                log_list_head_peek
 .text.log_list_head_get
                0x00007926        0xc zephyr/libzephyr.a(log_list.c.obj)
                0x00007926                log_list_head_get
 .text.dummy_timestamp
                0x00007932        0x4 zephyr/libzephyr.a(log_core.c.obj)
 .text.msg_filter_check
                0x00007936        0x4 zephyr/libzephyr.a(log_core.c.obj)
 .text.default_get_timestamp
                0x0000793a        0x8 zephyr/libzephyr.a(log_core.c.obj)
 .text.z_log_get_s_mask
                0x00007942       0x42 zephyr/libzephyr.a(log_core.c.obj)
                0x00007942                z_log_get_s_mask
 .text.z_log_get_tag
                0x00007984        0x4 zephyr/libzephyr.a(log_core.c.obj)
                0x00007984                z_log_get_tag
 .text.block_on_alloc
                0x00007988        0x4 zephyr/libzephyr.a(log_msg.c.obj)
 .text.cont_arg_get
                0x0000798c       0x24 zephyr/libzephyr.a(log_msg.c.obj)
 .text.log_msg_hexdump_data_op
                0x000079b0       0xbe zephyr/libzephyr.a(log_msg.c.obj)
 .text.log_msg_get
                0x00007a6e       0x1a zephyr/libzephyr.a(log_msg.c.obj)
                0x00007a6e                log_msg_get
 .text.log_msg_nargs_get
                0x00007a88        0x6 zephyr/libzephyr.a(log_msg.c.obj)
                0x00007a88                log_msg_nargs_get
 .text.log_msg_arg_get
                0x00007a8e       0x24 zephyr/libzephyr.a(log_msg.c.obj)
                0x00007a8e                log_msg_arg_get
 .text.log_msg_str_get
                0x00007ab2        0x4 zephyr/libzephyr.a(log_msg.c.obj)
                0x00007ab2                log_msg_str_get
 .text.log_msg_put
                0x00007ab6       0x26 zephyr/libzephyr.a(log_msg.c.obj)
                0x00007ab6                log_msg_put
 .text.log_msg_hexdump_data_get
                0x00007adc       0x10 zephyr/libzephyr.a(log_msg.c.obj)
                0x00007adc                log_msg_hexdump_data_get
 .text.buffer_write
                0x00007aec       0x1a zephyr/libzephyr.a(log_output.c.obj)
 .text.color_prefix
                0x00007b06        0xc zephyr/libzephyr.a(log_output.c.obj)
 .text.color_postfix
                0x00007b12        0xc zephyr/libzephyr.a(log_output.c.obj)
 .text.postfix_print
                0x00007b1e       0x18 zephyr/libzephyr.a(log_output.c.obj)
 .text.std_print
                0x00007b36      0x2b6 zephyr/libzephyr.a(log_output.c.obj)
 .text.log_output_flush
                0x00007dec       0x1a zephyr/libzephyr.a(log_output.c.obj)
                0x00007dec                log_output_flush
 .text.out_func
                0x00007e06       0x38 zephyr/libzephyr.a(log_output.c.obj)
 .text.log_output_msg_process
                0x00007e3e       0x7e zephyr/libzephyr.a(log_output.c.obj)
                0x00007e3e                log_output_msg_process
 .text.pm_policy_next_state
                0x00007ebc        0xa zephyr/libzephyr.a(residency.c.obj)
                0x00007ebc                pm_policy_next_state
 .text.abort_function
                0x00007ec6        0x8 zephyr/libzephyr.a(nrf_cc3xx_platform_abort_zephyr.c.obj)
 .text.z_arm_fatal_error
                0x00007ece       0x18 zephyr/arch/arch/arm/core/aarch32/libarch__arm__core__aarch32.a(fatal.c.obj)
                0x00007ece                z_arm_fatal_error
 .text.z_do_kernel_oops
                0x00007ee6        0xc zephyr/arch/arch/arm/core/aarch32/libarch__arm__core__aarch32.a(fatal.c.obj)
                0x00007ee6                z_do_kernel_oops
 .text.z_irq_spurious
                0x00007ef2        0xc zephyr/arch/arch/arm/core/aarch32/libarch__arm__core__aarch32.a(irq_manage.c.obj)
                0x00007ef2                z_irq_spurious
 .text.z_arm_nmi
                0x00007efe        0xc zephyr/arch/arch/arm/core/aarch32/libarch__arm__core__aarch32.a(nmi.c.obj)
                0x00007efe                z_arm_nmi
 .text.memory_fault_recoverable
                0x00007f0a        0x4 zephyr/arch/arch/arm/core/aarch32/cortex_m/libarch__arm__core__aarch32__cortex_m.a(fault.c.obj)
 .text.fault_handle
                0x00007f0e       0x4a zephyr/arch/arch/arm/core/aarch32/cortex_m/libarch__arm__core__aarch32__cortex_m.a(fault.c.obj)
 .text.mpu_partition_is_valid
                0x00007f58       0x22 zephyr/arch/arch/arm/core/aarch32/mpu/libarch__arm__core__aarch32__mpu.a(arm_mpu.c.obj)
 .text.mpu_configure_region
                0x00007f7a       0x3e zephyr/arch/arch/arm/core/aarch32/mpu/libarch__arm__core__aarch32__mpu.a(arm_mpu.c.obj)
 .text.arm_core_mpu_configure_static_mpu_regions
                0x00007fb8        0x8 zephyr/arch/arch/arm/core/aarch32/mpu/libarch__arm__core__aarch32__mpu.a(arm_mpu.c.obj)
                0x00007fb8                arm_core_mpu_configure_static_mpu_regions
 .text.arm_core_mpu_configure_dynamic_mpu_regions
                0x00007fc0        0x8 zephyr/arch/arch/arm/core/aarch32/mpu/libarch__arm__core__aarch32__mpu.a(arm_mpu.c.obj)
                0x00007fc0                arm_core_mpu_configure_dynamic_mpu_regions
 .text.strcpy   0x00007fc8       0x12 zephyr/lib/libc/minimal/liblib__libc__minimal.a(string.c.obj)
                0x00007fc8                strcpy
 .text.strncpy  0x00007fda       0x34 zephyr/lib/libc/minimal/liblib__libc__minimal.a(string.c.obj)
                0x00007fda                strncpy
 .text.strlen   0x0000800e       0x10 zephyr/lib/libc/minimal/liblib__libc__minimal.a(string.c.obj)
                0x0000800e                strlen
 .text.strnlen  0x0000801e       0x14 zephyr/lib/libc/minimal/liblib__libc__minimal.a(string.c.obj)
                0x0000801e                strnlen
 .text.strcmp   0x00008032       0x14 zephyr/lib/libc/minimal/liblib__libc__minimal.a(string.c.obj)
                0x00008032                strcmp
 .text.memcpy   0x00008046       0x48 zephyr/lib/libc/minimal/liblib__libc__minimal.a(string.c.obj)
                0x00008046                memcpy
 .text.memset   0x0000808e       0x3a zephyr/lib/libc/minimal/liblib__libc__minimal.a(string.c.obj)
                0x0000808e                memset
 .text._stdout_hook_default
                0x000080c8        0x6 zephyr/lib/libc/minimal/liblib__libc__minimal.a(stdout_console.c.obj)
 .text.pm_power_state_set
                0x000080ce       0x26 zephyr/soc/arm/nordic_nrf/nrf52/libsoc__arm__nordic_nrf__nrf52.a(power.c.obj)
                0x000080ce                pm_power_state_set
 .text.pm_power_state_exit_post_ops
                0x000080f4       0x16 zephyr/soc/arm/nordic_nrf/nrf52/libsoc__arm__nordic_nrf__nrf52.a(power.c.obj)
                0x000080f4                pm_power_state_exit_post_ops
 .text.get_sub_data
                0x0000810a        0xe zephyr/drivers/clock_control/libdrivers__clock_control.a(clock_control_nrf.c.obj)
 .text.get_sub_config
                0x00008118        0xc zephyr/drivers/clock_control/libdrivers__clock_control.a(clock_control_nrf.c.obj)
 .text.get_onoff_manager
                0x00008124        0xc zephyr/drivers/clock_control/libdrivers__clock_control.a(clock_control_nrf.c.obj)
 .text.get_status
                0x00008130       0x10 zephyr/drivers/clock_control/libdrivers__clock_control.a(clock_control_nrf.c.obj)
 .text.set_off_state
                0x00008140       0x32 zephyr/drivers/clock_control/libdrivers__clock_control.a(clock_control_nrf.c.obj)
 .text.set_starting_state
                0x00008172       0x40 zephyr/drivers/clock_control/libdrivers__clock_control.a(clock_control_nrf.c.obj)
 .text.set_on_state
                0x000081b2       0x26 zephyr/drivers/clock_control/libdrivers__clock_control.a(clock_control_nrf.c.obj)
 .text.clkstarted_handle
                0x000081d8       0x24 zephyr/drivers/clock_control/libdrivers__clock_control.a(clock_control_nrf.c.obj)
 .text.stop     0x000081fc       0x2a zephyr/drivers/clock_control/libdrivers__clock_control.a(clock_control_nrf.c.obj)
 .text.api_stop
                0x00008226        0xa zephyr/drivers/clock_control/libdrivers__clock_control.a(clock_control_nrf.c.obj)
 .text.async_start
                0x00008230       0x38 zephyr/drivers/clock_control/libdrivers__clock_control.a(clock_control_nrf.c.obj)
 .text.api_start
                0x00008268       0x10 zephyr/drivers/clock_control/libdrivers__clock_control.a(clock_control_nrf.c.obj)
 .text.onoff_started_callback
                0x00008278       0x10 zephyr/drivers/clock_control/libdrivers__clock_control.a(clock_control_nrf.c.obj)
 .text.hfclk_start
                0x00008288        0xa zephyr/drivers/clock_control/libdrivers__clock_control.a(clock_control_nrf.c.obj)
 .text.lfclk_start
                0x00008292        0xa zephyr/drivers/clock_control/libdrivers__clock_control.a(clock_control_nrf.c.obj)
 .text.hfclk_stop
                0x0000829c        0xa zephyr/drivers/clock_control/libdrivers__clock_control.a(clock_control_nrf.c.obj)
 .text.lfclk_stop
                0x000082a6        0xa zephyr/drivers/clock_control/libdrivers__clock_control.a(clock_control_nrf.c.obj)
 .text.blocking_start_callback
                0x000082b0        0xa zephyr/drivers/clock_control/libdrivers__clock_control.a(clock_control_nrf.c.obj)
 .text.get_pull
                0x000082ba       0x18 zephyr/drivers/gpio/libdrivers__gpio.a(gpio_nrfx.c.obj)
 .text.gpio_nrfx_port_get_raw
                0x000082d2        0xe zephyr/drivers/gpio/libdrivers__gpio.a(gpio_nrfx.c.obj)
 .text.gpio_nrfx_port_set_masked_raw
                0x000082e0       0x16 zephyr/drivers/gpio/libdrivers__gpio.a(gpio_nrfx.c.obj)
 .text.gpio_nrfx_port_set_bits_raw
                0x000082f6        0xc zephyr/drivers/gpio/libdrivers__gpio.a(gpio_nrfx.c.obj)
 .text.gpio_nrfx_port_clear_bits_raw
                0x00008302        0xc zephyr/drivers/gpio/libdrivers__gpio.a(gpio_nrfx.c.obj)
 .text.gpio_nrfx_port_toggle_bits
                0x0000830e       0x12 zephyr/drivers/gpio/libdrivers__gpio.a(gpio_nrfx.c.obj)
 .text.get_trigger
                0x00008320       0x2c zephyr/drivers/gpio/libdrivers__gpio.a(gpio_nrfx.c.obj)
 .text.gpio_nrfx_manage_callback
                0x0000834c       0x64 zephyr/drivers/gpio/libdrivers__gpio.a(gpio_nrfx.c.obj)
 .text.nrfx_gpio_handler
                0x000083b0       0x48 zephyr/drivers/gpio/libdrivers__gpio.a(gpio_nrfx.c.obj)
 .text.led_pwm_on
                0x000083f8        0xa zephyr/drivers/led/libdrivers__led.a(led_pwm.c.obj)
 .text.led_pwm_off
                0x00008402        0xa zephyr/drivers/led/libdrivers__led.a(led_pwm.c.obj)
 .text.pwm_channel_map
                0x0000840c       0x22 zephyr/drivers/pwm/libdrivers__pwm.a(pwm_nrfx.c.obj)
 .text.pwm_channel_is_active
                0x0000842e       0x1e zephyr/drivers/pwm/libdrivers__pwm.a(pwm_nrfx.c.obj)
 .text.any_other_channel_is_active
                0x0000844c       0x2c zephyr/drivers/pwm/libdrivers__pwm.a(pwm_nrfx.c.obj)
 .text.endtx_isr
                0x00008478       0x32 zephyr/drivers/serial/libdrivers__serial.a(uart_nrfx_uarte.c.obj)
 .text.uarte_nrfx_isr_int
                0x000084aa       0x56 zephyr/drivers/serial/libdrivers__serial.a(uart_nrfx_uarte.c.obj)
 .text.uarte_nrfx_configure
                0x00008500       0xa6 zephyr/drivers/serial/libdrivers__serial.a(uart_nrfx_uarte.c.obj)
 .text.uarte_nrfx_config_get
                0x000085a6       0x10 zephyr/drivers/serial/libdrivers__serial.a(uart_nrfx_uarte.c.obj)
 .text.uarte_nrfx_err_check
                0x000085b6        0xe zephyr/drivers/serial/libdrivers__serial.a(uart_nrfx_uarte.c.obj)
 .text.is_tx_ready
                0x000085c4       0x28 zephyr/drivers/serial/libdrivers__serial.a(uart_nrfx_uarte.c.obj)
 .text.uarte_enable
                0x000085ec        0xc zephyr/drivers/serial/libdrivers__serial.a(uart_nrfx_uarte.c.obj)
 .text.tx_start
                0x000085f8       0x40 zephyr/drivers/serial/libdrivers__serial.a(uart_nrfx_uarte.c.obj)
 .text.uarte_nrfx_poll_in
                0x00008638       0x2a zephyr/drivers/serial/libdrivers__serial.a(uart_nrfx_uarte.c.obj)
 .text.wait_tx_ready
                0x00008662       0x4e zephyr/drivers/serial/libdrivers__serial.a(uart_nrfx_uarte.c.obj)
 .text.uarte_instance_init
                0x000086b0       0x94 zephyr/drivers/serial/libdrivers__serial.a(uart_nrfx_uarte.c.obj)
 .text.uarte_0_init
                0x00008744       0x1e zephyr/drivers/serial/libdrivers__serial.a(uart_nrfx_uarte.c.obj)
 .text.uarte_1_init
                0x00008762       0x1e zephyr/drivers/serial/libdrivers__serial.a(uart_nrfx_uarte.c.obj)
 .text.sys_clock_idle_exit
                0x00008780        0x2 zephyr/drivers/timer/libdrivers__timer.a(sys_clock_init.c.obj)
                0x00008780                sys_clock_idle_exit
 .text.counter_sub
                0x00008782        0x8 zephyr/drivers/timer/libdrivers__timer.a(nrf_rtc_timer.c.obj)
 .text.event_clear
                0x0000878a       0x18 zephyr/drivers/timer/libdrivers__timer.a(nrf_rtc_timer.c.obj)
 .text.absolute_time_to_cc
                0x000087a2        0x6 zephyr/drivers/timer/libdrivers__timer.a(nrf_rtc_timer.c.obj)
 .text.full_int_lock
                0x000087a8       0x12 zephyr/drivers/timer/libdrivers__timer.a(nrf_rtc_timer.c.obj)
 .text.full_int_unlock
                0x000087ba        0xa zephyr/drivers/timer/libdrivers__timer.a(nrf_rtc_timer.c.obj)
 .text.set_absolute_alarm
                0x000087c4       0x76 zephyr/drivers/timer/libdrivers__timer.a(nrf_rtc_timer.c.obj)
 .text.compare_set
                0x0000883a       0x32 zephyr/drivers/timer/libdrivers__timer.a(nrf_rtc_timer.c.obj)
 .text.sys_clock_cycle_get_32
                0x0000886c        0x8 zephyr/drivers/timer/libdrivers__timer.a(nrf_rtc_timer.c.obj)
                0x0000886c                sys_clock_cycle_get_32
 .text.hw_cc3xx_init_internal
                0x00008874        0x8 modules/nrf/drivers/hw_cc310/lib..__nrf__drivers__hw_cc310.a(hw_cc310.c.obj)
 .text.hw_cc3xx_init
                0x0000887c       0x14 modules/nrf/drivers/hw_cc310/lib..__nrf__drivers__hw_cc310.a(hw_cc310.c.obj)
 .text.nrfx_isr
                0x00008890        0x6 modules/hal_nordic/nrfx/libmodules__hal_nordic__nrfx.a(nrfx_glue.c.obj)
                0x00008890                nrfx_isr
 .text.nrfx_busy_wait
                0x00008896        0x8 modules/hal_nordic/nrfx/libmodules__hal_nordic__nrfx.a(nrfx_glue.c.obj)
                0x00008896                nrfx_busy_wait
 .text.nrfx_clock_enable
                0x0000889e       0x12 modules/hal_nordic/nrfx/libmodules__hal_nordic__nrfx.a(nrfx_clock.c.obj)
                0x0000889e                nrfx_clock_enable
 .text.pin_is_task_output
                0x000088b0       0x1e modules/hal_nordic/nrfx/libmodules__hal_nordic__nrfx.a(nrfx_gpiote.c.obj)
 .text.pin_is_input
                0x000088ce        0xe modules/hal_nordic/nrfx/libmodules__hal_nordic__nrfx.a(nrfx_gpiote.c.obj)
 .text.gpiote_polarity_to_trigger
                0x000088dc        0x2 modules/hal_nordic/nrfx/libmodules__hal_nordic__nrfx.a(nrfx_gpiote.c.obj)
 .text.gpiote_trigger_to_polarity
                0x000088de        0x2 modules/hal_nordic/nrfx/libmodules__hal_nordic__nrfx.a(nrfx_gpiote.c.obj)
 .text.is_level
                0x000088e0        0xa modules/hal_nordic/nrfx/libmodules__hal_nordic__nrfx.a(nrfx_gpiote.c.obj)
 .text.start_playback
                0x000088ea       0x56 modules/hal_nordic/nrfx/libmodules__hal_nordic__nrfx.a(nrfx_pwm.c.obj)
 .text.nrfx_pwm_stop
                0x00008940       0x30 modules/hal_nordic/nrfx/libmodules__hal_nordic__nrfx.a(nrfx_pwm.c.obj)
                0x00008940                nrfx_pwm_stop
 .text.SEGGER_RTT_Init
                0x00008970        0x8 modules/segger/libmodules__segger.a(SEGGER_RTT.c.obj)
                0x00008970                SEGGER_RTT_Init
 .text.rtt_init
                0x00008978        0xa modules/segger/libmodules__segger.a(SEGGER_RTT_zephyr.c.obj)
 .text.z_device_ready
                0x00008982       0x1a zephyr/kernel/libkernel.a(device.c.obj)
                0x00008982                z_device_ready
 .text.create_free_list
                0x0000899c       0x2e zephyr/kernel/libkernel.a(mem_slab.c.obj)
 .text.k_mem_slab_init
                0x000089ca       0x1c zephyr/kernel/libkernel.a(mem_slab.c.obj)
                0x000089ca                k_mem_slab_init
 .text.k_mem_slab_free
                0x000089e6       0x58 zephyr/kernel/libkernel.a(mem_slab.c.obj)
                0x000089e6                k_mem_slab_free
 .text.setup_thread_stack
                0x00008a3e       0x24 zephyr/kernel/libkernel.a(thread.c.obj)
 .text.k_is_in_isr
                0x00008a62        0xc zephyr/kernel/libkernel.a(thread.c.obj)
                0x00008a62                k_is_in_isr
 .text.k_thread_name_get
                0x00008a6e        0x4 zephyr/kernel/libkernel.a(thread.c.obj)
                0x00008a6e                k_thread_name_get
 .text.z_impl_k_thread_start
                0x00008a72        0x8 zephyr/kernel/libkernel.a(thread.c.obj)
                0x00008a72                z_impl_k_thread_start
 .text.z_init_thread_base
                0x00008a7a       0x16 zephyr/kernel/libkernel.a(thread.c.obj)
                0x00008a7a                z_init_thread_base
 .text.z_impl_k_thread_create
                0x00008a90       0x44 zephyr/kernel/libkernel.a(thread.c.obj)
                0x00008a90                z_impl_k_thread_create
 .text.z_pm_save_idle_exit
                0x00008ad4        0xc zephyr/kernel/libkernel.a(idle.c.obj)
                0x00008ad4                z_pm_save_idle_exit
 .text.new_prio_for_inheritance
                0x00008ae0       0x16 zephyr/kernel/libkernel.a(mutex.c.obj)
 .text.adjust_owner_prio
                0x00008af6       0x16 zephyr/kernel/libkernel.a(mutex.c.obj)
 .text.z_impl_k_mutex_init
                0x00008b0c        0xe zephyr/kernel/libkernel.a(mutex.c.obj)
                0x00008b0c                z_impl_k_mutex_init
 .text.thread_active_elsewhere
                0x00008b1a        0x4 zephyr/kernel/libkernel.a(sched.c.obj)
 .text.pended_on_thread
                0x00008b1e        0x4 zephyr/kernel/libkernel.a(sched.c.obj)
 .text.z_sched_prio_cmp
                0x00008b22       0x14 zephyr/kernel/libkernel.a(sched.c.obj)
                0x00008b22                z_sched_prio_cmp
 .text.z_unpend_thread_no_timeout
                0x00008b36       0x3e zephyr/kernel/libkernel.a(sched.c.obj)
                0x00008b36                z_unpend_thread_no_timeout
 .text.z_reschedule_irqlock
                0x00008b74       0x2a zephyr/kernel/libkernel.a(sched.c.obj)
                0x00008b74                z_reschedule_irqlock
 .text.z_priq_dumb_remove
                0x00008b9e       0x10 zephyr/kernel/libkernel.a(sched.c.obj)
                0x00008b9e                z_priq_dumb_remove
 .text.z_priq_dumb_best
                0x00008bae        0xe zephyr/kernel/libkernel.a(sched.c.obj)
                0x00008bae                z_priq_dumb_best
 .text.z_ready_thread
                0x00008bbc       0x38 zephyr/kernel/libkernel.a(sched.c.obj)
                0x00008bbc                z_ready_thread
 .text.z_thread_timeout
                0x00008bf4       0x68 zephyr/kernel/libkernel.a(sched.c.obj)
                0x00008bf4                z_thread_timeout
 .text.add_to_waitq_locked
                0x00008c5c       0x54 zephyr/kernel/libkernel.a(sched.c.obj)
 .text.pend     0x00008cb0       0x42 zephyr/kernel/libkernel.a(sched.c.obj)
 .text.z_unpend1_no_timeout
                0x00008cf2       0x4e zephyr/kernel/libkernel.a(sched.c.obj)
                0x00008cf2                z_unpend1_no_timeout
 .text.z_unpend_first_thread
                0x00008d40       0x56 zephyr/kernel/libkernel.a(sched.c.obj)
                0x00008d40                z_unpend_first_thread
 .text.init_ready_q
                0x00008d96        0x8 zephyr/kernel/libkernel.a(sched.c.obj)
                0x00008d96                init_ready_q
 .text.remove_timeout
                0x00008d9e       0x2e zephyr/kernel/libkernel.a(timeout.c.obj)
 .text.z_abort_timeout
                0x00008dcc       0x3c zephyr/kernel/libkernel.a(timeout.c.obj)
                0x00008dcc                z_abort_timeout
 .text.z_get_next_timeout_expiry
                0x00008e08       0x2c zephyr/kernel/libkernel.a(timeout.c.obj)
                0x00008e08                z_get_next_timeout_expiry
 .text.z_set_timeout_expiry
                0x00008e34       0x56 zephyr/kernel/libkernel.a(timeout.c.obj)
                0x00008e34                z_set_timeout_expiry
 .text.sys_clock_tick_get_32
                0x00008e8a        0x8 zephyr/kernel/libkernel.a(timeout.c.obj)
                0x00008e8a                sys_clock_tick_get_32
 .text.z_impl_k_busy_wait
                0x00008e92        0xc zephyr/kernel/libkernel.a(timeout.c.obj)
                0x00008e92                z_impl_k_busy_wait
 .text.k_timer_init
                0x00008e9e       0x18 zephyr/kernel/libkernel.a(timer.c.obj)
                0x00008e9e                k_timer_init
 .text.z_impl_k_timer_stop
                0x00008eb6       0x36 zephyr/kernel/libkernel.a(timer.c.obj)
                0x00008eb6                z_impl_k_timer_stop
 .text._OffsetAbsSyms
                0x00008eec        0x2 zephyr/CMakeFiles/offsets.dir/./arch/arm/core/offsets/offsets.c.obj
                0x00008eec                _OffsetAbsSyms
 *(SORT_BY_ALIGNMENT(.TEXT.*))
 *fill*         0x00008eee        0x2 
 .TEXT.z_arm_platform_init
                0x00008ef0        0x4 zephyr/libzephyr.a(soc_nrf_common.S.obj)
                0x00008ef0                z_arm_platform_init
 *(SORT_BY_ALIGNMENT(.gnu.linkonce.t.*))
 *(SORT_BY_ALIGNMENT(.glue_7t))
 .glue_7t       0x00008ef4        0x0 linker stubs
 *(SORT_BY_ALIGNMENT(.glue_7))
 .glue_7        0x00008ef4        0x0 linker stubs
 *(SORT_BY_ALIGNMENT(.vfp11_veneer))
 .vfp11_veneer  0x00008ef4        0x0 linker stubs
 *(SORT_BY_ALIGNMENT(.v4_bx))
 .v4_bx         0x00008ef4        0x0 linker stubs
                0x00008ef4                __text_region_end = .

.ARM.exidx      0x00008ef4        0x8
                0x00008ef4                __exidx_start = .
 *(SORT_BY_ALIGNMENT(.ARM.exidx*) SORT_BY_ALIGNMENT(gnu.linkonce.armexidx.*))
 .ARM.exidx     0x00008ef4        0x8 c:/users/eidos/ncs/v1.9.1/toolchain/opt/bin/../lib/gcc/arm-none-eabi/9.2.1/thumb/v7e-m/nofp\libgcc.a(_udivmoddi4.o)
                0x00008efc                __exidx_end = .
                0x00008efc                __rodata_region_start = .

initlevel       0x00008efc       0x78
                0x00008efc                __init_start = .
                0x00008efc                __init_PRE_KERNEL_1_start = .
 *(SORT_BY_NAME(SORT_BY_ALIGNMENT(.z_init_PRE_KERNEL_1[0-9]_*)))
 .z_init_PRE_KERNEL_10_
                0x00008efc        0x8 zephyr/soc/arm/nordic_nrf/nrf52/libsoc__arm__nordic_nrf__nrf52.a(soc.c.obj)
 *(SORT_BY_NAME(SORT_BY_ALIGNMENT(.z_init_PRE_KERNEL_1[1-9][0-9]_*)))
 .z_init_PRE_KERNEL_130_
                0x00008f04        0x8 zephyr/drivers/clock_control/libdrivers__clock_control.a(clock_control_nrf.c.obj)
 .z_init_PRE_KERNEL_130_
                0x00008f0c        0x8 modules/segger/libmodules__segger.a(SEGGER_RTT_zephyr.c.obj)
 .z_init_PRE_KERNEL_130_
                0x00008f14        0x8 zephyr/kernel/libkernel.a(mem_slab.c.obj)
 .z_init_PRE_KERNEL_140_
                0x00008f1c       0x10 zephyr/drivers/gpio/libdrivers__gpio.a(gpio_nrfx.c.obj)
 .z_init_PRE_KERNEL_140_
                0x00008f2c        0x8 modules/nrf/drivers/hw_cc310/lib..__nrf__drivers__hw_cc310.a(hw_cc310.c.obj)
 .z_init_PRE_KERNEL_155_
                0x00008f34       0x10 zephyr/drivers/serial/libdrivers__serial.a(uart_nrfx_uarte.c.obj)
 .z_init_PRE_KERNEL_160_
                0x00008f44        0x8 zephyr/drivers/console/libdrivers__console.a(uart_console.c.obj)
                0x00008f4c                __init_PRE_KERNEL_2_start = .
 *(SORT_BY_NAME(SORT_BY_ALIGNMENT(.z_init_PRE_KERNEL_2[0-9]_*)))
 .z_init_PRE_KERNEL_20_
                0x00008f4c        0x8 zephyr/drivers/timer/libdrivers__timer.a(nrf_rtc_timer.c.obj)
 *(SORT_BY_NAME(SORT_BY_ALIGNMENT(.z_init_PRE_KERNEL_2[1-9][0-9]_*)))
                0x00008f54                __init_POST_KERNEL_start = .
 *(SORT_BY_NAME(SORT_BY_ALIGNMENT(.z_init_POST_KERNEL[0-9]_*)))
 .z_init_POST_KERNEL0_
                0x00008f54        0x8 zephyr/libzephyr.a(log_core.c.obj)
 *(SORT_BY_NAME(SORT_BY_ALIGNMENT(.z_init_POST_KERNEL[1-9][0-9]_*)))
 .z_init_POST_KERNEL40_
                0x00008f5c        0x8 modules/nrf/drivers/hw_cc310/lib..__nrf__drivers__hw_cc310.a(hw_cc310.c.obj)
 .z_init_POST_KERNEL50_
                0x00008f64        0x8 zephyr/drivers/pwm/libdrivers__pwm.a(pwm_nrfx.c.obj)
 .z_init_POST_KERNEL90_
                0x00008f6c        0x8 zephyr/drivers/led/libdrivers__led.a(led_pwm.c.obj)
                0x00008f74                __init_APPLICATION_start = .
 *(SORT_BY_NAME(SORT_BY_ALIGNMENT(.z_init_APPLICATION[0-9]_*)))
 *(SORT_BY_NAME(SORT_BY_ALIGNMENT(.z_init_APPLICATION[1-9][0-9]_*)))
                0x00008f74                __init_SMP_start = .
 *(SORT_BY_NAME(SORT_BY_ALIGNMENT(.z_init_SMP[0-9]_*)))
 *(SORT_BY_NAME(SORT_BY_ALIGNMENT(.z_init_SMP[1-9][0-9]_*)))
                0x00008f74                __init_end = .

devices         0x00008f74       0xa8
                0x00008f74                __device_start = .
                0x00008f74                __device_PRE_KERNEL_1_start = .
 *(SORT_BY_NAME(SORT_BY_ALIGNMENT(.z_device_PRE_KERNEL_1[0-9]_*)))
 *(SORT_BY_NAME(SORT_BY_ALIGNMENT(.z_device_PRE_KERNEL_1[1-9][0-9]_*)))
 .z_device_PRE_KERNEL_130_
                0x00008f74       0x18 zephyr/drivers/clock_control/libdrivers__clock_control.a(clock_control_nrf.c.obj)
                0x00008f74                __device_dts_ord_27
 .z_device_PRE_KERNEL_140_
                0x00008f8c       0x30 zephyr/drivers/gpio/libdrivers__gpio.a(gpio_nrfx.c.obj)
                0x00008f8c                __device_dts_ord_54
                0x00008fa4                __device_dts_ord_11
 .z_device_PRE_KERNEL_155_
                0x00008fbc       0x30 zephyr/drivers/serial/libdrivers__serial.a(uart_nrfx_uarte.c.obj)
                0x00008fbc                __device_dts_ord_63
                0x00008fd4                __device_dts_ord_62
                0x00008fec                __device_PRE_KERNEL_2_start = .
 *(SORT_BY_NAME(SORT_BY_ALIGNMENT(.z_device_PRE_KERNEL_2[0-9]_*)))
 *(SORT_BY_NAME(SORT_BY_ALIGNMENT(.z_device_PRE_KERNEL_2[1-9][0-9]_*)))
                0x00008fec                __device_POST_KERNEL_start = .
 *(SORT_BY_NAME(SORT_BY_ALIGNMENT(.z_device_POST_KERNEL[0-9]_*)))
 *(SORT_BY_NAME(SORT_BY_ALIGNMENT(.z_device_POST_KERNEL[1-9][0-9]_*)))
 .z_device_POST_KERNEL50_
                0x00008fec       0x18 zephyr/drivers/pwm/libdrivers__pwm.a(pwm_nrfx.c.obj)
                0x00008fec                __device_dts_ord_24
 .z_device_POST_KERNEL90_
                0x00009004       0x18 zephyr/drivers/led/libdrivers__led.a(led_pwm.c.obj)
                0x00009004                __device_dts_ord_23
                0x0000901c                __device_APPLICATION_start = .
 *(SORT_BY_NAME(SORT_BY_ALIGNMENT(.z_device_APPLICATION[0-9]_*)))
 *(SORT_BY_NAME(SORT_BY_ALIGNMENT(.z_device_APPLICATION[1-9][0-9]_*)))
                0x0000901c                __device_SMP_start = .
 *(SORT_BY_NAME(SORT_BY_ALIGNMENT(.z_device_SMP[0-9]_*)))
 *(SORT_BY_NAME(SORT_BY_ALIGNMENT(.z_device_SMP[1-9][0-9]_*)))
                0x0000901c                __device_end = .

sw_isr_table    0x0000901c      0x180
                0x0000901c                . = ALIGN (0x0)
 *(SORT_BY_ALIGNMENT(.gnu.linkonce.sw_isr_table*))
 .gnu.linkonce.sw_isr_table
                0x0000901c      0x180 zephyr/arch/common/libisr_tables.a(isr_tables.c.obj)
                0x0000901c                _sw_isr_table

initlevel_error
                0x00008efc        0x0
 *(SORT_BY_NAME(SORT_BY_ALIGNMENT(.z_init_[_A-Z0-9]*)))
                0x00000001                ASSERT ((SIZEOF (initlevel_error) == 0x0), Undefined initialization levels used.)

app_shmem_regions
                0x0000919c        0x0
                0x0000919c                __app_shmem_regions_start = .
 *(SORT_BY_NAME(SORT_BY_ALIGNMENT(.app_regions.*)))
                0x0000919c                __app_shmem_regions_end = .

bt_l2cap_fixed_chan_area
                0x0000919c        0x0
                0x0000919c                _bt_l2cap_fixed_chan_list_start = .
 *(SORT_BY_NAME(SORT_BY_ALIGNMENT(._bt_l2cap_fixed_chan.static.*)))
                0x0000919c                _bt_l2cap_fixed_chan_list_end = .

bt_gatt_service_static_area
                0x0000919c        0x0
                0x0000919c                _bt_gatt_service_static_list_start = .
 *(SORT_BY_NAME(SORT_BY_ALIGNMENT(._bt_gatt_service_static.static.*)))
                0x0000919c                _bt_gatt_service_static_list_end = .

k_p4wq_initparam_area
                0x0000919c        0x0
                0x0000919c                _k_p4wq_initparam_list_start = .
 *(SORT_BY_NAME(SORT_BY_ALIGNMENT(._k_p4wq_initparam.static.*)))
                0x0000919c                _k_p4wq_initparam_list_end = .

log_strings_sections
                0x0000919c        0x0
                0x0000919c                __log_strings_start = .
 *(SORT_BY_NAME(SORT_BY_ALIGNMENT(.log_strings*)))
                0x0000919c                __log_strings_end = .

log_const_sections
                0x0000919c       0x60
                0x0000919c                __log_const_start = .
 *(SORT_BY_NAME(SORT_BY_ALIGNMENT(.log_const_*)))
 .log_const_clock_control
                0x0000919c        0x8 zephyr/drivers/clock_control/libdrivers__clock_control.a(clock_control_nrf.c.obj)
                0x0000919c                log_const_clock_control
 .log_const_fatal_error
                0x000091a4        0x8 modules/nrf/lib/fatal_error/lib..__nrf__lib__fatal_error.a(fatal_error.c.obj)
                0x000091a4                log_const_fatal_error
 .log_const_led_pwm
                0x000091ac        0x8 zephyr/drivers/led/libdrivers__led.a(led_pwm.c.obj)
                0x000091ac                log_const_led_pwm
 .log_const_log
                0x000091b4        0x8 zephyr/libzephyr.a(log_core.c.obj)
                0x000091b4                log_const_log
 .log_const_log_uart
                0x000091bc        0x8 zephyr/libzephyr.a(log_backend_uart.c.obj)
                0x000091bc                log_const_log_uart
 .log_const_main
                0x000091c4        0x8 app/libapp.a(main.c.obj)
                0x000091c4                log_const_main
 .log_const_mpu
                0x000091cc        0x8 zephyr/arch/arch/arm/core/aarch32/mpu/libarch__arm__core__aarch32__mpu.a(arm_core_mpu.c.obj)
                0x000091cc                log_const_mpu
 .log_const_os  0x000091d4        0x8 zephyr/kernel/libkernel.a(init.c.obj)
                0x000091d4                log_const_os
 .log_const_pm  0x000091dc        0x8 zephyr/libzephyr.a(pm.c.obj)
                0x000091dc                log_const_pm
 .log_const_pwm_nrfx
                0x000091e4        0x8 zephyr/drivers/pwm/libdrivers__pwm.a(pwm_nrfx.c.obj)
                0x000091e4                log_const_pwm_nrfx
 .log_const_soc
                0x000091ec        0x8 zephyr/soc/arm/nordic_nrf/nrf52/libsoc__arm__nordic_nrf__nrf52.a(soc.c.obj)
                0x000091ec                log_const_soc
 .log_const_uart_nrfx_uarte
                0x000091f4        0x8 zephyr/drivers/serial/libdrivers__serial.a(uart_nrfx_uarte.c.obj)
                0x000091f4                log_const_uart_nrfx_uarte
                0x000091fc                __log_const_end = .

log_backends_sections
                0x000091fc       0x20
                0x000091fc                __log_backends_start = .
 *(SORT_BY_ALIGNMENT(._log_backend.*))
 ._log_backend.static.log_backend_uart
                0x000091fc       0x10 zephyr/libzephyr.a(log_backend_uart.c.obj)
 ._log_backend.static.log_backend_rtt
                0x0000920c       0x10 zephyr/libzephyr.a(log_backend_rtt.c.obj)
                0x0000921c                __log_backends_end = .

shell_area      0x0000921c        0x0
                0x0000921c                _shell_list_start = .
 *(SORT_BY_NAME(SORT_BY_ALIGNMENT(._shell.static.*)))
                0x0000921c                _shell_list_end = .

shell_root_cmds_sections
                0x0000921c        0x0
                0x0000921c                __shell_root_cmds_start = .
 *(SORT_BY_NAME(SORT_BY_ALIGNMENT(.shell_root_cmd_*)))
                0x0000921c                __shell_root_cmds_end = .

font_entry_sections
                0x0000921c        0x0
                0x0000921c                __font_entry_start = .
 *(SORT_BY_NAME(SORT_BY_ALIGNMENT(._cfb_font.*)))
                0x0000921c                __font_entry_end = .

tracing_backend_area
                0x0000921c        0x0
                0x0000921c                _tracing_backend_list_start = .
 *(SORT_BY_NAME(SORT_BY_ALIGNMENT(._tracing_backend.static.*)))
                0x0000921c                _tracing_backend_list_end = .

zephyr_dbg_info
                0x0000921c       0x3c
 *(SORT_BY_ALIGNMENT(.dbg_thread_info))
 .dbg_thread_info
                0x0000921c       0x3c zephyr/libzephyr.a(thread_info.c.obj)
                0x0000921c                _kernel_openocd_size_t_size
                0x0000921c                _kernel_thread_info_size_t_size
                0x00009220                _kernel_openocd_num_offsets
                0x00009220                _kernel_thread_info_num_offsets
                0x00009224                _kernel_openocd_offsets
                0x00009224                _kernel_thread_info_offsets

device_handles  0x00009258       0x56
                0x00009258                __device_handles_start = .
 *(SORT_BY_NAME(SORT_BY_ALIGNMENT(.__device_handles_pass1*)))
 .__device_handles_pass1
                0x00009258        0xa zephyr/drivers/clock_control/libdrivers__clock_control.a(clock_control_nrf.c.obj)
                0x00009258                __devicehdl_DT_N_S_soc_S_clock_40000000
 .__device_handles_pass1
                0x00009262       0x22 zephyr/drivers/gpio/libdrivers__gpio.a(gpio_nrfx.c.obj)
                0x00009262                __devicehdl_DT_N_S_soc_S_gpio_50000300
                0x0000926c                __devicehdl_DT_N_S_soc_S_gpio_50000000
 .__device_handles_pass1
                0x00009284        0xa zephyr/drivers/led/libdrivers__led.a(led_pwm.c.obj)
                0x00009284                __devicehdl_DT_N_S_pwmleds
 .__device_handles_pass1
                0x0000928e        0xc zephyr/drivers/pwm/libdrivers__pwm.a(pwm_nrfx.c.obj)
                0x0000928e                __devicehdl_DT_N_S_soc_S_pwm_4001c000
 .__device_handles_pass1
                0x0000929a       0x14 zephyr/drivers/serial/libdrivers__serial.a(uart_nrfx_uarte.c.obj)
                0x0000929a                __devicehdl_DT_N_S_soc_S_uart_40028000
                0x000092a4                __devicehdl_DT_N_S_soc_S_uart_40002000
                0x000092ae                __device_handles_end = .

rodata          0x000092b0      0xd1c
 *(SORT_BY_ALIGNMENT(.rodata))
 .rodata        0x000092b0        0x8 modules/hal_nordic/nrfx/libmodules__hal_nordic__nrfx.a(nrfx_gpiote.c.obj)
 *(SORT_BY_ALIGNMENT(.rodata.*))
 *fill*         0x000092b8        0x8 
 .rodata.delay_machine_code.12382
                0x000092c0        0x6 zephyr/soc/arm/nordic_nrf/nrf52/libsoc__arm__nordic_nrf__nrf52.a(soc.c.obj)
 *fill*         0x000092c6        0x2 
 .rodata.run_led_test.str1.4
                0x000092c8      0x11b app/libapp.a(main.c.obj)
 *fill*         0x000093e3        0x1 
 .rodata.main.str1.4
                0x000093e4       0x2c app/libapp.a(main.c.obj)
 .rodata.str1.4
                0x00009410        0x5 app/libapp.a(main.c.obj)
 *fill*         0x00009415        0x3 
 .rodata.cbvprintf.str1.4
                0x00009418        0x6 zephyr/libzephyr.a(cbprintf_complete.c.obj)
 *fill*         0x0000941e        0x2 
 .rodata.sys_reboot.str1.4
                0x00009420       0x29 zephyr/libzephyr.a(reboot.c.obj)
 *fill*         0x00009449        0x3 
 .rodata.enable_logger.str1.4
                0x0000944c        0x8 zephyr/libzephyr.a(log_core.c.obj)
 .rodata.z_log_strdup.str1.4
                0x00009454       0x1a zephyr/libzephyr.a(log_core.c.obj)
 *fill*         0x0000946e        0x2 
 .rodata.detect_missed_strdup.str1.4
                0x00009470       0x40 zephyr/libzephyr.a(log_core.c.obj)
 .rodata.str1.4
                0x000094b0        0x4 zephyr/libzephyr.a(log_core.c.obj)
 .rodata.timestamp_print.str1.4
                0x000094b4       0x28 zephyr/libzephyr.a(log_output.c.obj)
 .rodata.color_print.str1.4
                0x000094dc        0xb zephyr/libzephyr.a(log_output.c.obj)
 .rodata.newline_print.str1.4
                0x000094e7        0xb zephyr/libzephyr.a(log_output.c.obj)
                                  0x7 (size before relaxing)
 *fill*         0x000094e7        0x1 
 .rodata.hexdump_line_print.str1.4
                0x000094e8       0x13 zephyr/libzephyr.a(log_output.c.obj)
                                 0x17 (size before relaxing)
 *fill*         0x000094fb        0x1 
 .rodata.ids_print.str1.4
                0x000094fc       0x12 zephyr/libzephyr.a(log_output.c.obj)
 *fill*         0x0000950e        0x2 
 .rodata.prefix_print.str1.4
                0x00009510        0x4 zephyr/libzephyr.a(log_output.c.obj)
 .rodata.raw_string_print.str1.4
                0x00009514        0x2 zephyr/libzephyr.a(log_output.c.obj)
 .rodata.log_output_dropped_process.str1.4
                0x00009516        0x2 zephyr/libzephyr.a(log_output.c.obj)
                                  0x3 (size before relaxing)
 *fill*         0x00009516        0x2 
 .rodata.str1.4
                0x00009518       0x20 zephyr/libzephyr.a(log_output.c.obj)
 .rodata.colors
                0x00009538       0x14 zephyr/libzephyr.a(log_output.c.obj)
 .rodata.postfix.10216
                0x0000954c       0x1c zephyr/libzephyr.a(log_output.c.obj)
 .rodata.prefix.10215
                0x00009568        0xc zephyr/libzephyr.a(log_output.c.obj)
 .rodata.severity
                0x00009574       0x14 zephyr/libzephyr.a(log_output.c.obj)
 .rodata.str1.4
                0x00009588       0x1d zephyr/libzephyr.a(log_backend_uart.c.obj)
 *fill*         0x000095a5        0x3 
 .rodata.log_backend_uart_api
                0x000095a8       0x1c zephyr/libzephyr.a(log_backend_uart.c.obj)
                0x000095a8                log_backend_uart_api
 .rodata.log_output_uart
                0x000095c4       0x10 zephyr/libzephyr.a(log_backend_uart.c.obj)
 .rodata.str1.4
                0x000095d4       0x10 zephyr/libzephyr.a(log_backend_rtt.c.obj)
 .rodata.log_backend_rtt_api
                0x000095e4       0x1c zephyr/libzephyr.a(log_backend_rtt.c.obj)
                0x000095e4                log_backend_rtt_api
 .rodata.log_output_rtt
                0x00009600       0x10 zephyr/libzephyr.a(log_backend_rtt.c.obj)
 .rodata.str1.4
                0x00009610        0x3 zephyr/libzephyr.a(pm.c.obj)
 *fill*         0x00009613        0x1 
 .rodata.apis   0x00009614        0x8 zephyr/libzephyr.a(nrf_cc3xx_platform_abort_zephyr.c.obj)
 .rodata.mutex_free_platform.str1.4
                0x0000961c       0x26 zephyr/libzephyr.a(nrf_cc3xx_platform_mutex_zephyr.c.obj)
 *fill*         0x00009642        0x2 
 .rodata.mutex_init_platform.str1.4
                0x00009644       0x2d zephyr/libzephyr.a(nrf_cc3xx_platform_mutex_zephyr.c.obj)
 *fill*         0x00009671        0x3 
 .rodata.mutex_apis
                0x00009674       0x10 zephyr/libzephyr.a(nrf_cc3xx_platform_mutex_zephyr.c.obj)
 .rodata.mutexes
                0x00009684       0x14 zephyr/libzephyr.a(nrf_cc3xx_platform_mutex_zephyr.c.obj)
 .rodata.esf_dump.str1.4
                0x00009698       0x9e zephyr/arch/arch/arm/core/aarch32/libarch__arm__core__aarch32.a(fatal.c.obj)
 *fill*         0x00009736        0x2 
 .rodata.usage_fault.str1.4
                0x00009738       0xd7 zephyr/arch/arch/arm/core/aarch32/cortex_m/libarch__arm__core__aarch32__cortex_m.a(fault.c.obj)
 *fill*         0x0000980f        0x1 
 .rodata.debug_monitor.str1.4
                0x00009810       0x24 zephyr/arch/arch/arm/core/aarch32/cortex_m/libarch__arm__core__aarch32__cortex_m.a(fault.c.obj)
 .rodata.bus_fault.str1.4
                0x00009834       0xd7 zephyr/arch/arch/arm/core/aarch32/cortex_m/libarch__arm__core__aarch32__cortex_m.a(fault.c.obj)
 *fill*         0x0000990b        0x1 
 .rodata.mem_manage_fault.str1.4
                0x0000990c       0x9b zephyr/arch/arch/arm/core/aarch32/cortex_m/libarch__arm__core__aarch32__cortex_m.a(fault.c.obj)
 *fill*         0x000099a7        0x1 
 .rodata.hard_fault.str1.4
                0x000099a8       0x88 zephyr/arch/arch/arm/core/aarch32/cortex_m/libarch__arm__core__aarch32__cortex_m.a(fault.c.obj)
 .rodata.reserved_exception.str1.4