Archive member included to satisfy reference by file (symbol)

app/libapp.a(main.c.obj)      (--whole-archive)
zephyr/libzephyr.a(cbprintf.c.obj)
                              (--whole-archive)
zephyr/libzephyr.a(cbprintf_packaged.c.obj)
                              (--whole-archive)
zephyr/libzephyr.a(crc32c_sw.c.obj)
                              (--whole-archive)
zephyr/libzephyr.a(crc32_sw.c.obj)
                              (--whole-archive)
zephyr/libzephyr.a(crc16_sw.c.obj)
                              (--whole-archive)
zephyr/libzephyr.a(crc8_sw.c.obj)
                              (--whole-archive)
zephyr/libzephyr.a(crc7_sw.c.obj)
                              (--whole-archive)
zephyr/libzephyr.a(dec.c.obj)
                              (--whole-archive)
zephyr/libzephyr.a(fdtable.c.obj)
                              (--whole-archive)
zephyr/libzephyr.a(hex.c.obj)
                              (--whole-archive)
zephyr/libzephyr.a(notify.c.obj)
                              (--whole-archive)
zephyr/libzephyr.a(printk.c.obj)
                              (--whole-archive)
zephyr/libzephyr.a(onoff.c.obj)
                              (--whole-archive)
zephyr/libzephyr.a(rb.c.obj)  (--whole-archive)
zephyr/libzephyr.a(sem.c.obj)
                              (--whole-archive)
zephyr/libzephyr.a(thread_entry.c.obj)
                              (--whole-archive)
zephyr/libzephyr.a(timeutil.c.obj)
                              (--whole-archive)
zephyr/libzephyr.a(heap.c.obj)
                              (--whole-archive)
zephyr/libzephyr.a(heap-validate.c.obj)
                              (--whole-archive)
zephyr/libzephyr.a(bitarray.c.obj)
                              (--whole-archive)
zephyr/libzephyr.a(multi_heap.c.obj)
                              (--whole-archive)
zephyr/libzephyr.a(cbprintf_complete.c.obj)
                              (--whole-archive)
zephyr/libzephyr.a(ring_buffer.c.obj)
                              (--whole-archive)
zephyr/libzephyr.a(mpsc_pbuf.c.obj)
                              (--whole-archive)
zephyr/libzephyr.a(reboot.c.obj)
                              (--whole-archive)
zephyr/libzephyr.a(configs.c.obj)
                              (--whole-archive)
zephyr/libzephyr.a(soc.c.obj)
                              (--whole-archive)
zephyr/libzephyr.a(power.c.obj)
                              (--whole-archive)
zephyr/libzephyr.a(soc_nrf_common.S.obj)
                              (--whole-archive)
zephyr/libzephyr.a(validate_base_addresses.c.obj)
                              (--whole-archive)
zephyr/libzephyr.a(validate_enabled_instances.c.obj)
                              (--whole-archive)
zephyr/libzephyr.a(thread_info.c.obj)
                              (--whole-archive)
zephyr/libzephyr.a(log_list.c.obj)
                              (--whole-archive)
zephyr/libzephyr.a(log_core.c.obj)
                              (--whole-archive)
zephyr/libzephyr.a(log_mgmt.c.obj)
                              (--whole-archive)
zephyr/libzephyr.a(log_msg.c.obj)
                              (--whole-archive)
zephyr/libzephyr.a(log_output.c.obj)
                              (--whole-archive)
zephyr/libzephyr.a(log_backend_uart.c.obj)
                              (--whole-archive)
zephyr/libzephyr.a(usb_device.c.obj)
                              (--whole-archive)
zephyr/libzephyr.a(usb_descriptor.c.obj)
                              (--whole-archive)
zephyr/libzephyr.a(usb_transfer.c.obj)
                              (--whole-archive)
zephyr/libzephyr.a(cdc_acm.c.obj)
                              (--whole-archive)
zephyr/libzephyr.a(usb_work_q.c.obj)
                              (--whole-archive)
zephyr/libzephyr.a(pm.c.obj)  (--whole-archive)
zephyr/libzephyr.a(constraint.c.obj)
                              (--whole-archive)
zephyr/libzephyr.a(residency.c.obj)
                              (--whole-archive)
zephyr/libzephyr.a(tracing_none.c.obj)
                              (--whole-archive)
zephyr/libzephyr.a(nrf_cc3xx_platform_abort_zephyr.c.obj)
                              (--whole-archive)
zephyr/libzephyr.a(nrf_cc3xx_platform_mutex_zephyr.c.obj)
                              (--whole-archive)
zephyr/arch/common/libarch__common.a(sw_isr_common.c.obj)
                              (--whole-archive)
zephyr/arch/arch/arm/core/aarch32/libarch__arm__core__aarch32.a(cpu_idle.S.obj)
                              (--whole-archive)
zephyr/arch/arch/arm/core/aarch32/libarch__arm__core__aarch32.a(fatal.c.obj)
                              (--whole-archive)
zephyr/arch/arch/arm/core/aarch32/libarch__arm__core__aarch32.a(irq_manage.c.obj)
                              (--whole-archive)
zephyr/arch/arch/arm/core/aarch32/libarch__arm__core__aarch32.a(nmi.c.obj)
                              (--whole-archive)
zephyr/arch/arch/arm/core/aarch32/libarch__arm__core__aarch32.a(nmi_on_reset.S.obj)
                              (--whole-archive)
[...]
Memory Configuration

Name             Origin             Length             Attributes
FLASH            0x00000000         0x00100000         xr
SRAM             0x20000000         0x00070000         xw
IDT_LIST         0xfffff7ff         0x00000800         xw
*default*        0x00000000         0xffffffff

Linker script and memory map

LOAD zephyr/CMakeFiles/zephyr_pre1.dir/misc/empty_file.c.obj
LOAD zephyr/CMakeFiles/zephyr_pre1.dir/dev_handles.c.obj
                0x00000020                _region_min_align = 0x20

.rel.plt        0x00000000        0x0
 *(SORT_BY_ALIGNMENT(.rel.plt))
                [!provide]                PROVIDE (__rel_iplt_start = .)
 *(SORT_BY_ALIGNMENT(.rel.iplt))
 .rel.iplt      0x00000000        0x0 zephyr/CMakeFiles/zephyr_pre1.dir/dev_handles.c.obj
                [!provide]                PROVIDE (__rel_iplt_end = .)

.rela.plt       0x00000000        0x0
 *(SORT_BY_ALIGNMENT(.rela.plt))
                [!provide]                PROVIDE (__rela_iplt_start = .)
 *(SORT_BY_ALIGNMENT(.rela.iplt))
                [!provide]                PROVIDE (__rela_iplt_end = .)

.rel.dyn
 *(SORT_BY_ALIGNMENT(.rel.*))

.rela.dyn
 *(SORT_BY_ALIGNMENT(.rela.*))

/DISCARD/
 *(SORT_BY_ALIGNMENT(.plt))
 *(SORT_BY_ALIGNMENT(.iplt))
 *(SORT_BY_ALIGNMENT(.got.plt))
 *(SORT_BY_ALIGNMENT(.igot.plt))
 *(SORT_BY_ALIGNMENT(.got))
 *(SORT_BY_ALIGNMENT(.igot))
 *(SORT_BY_ALIGNMENT(.note.GNU-stack))
                0x00000000                __rom_region_start = 0x0

rom_start       0x00000000      0x154
                0x00000000                . = 0x0
                0x00000000                . = ALIGN (0x4)
                0x00000000                . = ALIGN (0x80)
                0x00000000                . = ALIGN (0x200)
                0x00000000                _vector_start = .
 *(SORT_BY_ALIGNMENT(.exc_vector_table))
 *(SORT_BY_ALIGNMENT(.exc_vector_table.*))
 .exc_vector_table._vector_table_section
                0x00000000       0x40 zephyr/arch/arch/arm/core/aarch32/cortex_m/libarch__arm__core__aarch32__cortex_m.a(vector_table.S.obj)
                0x00000000                _vector_table
 *(SORT_BY_ALIGNMENT(.gnu.linkonce.irq_vector_table*))
 .gnu.linkonce.irq_vector_table
                0x00000040      0x114 zephyr/arch/common/libisr_tables.a(isr_tables.c.obj)
                0x00000040                _irq_vector_table
 *(SORT_BY_ALIGNMENT(.vectors))
                0x00000154                _vector_end = .

text            0x00000154     0xea58
                0x00000154                __text_region_start = .
 *(SORT_BY_ALIGNMENT(.text))
 .text          0x00000154       0x30 c:/users/eidos/ncs/v1.9.1/toolchain/opt/bin/../lib/gcc/arm-none-eabi/9.2.1/thumb/v8-m.main/nofp\libgcc.a(_aeabi_uldivmod.o)
                0x00000154                __aeabi_uldivmod
 .text          0x00000184      0x2c8 c:/users/eidos/ncs/v1.9.1/toolchain/opt/bin/../lib/gcc/arm-none-eabi/9.2.1/thumb/v8-m.main/nofp\libgcc.a(_udivmoddi4.o)
                0x00000184                __udivmoddi4
 .text          0x0000044c        0x4 c:/users/eidos/ncs/v1.9.1/toolchain/opt/bin/../lib/gcc/arm-none-eabi/9.2.1/thumb/v8-m.main/nofp\libgcc.a(_dvmd_tls.o)
                0x0000044c                __aeabi_idiv0
                0x0000044c                __aeabi_ldiv0
 *(SORT_BY_ALIGNMENT(.text.*))
 .text.interrupt_handler
                0x00000450       0xdc app/libapp.a(main.c.obj)
 .text.uart_line_set
                0x0000052c       0x3c app/libapp.a(main.c.obj)
 .text.main     0x00000568      0x1a8 app/libapp.a(main.c.obj)
                0x00000568                main
 .text.char_out
                0x00000710       0x14 zephyr/libzephyr.a(printk.c.obj)
 .text.__printk_hook_install
                0x00000724        0xc zephyr/libzephyr.a(printk.c.obj)
                0x00000724                __printk_hook_install
 .text.vprintk  0x00000730       0x20 zephyr/libzephyr.a(printk.c.obj)
                0x00000730                vprintk
 .text.vsnprintk
                0x00000750       0x2c zephyr/libzephyr.a(printk.c.obj)
                0x00000750                vsnprintk
 .text.process_event
                0x0000077c      0x158 zephyr/libzephyr.a(onoff.c.obj)
 .text.cbvprintf
                0x000008d4      0x9d4 zephyr/libzephyr.a(cbprintf_complete.c.obj)
                0x000008d4                cbvprintf
 .text.sys_reboot
                0x000012a8       0x28 zephyr/libzephyr.a(reboot.c.obj)
                0x000012a8                sys_reboot
 .text.nordicsemi_nrf53_init
                0x000012d0       0x6c zephyr/libzephyr.a(soc.c.obj)
 .text.arch_busy_wait
                0x0000133c       0x30 zephyr/libzephyr.a(soc.c.obj)
                0x0000133c                arch_busy_wait
 .text.pm_power_state_set
                0x0000136c       0x28 zephyr/libzephyr.a(power.c.obj)
                0x0000136c                pm_power_state_set
 .text.is_rodata
                0x00001394       0x20 zephyr/libzephyr.a(log_core.c.obj)
 .text.thread_set
                0x000013b4       0x28 zephyr/libzephyr.a(log_core.c.obj)
 .text.log_process_thread_timer_expiry_fn
                0x000013dc       0x10 zephyr/libzephyr.a(log_core.c.obj)
 .text.next_pending
                0x000013ec       0x14 zephyr/libzephyr.a(log_core.c.obj)
 .text.enable_logger
                0x00001400       0x5c zephyr/libzephyr.a(log_core.c.obj)
 .text.log_init
                0x0000145c       0x68 zephyr/libzephyr.a(log_core.c.obj)
                0x0000145c                log_init
 .text.log_set_timestamp_func
                0x000014c4       0x1c zephyr/libzephyr.a(log_core.c.obj)
                0x000014c4                log_set_timestamp_func
 .text.log_core_init
                0x000014e0       0x48 zephyr/libzephyr.a(log_core.c.obj)
                0x000014e0                log_core_init
 .text.get_msg  0x00001528       0x28 zephyr/libzephyr.a(log_core.c.obj)
                0x00001528                get_msg
 .text.z_log_notify_backend_enabled
                0x00001550       0x20 zephyr/libzephyr.a(log_core.c.obj)
                0x00001550                z_log_notify_backend_enabled
 .text.z_log_dropped
                0x00001570       0x2c zephyr/libzephyr.a(log_core.c.obj)
                0x00001570                z_log_dropped
 .text.z_log_dropped_read_and_clear
                0x0000159c       0x18 zephyr/libzephyr.a(log_core.c.obj)
                0x0000159c                z_log_dropped_read_and_clear
 .text.dropped_notify
                0x000015b4       0x44 zephyr/libzephyr.a(log_core.c.obj)
                0x000015b4                dropped_notify
 .text.z_log_dropped_pending
                0x000015f8       0x14 zephyr/libzephyr.a(log_core.c.obj)
                0x000015f8                z_log_dropped_pending
 .text.z_log_strdup
                0x0000160c       0x58 zephyr/libzephyr.a(log_core.c.obj)
                0x0000160c                z_log_strdup
 .text.log_is_strdup
                0x00001664       0x24 zephyr/libzephyr.a(log_core.c.obj)
                0x00001664                log_is_strdup
 .text.detect_missed_strdup
                0x00001688       0xa8 zephyr/libzephyr.a(log_core.c.obj)
 .text.msg_process
                0x00001730       0x64 zephyr/libzephyr.a(log_core.c.obj)
 .text.z_impl_log_process
                0x00001794       0x4c zephyr/libzephyr.a(log_core.c.obj)
                0x00001794                z_impl_log_process
 .text.z_log_msg_post_finalize
                0x000017e0       0x88 zephyr/libzephyr.a(log_core.c.obj)
 .text.log_3    0x00001868       0x7c zephyr/libzephyr.a(log_core.c.obj)
                0x00001868                log_3
 .text.log_1    0x000018e4       0x6c zephyr/libzephyr.a(log_core.c.obj)
                0x000018e4                log_1
 .text.log_2    0x00001950       0x78 zephyr/libzephyr.a(log_core.c.obj)
                0x00001950                log_2
 .text.log_0    0x000019c8       0x60 zephyr/libzephyr.a(log_core.c.obj)
                0x000019c8                log_0
 .text.z_impl_log_panic
                0x00001a28       0x58 zephyr/libzephyr.a(log_core.c.obj)
                0x00001a28                z_impl_log_panic
 .text.log_process_thread_func
                0x00001a80       0x30 zephyr/libzephyr.a(log_core.c.obj)
 .text.z_log_free
                0x00001ab0       0x30 zephyr/libzephyr.a(log_core.c.obj)
                0x00001ab0                z_log_free
 .text.log_source_name_get
                0x00001ae0       0x20 zephyr/libzephyr.a(log_mgmt.c.obj)
                0x00001ae0                log_source_name_get
 .text.log_backend_enable
                0x00001b00       0x24 zephyr/libzephyr.a(log_mgmt.c.obj)
                0x00001b00                log_backend_enable
 .text.cont_free
                0x00001b24       0x20 zephyr/libzephyr.a(log_msg.c.obj)
 .text.log_msg_pool_init
                0x00001b44       0x18 zephyr/libzephyr.a(log_msg.c.obj)
                0x00001b44                log_msg_pool_init
 .text.log_msg_no_space_handle
                0x00001b5c       0x30 zephyr/libzephyr.a(log_msg.c.obj)
                0x00001b5c                log_msg_no_space_handle
 .text.log_msg_chunk_alloc
                0x00001b8c       0x38 zephyr/libzephyr.a(log_msg.c.obj)
                0x00001b8c                log_msg_chunk_alloc
 .text.msg_free
                0x00001bc4       0x80 zephyr/libzephyr.a(log_msg.c.obj)
 .text.print_formatted
                0x00001c44       0x24 zephyr/libzephyr.a(log_output.c.obj)
 .text.timestamp_print
                0x00001c68       0x8c zephyr/libzephyr.a(log_output.c.obj)
 .text.color_print
                0x00001cf4       0x2c zephyr/libzephyr.a(log_output.c.obj)
 .text.newline_print
                0x00001d20       0x28 zephyr/libzephyr.a(log_output.c.obj)
 .text.hexdump_line_print
                0x00001d48       0xbc zephyr/libzephyr.a(log_output.c.obj)
 .text.ids_print
                0x00001e04       0x6c zephyr/libzephyr.a(log_output.c.obj)
 .text.prefix_print
                0x00001e70       0x78 zephyr/libzephyr.a(log_output.c.obj)
 .text.hexdump_print
                0x00001ee8       0x54 zephyr/libzephyr.a(log_output.c.obj)
 .text.raw_string_print
                0x00001f3c       0x5c zephyr/libzephyr.a(log_output.c.obj)
 .text.log_output_dropped_process
                0x00001f98       0x58 zephyr/libzephyr.a(log_output.c.obj)
                0x00001f98                log_output_dropped_process
 .text.log_output_timestamp_freq_set
                0x00001ff0       0x2c zephyr/libzephyr.a(log_output.c.obj)
                0x00001ff0                log_output_timestamp_freq_set
 .text.char_out
                0x0000201c       0x24 zephyr/libzephyr.a(log_backend_uart.c.obj)
 .text.log_backend_uart_init
                0x00002040       0x10 zephyr/libzephyr.a(log_backend_uart.c.obj)
 .text.panic    0x00002050       0x18 zephyr/libzephyr.a(log_backend_uart.c.obj)
 .text.dropped  0x00002068       0x10 zephyr/libzephyr.a(log_backend_uart.c.obj)
 .text.put      0x00002078       0x20 zephyr/libzephyr.a(log_backend_uart.c.obj)
 .text.usb_set_alt_setting
                0x00002098       0x18 zephyr/libzephyr.a(usb_device.c.obj)
 .text.usb_get_alt_setting
                0x000020b0       0x18 zephyr/libzephyr.a(usb_device.c.obj)
 .text.usb_handle_request
                0x000020c8       0x28 zephyr/libzephyr.a(usb_device.c.obj)
 .text.usb_register_request_handler
                0x000020f0       0x10 zephyr/libzephyr.a(usb_device.c.obj)
 .text.usb_register_descriptors
                0x00002100        0xc zephyr/libzephyr.a(usb_device.c.obj)
 .text.usb_get_status
                0x0000210c       0x2c zephyr/libzephyr.a(usb_device.c.obj)
 .text.usb_get_descriptor
                0x00002138       0x5c zephyr/libzephyr.a(usb_device.c.obj)
 .text.usb_get_interface
                0x00002194       0x3c zephyr/libzephyr.a(usb_device.c.obj)
 .text.is_device_configured
                0x000021d0       0x14 zephyr/libzephyr.a(usb_device.c.obj)
 .text.is_interface_valid
                0x000021e4       0x24 zephyr/libzephyr.a(usb_device.c.obj)
 .text.is_ep_valid
                0x00002208       0x50 zephyr/libzephyr.a(usb_device.c.obj)
 .text.usb_register_custom_req_handler
                0x00002258        0xc zephyr/libzephyr.a(usb_device.c.obj)
 .text.usb_register_status_callback
                0x00002264        0xc zephyr/libzephyr.a(usb_device.c.obj)
 .text.foreach_ep
                0x00002270       0x38 zephyr/libzephyr.a(usb_device.c.obj)
 .text.class_handler
                0x000022a8       0x3c zephyr/libzephyr.a(usb_device.c.obj)
 .text.custom_handler
                0x000022e4       0x5c zephyr/libzephyr.a(usb_device.c.obj)
 .text.vendor_handler
                0x00002340       0x3c zephyr/libzephyr.a(usb_device.c.obj)
 .text.usb_halt_endpoint_req
                0x0000237c       0x60 zephyr/libzephyr.a(usb_device.c.obj)
 .text.set_endpoint
                0x000023dc       0xac zephyr/libzephyr.a(usb_device.c.obj)
 .text.usb_reset_alt_setting
                0x00002488       0x14 zephyr/libzephyr.a(usb_device.c.obj)
 .text.usb_set_configuration
                0x0000249c       0x9c zephyr/libzephyr.a(usb_device.c.obj)
 .text.usb_handle_std_device_req
                0x00002538       0x94 zephyr/libzephyr.a(usb_device.c.obj)
 .text.reset_endpoint
                0x000025cc       0x54 zephyr/libzephyr.a(usb_device.c.obj)
 .text.usb_set_interface
                0x00002620       0x78 zephyr/libzephyr.a(usb_device.c.obj)
 .text.usb_handle_standard_request
                0x00002698       0x70 zephyr/libzephyr.a(usb_device.c.obj)
 .text.composite_setup_ep_cb
                0x00002708       0x40 zephyr/libzephyr.a(usb_device.c.obj)
 .text.forward_status_cb
                0x00002748       0x74 zephyr/libzephyr.a(usb_device.c.obj)
 .text.usb_data_to_host
                0x000027bc       0x58 zephyr/libzephyr.a(usb_device.c.obj)
 .text.usb_handle_control_transfer
                0x00002814      0x168 zephyr/libzephyr.a(usb_device.c.obj)
 .text.usb_set_config
                0x0000297c       0x38 zephyr/libzephyr.a(usb_device.c.obj)
                0x0000297c                usb_set_config
 .text.usb_device_init
                0x000029b4       0x54 zephyr/libzephyr.a(usb_device.c.obj)
 .text.usb_enable
                0x00002a08       0xd4 zephyr/libzephyr.a(usb_device.c.obj)
                0x00002a08                usb_enable
 .text.usb_get_cfg_data
                0x00002adc       0x20 zephyr/libzephyr.a(usb_descriptor.c.obj)
 .text.usb_update_sn_string_descriptor
                0x00002afc       0x7c zephyr/libzephyr.a(usb_descriptor.c.obj)
                0x00002afc                usb_update_sn_string_descriptor
 .text.usb_fix_ascii_sn_string_descriptor
                0x00002b78       0x60 zephyr/libzephyr.a(usb_descriptor.c.obj)
 .text.usb_fix_descriptor
                0x00002bd8      0x174 zephyr/libzephyr.a(usb_descriptor.c.obj)
 .text.usb_get_device_descriptor
                0x00002d4c       0x44 zephyr/libzephyr.a(usb_descriptor.c.obj)
                0x00002d4c                usb_get_device_descriptor
 .text.usb_ep_get_transfer
                0x00002d90       0x2c zephyr/libzephyr.a(usb_transfer.c.obj)
 .text.usb_transfer_work
                0x00002dbc      0x18c zephyr/libzephyr.a(usb_transfer.c.obj)
 .text.usb_transfer_ep_callback
                0x00002f48       0x84 zephyr/libzephyr.a(usb_transfer.c.obj)
                0x00002f48                usb_transfer_ep_callback
 .text.usb_transfer
                0x00002fcc      0x13c zephyr/libzephyr.a(usb_transfer.c.obj)
                0x00002fcc                usb_transfer
 .text.usb_cancel_transfer
                0x00003108       0x40 zephyr/libzephyr.a(usb_transfer.c.obj)
                0x00003108                usb_cancel_transfer
 .text.usb_cancel_transfers
                0x00003148       0x58 zephyr/libzephyr.a(usb_transfer.c.obj)
                0x00003148                usb_cancel_transfers
 .text.usb_transfer_init
                0x000031a0       0x3c zephyr/libzephyr.a(usb_transfer.c.obj)
                0x000031a0                usb_transfer_init
 .text.cdc_acm_class_handle_req
                0x000031dc       0x94 zephyr/libzephyr.a(cdc_acm.c.obj)
                0x000031dc                cdc_acm_class_handle_req
 .text.cdc_acm_int_in
                0x00003270       0x4c zephyr/libzephyr.a(cdc_acm.c.obj)
 .text.cdc_acm_irq_rx_enable
                0x000032bc       0x24 zephyr/libzephyr.a(cdc_acm.c.obj)
 .text.cdc_acm_irq_tx_enable
                0x000032e0       0x24 zephyr/libzephyr.a(cdc_acm.c.obj)
 .text.cdc_acm_reset_port
                0x00003304       0x44 zephyr/libzephyr.a(cdc_acm.c.obj)
 .text.cdc_acm_fifo_fill
                0x00003348       0x90 zephyr/libzephyr.a(cdc_acm.c.obj)
 .text.cdc_acm_read_cb
                0x000033d8       0x88 zephyr/libzephyr.a(cdc_acm.c.obj)
 .text.cdc_acm_do_cb
                0x00003460      0x158 zephyr/libzephyr.a(cdc_acm.c.obj)
 .text.cdc_acm_dev_status_cb
                0x000035b8       0x54 zephyr/libzephyr.a(cdc_acm.c.obj)
 .text.cdc_acm_send_notification
                0x0000360c       0x60 zephyr/libzephyr.a(cdc_acm.c.obj)
 .text.cdc_acm_poll_out
                0x0000366c       0xd0 zephyr/libzephyr.a(cdc_acm.c.obj)
 .text.cdc_acm_write_cb
                0x0000373c       0x3c zephyr/libzephyr.a(cdc_acm.c.obj)
 .text.cdc_acm_init
                0x00003778       0x4c zephyr/libzephyr.a(cdc_acm.c.obj)
 .text.tx_work_handler
                0x000037c4       0x58 zephyr/libzephyr.a(cdc_acm.c.obj)
 .text.z_usb_work_q_init
                0x0000381c       0x34 zephyr/libzephyr.a(usb_work_q.c.obj)
 .text.pm_system_resume
                0x00003850       0xc4 zephyr/libzephyr.a(pm.c.obj)
                0x00003850                pm_system_resume
 .text.pm_system_suspend
                0x00003914      0x160 zephyr/libzephyr.a(pm.c.obj)
                0x00003914                pm_system_suspend
 .text.nrf_cc3xx_platform_abort_init
                0x00003a74       0x10 zephyr/libzephyr.a(nrf_cc3xx_platform_abort_zephyr.c.obj)
                0x00003a74                nrf_cc3xx_platform_abort_init
 .text.mutex_unlock_platform
                0x00003a84       0x60 zephyr/libzephyr.a(nrf_cc3xx_platform_mutex_zephyr.c.obj)
 .text.mutex_lock_platform
                0x00003ae4       0x74 zephyr/libzephyr.a(nrf_cc3xx_platform_mutex_zephyr.c.obj)
 .text.mutex_free_platform
                0x00003b58       0x4c zephyr/libzephyr.a(nrf_cc3xx_platform_mutex_zephyr.c.obj)
 .text.mutex_init_platform
                0x00003ba4       0x74 zephyr/libzephyr.a(nrf_cc3xx_platform_mutex_zephyr.c.obj)
 .text.nrf_cc3xx_platform_mutex_init
                0x00003c18       0x28 zephyr/libzephyr.a(nrf_cc3xx_platform_mutex_zephyr.c.obj)
                0x00003c18                nrf_cc3xx_platform_mutex_init
 .text.z_arm_cpu_idle_init
                0x00003c40        0xc zephyr/arch/arch/arm/core/aarch32/libarch__arm__core__aarch32.a(cpu_idle.S.obj)
                0x00003c40                z_arm_cpu_idle_init
 .text.arch_cpu_idle
                0x00003c4c       0x1c zephyr/arch/arch/arm/core/aarch32/libarch__arm__core__aarch32.a(cpu_idle.S.obj)
                0x00003c4c                arch_cpu_idle
 .text.arch_cpu_atomic_idle
                0x00003c68       0x14 zephyr/arch/arch/arm/core/aarch32/libarch__arm__core__aarch32.a(cpu_idle.S.obj)
                0x00003c68                arch_cpu_atomic_idle
 .text.esf_dump
                0x00003c7c       0x9c zephyr/arch/arch/arm/core/aarch32/libarch__arm__core__aarch32.a(fatal.c.obj)
 .text.arch_irq_enable
                0x00003d18       0x20 zephyr/arch/arch/arm/core/aarch32/libarch__arm__core__aarch32.a(irq_manage.c.obj)
                0x00003d18                arch_irq_enable
 .text.arch_irq_disable
                0x00003d38       0x28 zephyr/arch/arch/arm/core/aarch32/libarch__arm__core__aarch32.a(irq_manage.c.obj)
                0x00003d38                arch_irq_disable
 .text.arch_irq_is_enabled
                0x00003d60       0x1c zephyr/arch/arch/arm/core/aarch32/libarch__arm__core__aarch32.a(irq_manage.c.obj)
                0x00003d60                arch_irq_is_enabled
 .text.z_arm_irq_priority_set
                0x00003d7c       0x2c zephyr/arch/arch/arm/core/aarch32/libarch__arm__core__aarch32.a(irq_manage.c.obj)
                0x00003d7c                z_arm_irq_priority_set
 .text.z_SysNmiOnReset
                0x00003da8        0x8 zephyr/arch/arch/arm/core/aarch32/libarch__arm__core__aarch32.a(nmi_on_reset.S.obj)
                0x00003da8                z_SysNmiOnReset
 .text.z_arm_prep_c
                0x00003db0       0x38 zephyr/arch/arch/arm/core/aarch32/libarch__arm__core__aarch32.a(prep_c.c.obj)
                0x00003db0                z_arm_prep_c
 .text.arch_swap
                0x00003de8       0x38 zephyr/arch/arch/arm/core/aarch32/libarch__arm__core__aarch32.a(swap.c.obj)
                0x00003de8                arch_swap
 .text.z_arm_pendsv
                0x00003e20       0x5c zephyr/arch/arch/arm/core/aarch32/libarch__arm__core__aarch32.a(swap_helper.S.obj)
                0x00003e20                z_arm_pendsv
 .text.z_arm_svc
                0x00003e7c       0x20 zephyr/arch/arch/arm/core/aarch32/libarch__arm__core__aarch32.a(swap_helper.S.obj)
                0x00003e7c                z_arm_svc
 .text.arch_new_thread
                0x00003e9c       0x40 zephyr/arch/arch/arm/core/aarch32/libarch__arm__core__aarch32.a(thread.c.obj)
                0x00003e9c                arch_new_thread
 .text.arch_switch_to_main_thread
                0x00003edc       0x2c zephyr/arch/arch/arm/core/aarch32/libarch__arm__core__aarch32.a(thread.c.obj)
                0x00003edc                arch_switch_to_main_thread
 .text._isr_wrapper
                0x00003f08       0x40 zephyr/arch/arch/arm/core/aarch32/libarch__arm__core__aarch32.a(isr_wrapper.S.obj)
                0x00003f08                _isr_wrapper
 .text._HandlerModeExit
                0x00003f48       0x1c zephyr/arch/arch/arm/core/aarch32/cortex_m/libarch__arm__core__aarch32__cortex_m.a(exc_exit.S.obj)
                0x00003f48                z_arm_int_exit
                0x00003f48                z_arm_exc_exit
 .text.usage_fault
                0x00003f64      0x198 zephyr/arch/arch/arm/core/aarch32/cortex_m/libarch__arm__core__aarch32__cortex_m.a(fault.c.obj)
 .text.debug_monitor
                0x000040fc       0x34 zephyr/arch/arch/arm/core/aarch32/cortex_m/libarch__arm__core__aarch32__cortex_m.a(fault.c.obj)
 .text.mem_manage_fault
                0x00004130      0x18c zephyr/arch/arch/arm/core/aarch32/cortex_m/libarch__arm__core__aarch32__cortex_m.a(fault.c.obj)
 .text.bus_fault
                0x000042bc      0x1b0 zephyr/arch/arch/arm/core/aarch32/cortex_m/libarch__arm__core__aarch32__cortex_m.a(fault.c.obj)
 .text.hard_fault
                0x0000446c      0x14c zephyr/arch/arch/arm/core/aarch32/cortex_m/libarch__arm__core__aarch32__cortex_m.a(fault.c.obj)
 .text.reserved_exception
                0x000045b8       0x48 zephyr/arch/arch/arm/core/aarch32/cortex_m/libarch__arm__core__aarch32__cortex_m.a(fault.c.obj)
 .text.z_arm_fault
                0x00004600       0xc4 zephyr/arch/arch/arm/core/aarch32/cortex_m/libarch__arm__core__aarch32__cortex_m.a(fault.c.obj)
                0x00004600                z_arm_fault
 .text.z_arm_fault_init
                0x000046c4       0x18 zephyr/arch/arch/arm/core/aarch32/cortex_m/libarch__arm__core__aarch32__cortex_m.a(fault.c.obj)
                0x000046c4                z_arm_fault_init
 .text.__fault  0x000046dc       0x14 zephyr/arch/arch/arm/core/aarch32/cortex_m/libarch__arm__core__aarch32__cortex_m.a(fault_s.S.obj)
                0x000046dc                z_arm_usage_fault
                0x000046dc                z_arm_mpu_fault
                0x000046dc                z_arm_exc_spurious
                0x000046dc                z_arm_debug_monitor
                0x000046dc                z_arm_hard_fault
                0x000046dc                z_arm_bus_fault
 .text.z_arm_interrupt_init
                0x000046f0       0x34 zephyr/arch/arch/arm/core/aarch32/cortex_m/libarch__arm__core__aarch32__cortex_m.a(irq_init.c.obj)
                0x000046f0                z_arm_interrupt_init
 .text._reset_section
                0x00004724       0x60 zephyr/arch/arch/arm/core/aarch32/cortex_m/libarch__arm__core__aarch32__cortex_m.a(reset.S.obj)
                0x00004724                __start
                0x00004724                z_arm_reset
 .text.sys_arch_reboot
                0x00004784       0x24 zephyr/arch/arch/arm/core/aarch32/cortex_m/libarch__arm__core__aarch32__cortex_m.a(scb.c.obj)
                0x00004784                sys_arch_reboot
 .text.z_arm_clear_arm_mpu_config
                0x000047a8       0x20 zephyr/arch/arch/arm/core/aarch32/cortex_m/libarch__arm__core__aarch32__cortex_m.a(scb.c.obj)
                0x000047a8                z_arm_clear_arm_mpu_config
 .text.z_arm_init_arch_hw_at_boot
                0x000047c8       0x54 zephyr/arch/arch/arm/core/aarch32/cortex_m/libarch__arm__core__aarch32__cortex_m.a(scb.c.obj)
                0x000047c8                z_arm_init_arch_hw_at_boot
 .text.z_impl_k_thread_abort
                0x0000481c       0x2c zephyr/arch/arch/arm/core/aarch32/cortex_m/libarch__arm__core__aarch32__cortex_m.a(thread_abort.c.obj)
                0x0000481c                z_impl_k_thread_abort
 .text.z_arm_configure_static_mpu_regions
                0x00004848       0x3c zephyr/arch/arch/arm/core/aarch32/mpu/libarch__arm__core__aarch32__mpu.a(arm_core_mpu.c.obj)
                0x00004848                z_arm_configure_static_mpu_regions
 .text.mpu_init
                0x00004884       0x10 zephyr/arch/arch/arm/core/aarch32/mpu/libarch__arm__core__aarch32__mpu.a(arm_mpu.c.obj)
 .text.region_init
                0x00004894       0x30 zephyr/arch/arch/arm/core/aarch32/mpu/libarch__arm__core__aarch32__mpu.a(arm_mpu.c.obj)
 .text.region_allocate_and_init
                0x000048c4       0x44 zephyr/arch/arch/arm/core/aarch32/mpu/libarch__arm__core__aarch32__mpu.a(arm_mpu.c.obj)
 .text.mpu_configure_regions_and_partition
                0x00004908      0x1d8 zephyr/arch/arch/arm/core/aarch32/mpu/libarch__arm__core__aarch32__mpu.a(arm_mpu.c.obj)
 .text.mpu_configure_static_mpu_regions
                0x00004ae0       0x14 zephyr/arch/arch/arm/core/aarch32/mpu/libarch__arm__core__aarch32__mpu.a(arm_mpu.c.obj)
 .text.mpu_mark_areas_for_dynamic_regions
                0x00004af4       0xac zephyr/arch/arch/arm/core/aarch32/mpu/libarch__arm__core__aarch32__mpu.a(arm_mpu.c.obj)
 .text.arm_core_mpu_enable
                0x00004ba0       0x14 zephyr/arch/arch/arm/core/aarch32/mpu/libarch__arm__core__aarch32__mpu.a(arm_mpu.c.obj)
                0x00004ba0                arm_core_mpu_enable
 .text.arm_core_mpu_disable
                0x00004bb4       0x10 zephyr/arch/arch/arm/core/aarch32/mpu/libarch__arm__core__aarch32__mpu.a(arm_mpu.c.obj)
                0x00004bb4                arm_core_mpu_disable
 .text.z_arm_mpu_init
                0x00004bc4       0x44 zephyr/arch/arch/arm/core/aarch32/mpu/libarch__arm__core__aarch32__mpu.a(arm_mpu.c.obj)
                0x00004bc4                z_arm_mpu_init
 .text.__stdout_hook_install
                0x00004c08        0xc zephyr/lib/libc/minimal/liblib__libc__minimal.a(stdout_console.c.obj)
                0x00004c08                __stdout_hook_install
 .text.endpoint_ctx
                0x00004c14       0x68 zephyr/drivers/usb/device/libdrivers__usb__device.a(usb_dc_nrfx.c.obj)
 .text.eps_ctx_init
                0x00004c7c       0x64 zephyr/drivers/usb/device/libdrivers__usb__device.a(usb_dc_nrfx.c.obj)
 .text.usb_init
                0x00004ce0       0x5c zephyr/drivers/usb/device/libdrivers__usb__device.a(usb_dc_nrfx.c.obj)
 .text.submit_dc_power_event
                0x00004d3c       0xec zephyr/drivers/usb/device/libdrivers__usb__device.a(usb_dc_nrfx.c.obj)
 .text.usb_dc_power_event_handler
                0x00004e28       0x48 zephyr/drivers/usb/device/libdrivers__usb__device.a(usb_dc_nrfx.c.obj)
 .text.usbd_sof_trigger_iso_read
                0x00004e70      0x140 zephyr/drivers/usb/device/libdrivers__usb__device.a(usb_dc_nrfx.c.obj)
 .text.usbd_work_handler
                0x00004fb0      0x3ac zephyr/drivers/usb/device/libdrivers__usb__device.a(usb_dc_nrfx.c.obj)
 .text.usbd_event_transfer_ctrl
                0x0000535c      0x330 zephyr/drivers/usb/device/libdrivers__usb__device.a(usb_dc_nrfx.c.obj)
 .text.usbd_event_transfer_data
                0x0000568c      0x32c zephyr/drivers/usb/device/libdrivers__usb__device.a(usb_dc_nrfx.c.obj)
 .text.usbd_event_handler
                0x000059b8      0x198 zephyr/drivers/usb/device/libdrivers__usb__device.a(usb_dc_nrfx.c.obj)
 .text.usb_dc_attach
                0x00005b50       0x90 zephyr/drivers/usb/device/libdrivers__usb__device.a(usb_dc_nrfx.c.obj)
                0x00005b50                usb_dc_attach
 .text.usb_dc_set_address
                0x00005be0       0x24 zephyr/drivers/usb/device/libdrivers__usb__device.a(usb_dc_nrfx.c.obj)
                0x00005be0                usb_dc_set_address
 .text.usb_dc_ep_check_cap
                0x00005c04       0x88 zephyr/drivers/usb/device/libdrivers__usb__device.a(usb_dc_nrfx.c.obj)
                0x00005c04                usb_dc_ep_check_cap
 .text.usb_dc_ep_configure
                0x00005c8c       0x7c zephyr/drivers/usb/device/libdrivers__usb__device.a(usb_dc_nrfx.c.obj)
                0x00005c8c                usb_dc_ep_configure
 .text.usb_dc_ep_set_stall
                0x00005d08       0x8c zephyr/drivers/usb/device/libdrivers__usb__device.a(usb_dc_nrfx.c.obj)
                0x00005d08                usb_dc_ep_set_stall
 .text.usb_dc_ep_clear_stall
                0x00005d94       0x4c zephyr/drivers/usb/device/libdrivers__usb__device.a(usb_dc_nrfx.c.obj)
                0x00005d94                usb_dc_ep_clear_stall
 .text.usb_dc_ep_is_stalled
                0x00005de0       0x48 zephyr/drivers/usb/device/libdrivers__usb__device.a(usb_dc_nrfx.c.obj)
                0x00005de0                usb_dc_ep_is_stalled
 .text.usb_dc_ep_enable
                0x00005e28       0x5c zephyr/drivers/usb/device/libdrivers__usb__device.a(usb_dc_nrfx.c.obj)
                0x00005e28                usb_dc_ep_enable
 .text.usb_dc_ep_disable
                0x00005e84       0x54 zephyr/drivers/usb/device/libdrivers__usb__device.a(usb_dc_nrfx.c.obj)
                0x00005e84                usb_dc_ep_disable
 .text.usb_dc_ep_write
                0x00005ed8      0x160 zephyr/drivers/usb/device/libdrivers__usb__device.a(usb_dc_nrfx.c.obj)
                0x00005ed8                usb_dc_ep_write
 .text.usb_dc_ep_read_wait
                0x00006038       0xf4 zephyr/drivers/usb/device/libdrivers__usb__device.a(usb_dc_nrfx.c.obj)
                0x00006038                usb_dc_ep_read_wait
 .text.usb_dc_ep_read_continue
                0x0000612c      0x190 zephyr/drivers/usb/device/libdrivers__usb__device.a(usb_dc_nrfx.c.obj)
                0x0000612c                usb_dc_ep_read_continue
 .text.usb_dc_ep_set_callback
                0x000062bc       0x28 zephyr/drivers/usb/device/libdrivers__usb__device.a(usb_dc_nrfx.c.obj)
                0x000062bc                usb_dc_ep_set_callback
 .text.usb_dc_set_status_callback
                0x000062e4        0xc zephyr/drivers/usb/device/libdrivers__usb__device.a(usb_dc_nrfx.c.obj)
                0x000062e4                usb_dc_set_status_callback
 .text.usb_dc_ep_mps
                0x000062f0       0x24 zephyr/drivers/usb/device/libdrivers__usb__device.a(usb_dc_nrfx.c.obj)
                0x000062f0                usb_dc_ep_mps
 .text.get_hf_flags
                0x00006314        0x8 zephyr/drivers/clock_control/libdrivers__clock_control.a(clock_control_nrf.c.obj)
 .text.get_subsys
                0x0000631c       0x18 zephyr/drivers/clock_control/libdrivers__clock_control.a(clock_control_nrf.c.obj)
 .text.onoff_stop
                0x00006334       0x20 zephyr/drivers/clock_control/libdrivers__clock_control.a(clock_control_nrf.c.obj)
 .text.onoff_start
                0x00006354       0x34 zephyr/drivers/clock_control/libdrivers__clock_control.a(clock_control_nrf.c.obj)
 .text.clock_event_handler
                0x00006388       0x4c zephyr/drivers/clock_control/libdrivers__clock_control.a(clock_control_nrf.c.obj)
 .text.generic_hfclk_start
                0x000063d4       0x68 zephyr/drivers/clock_control/libdrivers__clock_control.a(clock_control_nrf.c.obj)
 .text.generic_hfclk_stop
                0x0000643c       0x28 zephyr/drivers/clock_control/libdrivers__clock_control.a(clock_control_nrf.c.obj)
 .text.api_blocking_start
                0x00006464       0x38 zephyr/drivers/clock_control/libdrivers__clock_control.a(clock_control_nrf.c.obj)
 .text.clk_init
                0x0000649c       0x68 zephyr/drivers/clock_control/libdrivers__clock_control.a(clock_control_nrf.c.obj)
 .text.lfclk_spinwait
                0x00006504       0xf0 zephyr/drivers/clock_control/libdrivers__clock_control.a(clock_control_nrf.c.obj)
 .text.z_nrf_clock_control_get_onoff
                0x000065f4       0x10 zephyr/drivers/clock_control/libdrivers__clock_control.a(clock_control_nrf.c.obj)
                0x000065f4                z_nrf_clock_control_get_onoff
 .text.z_nrf_clock_control_lf_on
                0x00006604       0x4c zephyr/drivers/clock_control/libdrivers__clock_control.a(clock_control_nrf.c.obj)
                0x00006604                z_nrf_clock_control_lf_on
 .text.console_out
                0x00006650       0x2c zephyr/drivers/console/libdrivers__console.a(uart_console.c.obj)
 .text.uart_console_hook_install
                0x0000667c       0x18 zephyr/drivers/console/libdrivers__console.a(uart_console.c.obj)
 .text.uart_console_init
                0x00006694       0x24 zephyr/drivers/console/libdrivers__console.a(uart_console.c.obj)
 .text.get_drive
                0x000066b8       0x8c zephyr/drivers/gpio/libdrivers__gpio.a(gpio_nrfx.c.obj)
 .text.get_dev  0x00006744       0x1c zephyr/drivers/gpio/libdrivers__gpio.a(gpio_nrfx.c.obj)
 .text.gpio_nrfx_pin_interrupt_configure
                0x00006760       0xc8 zephyr/drivers/gpio/libdrivers__gpio.a(gpio_nrfx.c.obj)
 .text.pin_uninit
                0x00006828       0x48 zephyr/drivers/gpio/libdrivers__gpio.a(gpio_nrfx.c.obj)
 .text.gpio_nrfx_pin_configure
                0x00006870      0x100 zephyr/drivers/gpio/libdrivers__gpio.a(gpio_nrfx.c.obj)
 .text.gpio_nrfx_init
                0x00006970       0x3c zephyr/drivers/gpio/libdrivers__gpio.a(gpio_nrfx.c.obj)
 .text.uarte_nrfx_pins_configure
                0x000069ac      0x1cc zephyr/drivers/serial/libdrivers__serial.a(uart_nrfx_uarte.c.obj)
 .text.baudrate_set
                0x00006b78      0x150 zephyr/drivers/serial/libdrivers__serial.a(uart_nrfx_uarte.c.obj)
 .text.uarte_nrfx_poll_out
                0x00006cc8       0x70 zephyr/drivers/serial/libdrivers__serial.a(uart_nrfx_uarte.c.obj)
 .text.endtx_stoptx_ppi_init
                0x00006d38       0x6c zephyr/drivers/serial/libdrivers__serial.a(uart_nrfx_uarte.c.obj)
 .text.set_comparator
                0x00006da4       0x14 zephyr/drivers/timer/libdrivers__timer.a(nrf_rtc_timer.c.obj)
 .text.get_comparator
                0x00006db8       0x10 zephyr/drivers/timer/libdrivers__timer.a(nrf_rtc_timer.c.obj)
 .text.event_enable
                0x00006dc8       0x14 zephyr/drivers/timer/libdrivers__timer.a(nrf_rtc_timer.c.obj)
 .text.event_disable
                0x00006ddc       0x14 zephyr/drivers/timer/libdrivers__timer.a(nrf_rtc_timer.c.obj)
 .text.counter  0x00006df0        0xc zephyr/drivers/timer/libdrivers__timer.a(nrf_rtc_timer.c.obj)
 .text.compare_int_lock
                0x00006dfc       0x44 zephyr/drivers/timer/libdrivers__timer.a(nrf_rtc_timer.c.obj)
 .text.channel_processing_check_and_clear
                0x00006e40       0x70 zephyr/drivers/timer/libdrivers__timer.a(nrf_rtc_timer.c.obj)
 .text.compare_int_unlock
                0x00006eb0       0x54 zephyr/drivers/timer/libdrivers__timer.a(nrf_rtc_timer.c.obj)
 .text.sys_clock_timeout_handler
                0x00006f04       0x74 zephyr/drivers/timer/libdrivers__timer.a(nrf_rtc_timer.c.obj)
 .text.z_nrf_rtc_timer_read
                0x00006f78       0x40 zephyr/drivers/timer/libdrivers__timer.a(nrf_rtc_timer.c.obj)
                0x00006f78                z_nrf_rtc_timer_read
 .text.compare_set_nolocks
                0x00006fb8       0x9c zephyr/drivers/timer/libdrivers__timer.a(nrf_rtc_timer.c.obj)
 .text.sys_clock_driver_init
                0x00007054       0x9c zephyr/drivers/timer/libdrivers__timer.a(nrf_rtc_timer.c.obj)
 .text.process_channel
                0x000070f0       0x74 zephyr/drivers/timer/libdrivers__timer.a(nrf_rtc_timer.c.obj)
 .text.rtc_nrf_isr
                0x00007164       0x44 zephyr/drivers/timer/libdrivers__timer.a(nrf_rtc_timer.c.obj)
                0x00007164                rtc_nrf_isr
 .text.sys_clock_set_timeout
                0x000071a8       0x68 zephyr/drivers/timer/libdrivers__timer.a(nrf_rtc_timer.c.obj)
                0x000071a8                sys_clock_set_timeout
 .text.sys_clock_elapsed
                0x00007210       0x14 zephyr/drivers/timer/libdrivers__timer.a(nrf_rtc_timer.c.obj)
                0x00007210                sys_clock_elapsed
 .text.k_sys_fatal_error_handler
                0x00007224       0x38 modules/nrf/lib/fatal_error/lib..__nrf__lib__fatal_error.a(fatal_error.c.obj)
                0x00007224                k_sys_fatal_error_handler
 .text.nrf53_errata_42
                0x0000725c       0x28 modules/hal_nordic/nrfx/libmodules__hal_nordic__nrfx.a(system_nrf5340_application.c.obj)
 .text.nrf53_errata_46
                0x00007284       0x30 modules/hal_nordic/nrfx/libmodules__hal_nordic__nrfx.a(system_nrf5340_application.c.obj)
 .text.nrf53_errata_49
                0x000072b4       0x28 modules/hal_nordic/nrfx/libmodules__hal_nordic__nrfx.a(system_nrf5340_application.c.obj)
 .text.nrf53_errata_55
                0x000072dc       0x1c modules/hal_nordic/nrfx/libmodules__hal_nordic__nrfx.a(system_nrf5340_application.c.obj)
 .text.nrf53_errata_64
                0x000072f8       0x28 modules/hal_nordic/nrfx/libmodules__hal_nordic__nrfx.a(system_nrf5340_application.c.obj)
 .text.nrf53_errata_69
                0x00007320       0x28 modules/hal_nordic/nrfx/libmodules__hal_nordic__nrfx.a(system_nrf5340_application.c.obj)
 .text.nrf53_errata_97
                0x00007348       0x28 modules/hal_nordic/nrfx/libmodules__hal_nordic__nrfx.a(system_nrf5340_application.c.obj)
 .text.SystemCoreClockUpdate
                0x00007370       0x20 modules/hal_nordic/nrfx/libmodules__hal_nordic__nrfx.a(system_nrf5340_application.c.obj)
                0x00007370                SystemCoreClockUpdate
 .text.SystemInit
                0x00007390      0x118 modules/hal_nordic/nrfx/libmodules__hal_nordic__nrfx.a(system_nrf5340_application.c.obj)
                0x00007390                SystemInit
 .text.nrfx_flag32_alloc
                0x000074a8       0x40 modules/hal_nordic/nrfx/libmodules__hal_nordic__nrfx.a(nrfx_flag32_allocator.c.obj)
                0x000074a8                nrfx_flag32_alloc
 .text.nrfx_flag32_free
                0x000074e8       0x40 modules/hal_nordic/nrfx/libmodules__hal_nordic__nrfx.a(nrfx_flag32_allocator.c.obj)
                0x000074e8                nrfx_flag32_free
 .text.nrfx_clock_init
                0x00007528       0x24 modules/hal_nordic/nrfx/libmodules__hal_nordic__nrfx.a(nrfx_clock.c.obj)
                0x00007528                nrfx_clock_init
 .text.nrfx_clock_enable
                0x0000754c       0x2c modules/hal_nordic/nrfx/libmodules__hal_nordic__nrfx.a(nrfx_clock.c.obj)
                0x0000754c                nrfx_clock_enable
 .text.nrfx_clock_start
                0x00007578       0xb4 modules/hal_nordic/nrfx/libmodules__hal_nordic__nrfx.a(nrfx_clock.c.obj)
                0x00007578                nrfx_clock_start
 .text.nrfx_clock_stop
                0x0000762c      0x1b8 modules/hal_nordic/nrfx/libmodules__hal_nordic__nrfx.a(nrfx_clock.c.obj)
                0x0000762c                nrfx_clock_stop
 .text.nrfx_clock_irq_handler
                0x000077e4       0xc0 modules/hal_nordic/nrfx/libmodules__hal_nordic__nrfx.a(nrfx_clock.c.obj)
                0x000077e4                nrfx_clock_irq_handler
 .text.nrfx_dppi_channel_alloc
                0x000078a4       0x10 modules/hal_nordic/nrfx/libmodules__hal_nordic__nrfx.a(nrfx_dppi.c.obj)
                0x000078a4                nrfx_dppi_channel_alloc
 .text.pin_in_use
                0x000078b4       0x14 modules/hal_nordic/nrfx/libmodules__hal_nordic__nrfx.a(nrfx_gpiote.c.obj)
 .text.pin_in_use_by_te
                0x000078c8       0x14 modules/hal_nordic/nrfx/libmodules__hal_nordic__nrfx.a(nrfx_gpiote.c.obj)
 .text.pin_has_trigger
                0x000078dc       0x18 modules/hal_nordic/nrfx/libmodules__hal_nordic__nrfx.a(nrfx_gpiote.c.obj)
 .text.pin_is_output
                0x000078f4       0x14 modules/hal_nordic/nrfx/libmodules__hal_nordic__nrfx.a(nrfx_gpiote.c.obj)
 .text.pin_te_get
                0x00007908       0x10 modules/hal_nordic/nrfx/libmodules__hal_nordic__nrfx.a(nrfx_gpiote.c.obj)
 .text.handler_in_use
                0x00007918       0x34 modules/hal_nordic/nrfx/libmodules__hal_nordic__nrfx.a(nrfx_gpiote.c.obj)
 .text.find_handler
                0x0000794c       0x2c modules/hal_nordic/nrfx/libmodules__hal_nordic__nrfx.a(nrfx_gpiote.c.obj)
 .text.channel_handler_get
                0x00007978       0x20 modules/hal_nordic/nrfx/libmodules__hal_nordic__nrfx.a(nrfx_gpiote.c.obj)
 .text.call_handler
                0x00007998       0x2c modules/hal_nordic/nrfx/libmodules__hal_nordic__nrfx.a(nrfx_gpiote.c.obj)
 .text.next_sense_cond_call_handler
                0x000079c4       0xb0 modules/hal_nordic/nrfx/libmodules__hal_nordic__nrfx.a(nrfx_gpiote.c.obj)
 .text.latch_pending_read_and_check
                0x00007a74       0x50 modules/hal_nordic/nrfx/libmodules__hal_nordic__nrfx.a(nrfx_gpiote.c.obj)
 .text.release_handler
                0x00007ac4       0x44 modules/hal_nordic/nrfx/libmodules__hal_nordic__nrfx.a(nrfx_gpiote.c.obj)
 .text.pin_handler_trigger_uninit
                0x00007b08       0x3c modules/hal_nordic/nrfx/libmodules__hal_nordic__nrfx.a(nrfx_gpiote.c.obj)
 .text.pin_handler_set
                0x00007b44       0x6c modules/hal_nordic/nrfx/libmodules__hal_nordic__nrfx.a(nrfx_gpiote.c.obj)
 .text.port_event_handle
                0x00007bb0       0xc4 modules/hal_nordic/nrfx/libmodules__hal_nordic__nrfx.a(nrfx_gpiote.c.obj)
 .text.gpiote_evt_handle
                0x00007c74       0x40 modules/hal_nordic/nrfx/libmodules__hal_nordic__nrfx.a(nrfx_gpiote.c.obj)
 .text.nrfx_gpiote_input_configure
                0x00007cb4      0x170 modules/hal_nordic/nrfx/libmodules__hal_nordic__nrfx.a(nrfx_gpiote.c.obj)
                0x00007cb4                nrfx_gpiote_input_configure
 .text.nrfx_gpiote_output_configure
                0x00007e24      0x184 modules/hal_nordic/nrfx/libmodules__hal_nordic__nrfx.a(nrfx_gpiote.c.obj)
                0x00007e24                nrfx_gpiote_output_configure
 .text.nrfx_gpiote_global_callback_set
                0x00007fa8        0xc modules/hal_nordic/nrfx/libmodules__hal_nordic__nrfx.a(nrfx_gpiote.c.obj)
                0x00007fa8                nrfx_gpiote_global_callback_set
 .text.nrfx_gpiote_channel_get
                0x00007fb4       0x30 modules/hal_nordic/nrfx/libmodules__hal_nordic__nrfx.a(nrfx_gpiote.c.obj)
                0x00007fb4                nrfx_gpiote_channel_get
 .text.nrfx_gpiote_init
                0x00007fe4       0x54 modules/hal_nordic/nrfx/libmodules__hal_nordic__nrfx.a(nrfx_gpiote.c.obj)
                0x00007fe4                nrfx_gpiote_init
 .text.nrfx_gpiote_is_init
                0x00008038       0x14 modules/hal_nordic/nrfx/libmodules__hal_nordic__nrfx.a(nrfx_gpiote.c.obj)
                0x00008038                nrfx_gpiote_is_init
 .text.nrfx_gpiote_channel_free
                0x0000804c       0x10 modules/hal_nordic/nrfx/libmodules__hal_nordic__nrfx.a(nrfx_gpiote.c.obj)
                0x0000804c                nrfx_gpiote_channel_free
 .text.nrfx_gpiote_channel_alloc
                0x0000805c       0x10 modules/hal_nordic/nrfx/libmodules__hal_nordic__nrfx.a(nrfx_gpiote.c.obj)
                0x0000805c                nrfx_gpiote_channel_alloc
 .text.nrfx_gpiote_trigger_enable
                0x0000806c       0xc4 modules/hal_nordic/nrfx/libmodules__hal_nordic__nrfx.a(nrfx_gpiote.c.obj)
                0x0000806c                nrfx_gpiote_trigger_enable
 .text.nrfx_gpiote_trigger_disable
                0x00008130       0x60 modules/hal_nordic/nrfx/libmodules__hal_nordic__nrfx.a(nrfx_gpiote.c.obj)
                0x00008130                nrfx_gpiote_trigger_disable
 .text.nrfx_gpiote_pin_uninit
                0x00008190       0x50 modules/hal_nordic/nrfx/libmodules__hal_nordic__nrfx.a(nrfx_gpiote.c.obj)
                0x00008190                nrfx_gpiote_pin_uninit
 .text.nrfx_gpiote_irq_handler
                0x000081e0       0x60 modules/hal_nordic/nrfx/libmodules__hal_nordic__nrfx.a(nrfx_gpiote.c.obj)
                0x000081e0                nrfx_gpiote_irq_handler
 .text.nrf53_errata_53
                0x00008240       0x28 modules/hal_nordic/nrfx/libmodules__hal_nordic__nrfx.a(nrfx_power.c.obj)
 .text.nrfx_power_init
                0x00008268       0x7c modules/hal_nordic/nrfx/libmodules__hal_nordic__nrfx.a(nrfx_power.c.obj)
                0x00008268                nrfx_power_init
 .text.nrfx_power_irq_handler
                0x000082e4       0x7c modules/hal_nordic/nrfx/libmodules__hal_nordic__nrfx.a(nrfx_power.c.obj)
                0x000082e4                nrfx_power_irq_handler
 .text.ev_usbreset_handler
                0x00008360       0x38 modules/hal_nordic/nrfx/libmodules__hal_nordic__nrfx.a(nrfx_usbd.c.obj)
 .text.ev_sof_handler
                0x00008398       0x60 modules/hal_nordic/nrfx/libmodules__hal_nordic__nrfx.a(nrfx_usbd.c.obj)
 .text.ev_usbevent_handler
                0x000083f8       0xa0 modules/hal_nordic/nrfx/libmodules__hal_nordic__nrfx.a(nrfx_usbd.c.obj)
 .text.usbd_enable
                0x00008498      0x12c modules/hal_nordic/nrfx/libmodules__hal_nordic__nrfx.a(nrfx_usbd.c.obj)
 .text.usbd_ep_data_handler
                0x000085c4      0x170 modules/hal_nordic/nrfx/libmodules__hal_nordic__nrfx.a(nrfx_usbd.c.obj)
 .text.ev_setup_data_handler
                0x00008734       0x24 modules/hal_nordic/nrfx/libmodules__hal_nordic__nrfx.a(nrfx_usbd.c.obj)
 .text.ev_dma_epout8_handler
                0x00008758       0x70 modules/hal_nordic/nrfx/libmodules__hal_nordic__nrfx.a(nrfx_usbd.c.obj)
 .text.ev_dma_epin8_handler
                0x000087c8       0x84 modules/hal_nordic/nrfx/libmodules__hal_nordic__nrfx.a(nrfx_usbd.c.obj)
 .text.ev_dma_epin0_handler
                0x0000884c       0x60 modules/hal_nordic/nrfx/libmodules__hal_nordic__nrfx.a(nrfx_usbd.c.obj)
 .text.ev_dma_epin7_handler
                0x000088ac       0x60 modules/hal_nordic/nrfx/libmodules__hal_nordic__nrfx.a(nrfx_usbd.c.obj)
 .text.ev_dma_epin5_handler
                0x0000890c       0x60 modules/hal_nordic/nrfx/libmodules__hal_nordic__nrfx.a(nrfx_usbd.c.obj)
 .text.ev_dma_epin6_handler
                0x0000896c       0x60 modules/hal_nordic/nrfx/libmodules__hal_nordic__nrfx.a(nrfx_usbd.c.obj)
 .text.ev_dma_epin1_handler
                0x000089cc       0x60 modules/hal_nordic/nrfx/libmodules__hal_nordic__nrfx.a(nrfx_usbd.c.obj)
 .text.ev_dma_epin2_handler
                0x00008a2c       0x60 modules/hal_nordic/nrfx/libmodules__hal_nordic__nrfx.a(nrfx_usbd.c.obj)
 .text.ev_dma_epin3_handler
                0x00008a8c       0x60 modules/hal_nordic/nrfx/libmodules__hal_nordic__nrfx.a(nrfx_usbd.c.obj)
 .text.ev_dma_epin4_handler
                0x00008aec       0x60 modules/hal_nordic/nrfx/libmodules__hal_nordic__nrfx.a(nrfx_usbd.c.obj)
 .text.nrfx_usbd_isoinconfig_set
                0x00008b4c        0xc modules/hal_nordic/nrfx/libmodules__hal_nordic__nrfx.a(nrfx_usbd.c.obj)
                0x00008b4c                nrfx_usbd_isoinconfig_set
 .text.nrfx_usbd_uninit
                0x00008b58       0x14 modules/hal_nordic/nrfx/libmodules__hal_nordic__nrfx.a(nrfx_usbd.c.obj)
                0x00008b58                nrfx_usbd_uninit
 .text.nrfx_usbd_enable
                0x00008b6c      0x134 modules/hal_nordic/nrfx/libmodules__hal_nordic__nrfx.a(nrfx_usbd.c.obj)
                0x00008b6c                nrfx_usbd_enable
 .text.nrfx_usbd_start
                0x00008ca0       0x38 modules/hal_nordic/nrfx/libmodules__hal_nordic__nrfx.a(nrfx_usbd.c.obj)
                0x00008ca0                nrfx_usbd_start
 .text.nrfx_usbd_is_enabled
                0x00008cd8       0x14 modules/hal_nordic/nrfx/libmodules__hal_nordic__nrfx.a(nrfx_usbd.c.obj)
                0x00008cd8                nrfx_usbd_is_enabled
 .text.nrfx_usbd_ep_max_packet_size_set
                0x00008cec       0x20 modules/hal_nordic/nrfx/libmodules__hal_nordic__nrfx.a(nrfx_usbd.c.obj)
                0x00008cec                nrfx_usbd_ep_max_packet_size_set
 .text.nrfx_usbd_init
                0x00008d0c       0xb0 modules/hal_nordic/nrfx/libmodules__hal_nordic__nrfx.a(nrfx_usbd.c.obj)
                0x00008d0c                nrfx_usbd_init
 .text.nrfx_usbd_ep_transfer
                0x00008dbc      0x124 modules/hal_nordic/nrfx/libmodules__hal_nordic__nrfx.a(nrfx_usbd.c.obj)
                0x00008dbc                nrfx_usbd_ep_transfer
 .text.nrfx_usbd_feeder_buffer_get
                0x00008ee0        0x8 modules/hal_nordic/nrfx/libmodules__hal_nordic__nrfx.a(nrfx_usbd.c.obj)
                0x00008ee0                nrfx_usbd_feeder_buffer_get
 .text.nrfx_usbd_ep_status_get
                0x00008ee8       0x4c modules/hal_nordic/nrfx/libmodules__hal_nordic__nrfx.a(nrfx_usbd.c.obj)
                0x00008ee8                nrfx_usbd_ep_status_get
 .text.nrfx_usbd_epout_size_get
                0x00008f34       0x2c modules/hal_nordic/nrfx/libmodules__hal_nordic__nrfx.a(nrfx_usbd.c.obj)
                0x00008f34                nrfx_usbd_epout_size_get
 .text.usbd_dmareq_process
                0x00008f60      0x1dc modules/hal_nordic/nrfx/libmodules__hal_nordic__nrfx.a(nrfx_usbd.c.obj)
 .text.ev_epdata_handler
                0x0000913c       0x44 modules/hal_nordic/nrfx/libmodules__hal_nordic__nrfx.a(nrfx_usbd.c.obj)
 .text.ev_dma_epout7_handler
                0x00009180       0x84 modules/hal_nordic/nrfx/libmodules__hal_nordic__nrfx.a(nrfx_usbd.c.obj)
 .text.ev_dma_epout1_handler
                0x00009204       0x84 modules/hal_nordic/nrfx/libmodules__hal_nordic__nrfx.a(nrfx_usbd.c.obj)
 .text.ev_dma_epout2_handler
                0x00009288       0x84 modules/hal_nordic/nrfx/libmodules__hal_nordic__nrfx.a(nrfx_usbd.c.obj)
 .text.ev_dma_epout3_handler
                0x0000930c       0x84 modules/hal_nordic/nrfx/libmodules__hal_nordic__nrfx.a(nrfx_usbd.c.obj)
 .text.ev_dma_epout4_handler
                0x00009390       0x84 modules/hal_nordic/nrfx/libmodules__hal_nordic__nrfx.a(nrfx_usbd.c.obj)
 .text.ev_dma_epout5_handler
                0x00009414       0x84 modules/hal_nordic/nrfx/libmodules__hal_nordic__nrfx.a(nrfx_usbd.c.obj)
 .text.ev_dma_epout6_handler
                0x00009498       0x84 modules/hal_nordic/nrfx/libmodules__hal_nordic__nrfx.a(nrfx_usbd.c.obj)
 .text.nrfx_usbd_ep_stall
                0x0000951c       0x10 modules/hal_nordic/nrfx/libmodules__hal_nordic__nrfx.a(nrfx_usbd.c.obj)
                0x0000951c                nrfx_usbd_ep_stall
 .text.nrfx_usbd_ep_stall_check
                0x0000952c       0x40 modules/hal_nordic/nrfx/libmodules__hal_nordic__nrfx.a(nrfx_usbd.c.obj)
                0x0000952c                nrfx_usbd_ep_stall_check
 .text.nrfx_usbd_ep_dtoggle_clear
                0x0000956c       0x18 modules/hal_nordic/nrfx/libmodules__hal_nordic__nrfx.a(nrfx_usbd.c.obj)
                0x0000956c                nrfx_usbd_ep_dtoggle_clear
 .text.nrfx_usbd_setup_get
                0x00009584       0x58 modules/hal_nordic/nrfx/libmodules__hal_nordic__nrfx.a(nrfx_usbd.c.obj)
                0x00009584                nrfx_usbd_setup_get
 .text.nrfx_usbd_setup_data_clear
                0x000095dc       0x10 modules/hal_nordic/nrfx/libmodules__hal_nordic__nrfx.a(nrfx_usbd.c.obj)
                0x000095dc                nrfx_usbd_setup_data_clear
 .text.ev_dma_epout0_handler
                0x000095ec       0x84 modules/hal_nordic/nrfx/libmodules__hal_nordic__nrfx.a(nrfx_usbd.c.obj)
 .text.nrfx_usbd_setup_clear
                0x00009670       0x10 modules/hal_nordic/nrfx/libmodules__hal_nordic__nrfx.a(nrfx_usbd.c.obj)
                0x00009670                nrfx_usbd_setup_clear
 .text.nrfx_usbd_setup_stall
                0x00009680       0x10 modules/hal_nordic/nrfx/libmodules__hal_nordic__nrfx.a(nrfx_usbd.c.obj)
                0x00009680                nrfx_usbd_setup_stall
 .text.nrfx_usbd_last_setup_dir_get
                0x00009690        0xc modules/hal_nordic/nrfx/libmodules__hal_nordic__nrfx.a(nrfx_usbd.c.obj)
                0x00009690                nrfx_usbd_last_setup_dir_get
 .text.nrfx_usbd_transfer_out_drop
                0x0000969c       0x64 modules/hal_nordic/nrfx/libmodules__hal_nordic__nrfx.a(nrfx_usbd.c.obj)
                0x0000969c                nrfx_usbd_transfer_out_drop
 .text.ev_setup_handler
                0x00009700      0x19c modules/hal_nordic/nrfx/libmodules__hal_nordic__nrfx.a(nrfx_usbd.c.obj)
 .text.nrfx_usbd_irq_handler
                0x0000989c       0x80 modules/hal_nordic/nrfx/libmodules__hal_nordic__nrfx.a(nrfx_usbd.c.obj)
                0x0000989c                nrfx_usbd_irq_handler
 .text.nrfx_usbd_ep_enable
                0x0000991c       0xb4 modules/hal_nordic/nrfx/libmodules__hal_nordic__nrfx.a(nrfx_usbd.c.obj)
                0x0000991c                nrfx_usbd_ep_enable
 .text.nrfx_usbd_ep_stall_clear
                0x000099d0       0x28 modules/hal_nordic/nrfx/libmodules__hal_nordic__nrfx.a(nrfx_usbd.c.obj)
                0x000099d0                nrfx_usbd_ep_stall_clear
 .text.usbd_ep_abort_all
                0x000099f8      0x170 modules/hal_nordic/nrfx/libmodules__hal_nordic__nrfx.a(nrfx_usbd.c.obj)
 .text.nrfx_usbd_stop
                0x00009b68       0x40 modules/hal_nordic/nrfx/libmodules__hal_nordic__nrfx.a(nrfx_usbd.c.obj)
                0x00009b68                nrfx_usbd_stop
 .text.nrfx_usbd_disable
                0x00009ba8       0x44 modules/hal_nordic/nrfx/libmodules__hal_nordic__nrfx.a(nrfx_usbd.c.obj)
                0x00009ba8                nrfx_usbd_disable
 .text.nrfx_usbd_suspend
                0x00009bec       0x68 modules/hal_nordic/nrfx/libmodules__hal_nordic__nrfx.a(nrfx_usbd.c.obj)
                0x00009bec                nrfx_usbd_suspend
 .text.nrfx_usbd_ep_abort
                0x00009c54      0x118 modules/hal_nordic/nrfx/libmodules__hal_nordic__nrfx.a(nrfx_usbd.c.obj)
                0x00009c54                nrfx_usbd_ep_abort
 .text.nrfx_usbd_ep_disable
                0x00009d6c      0x16c modules/hal_nordic/nrfx/libmodules__hal_nordic__nrfx.a(nrfx_usbd.c.obj)
                0x00009d6c                nrfx_usbd_ep_disable
 .text.nrfx_usbreg_enable
                0x00009ed8       0x10 modules/hal_nordic/nrfx/libmodules__hal_nordic__nrfx.a(nrfx_usbreg.c.obj)
                0x00009ed8                nrfx_usbreg_enable
 .text.nrfx_usbreg_disable
                0x00009ee8       0x10 modules/hal_nordic/nrfx/libmodules__hal_nordic__nrfx.a(nrfx_usbreg.c.obj)
                0x00009ee8                nrfx_usbreg_disable
 .text.nrfx_usbreg_uninit
                0x00009ef8       0x18 modules/hal_nordic/nrfx/libmodules__hal_nordic__nrfx.a(nrfx_usbreg.c.obj)
                0x00009ef8                nrfx_usbreg_uninit
 .text.nrfx_usbreg_init
                0x00009f10       0x2c modules/hal_nordic/nrfx/libmodules__hal_nordic__nrfx.a(nrfx_usbreg.c.obj)
                0x00009f10                nrfx_usbreg_init
 .text.nrfx_usbreg_irq_handler
                0x00009f3c       0x50 modules/hal_nordic/nrfx/libmodules__hal_nordic__nrfx.a(nrfx_usbreg.c.obj)
                0x00009f3c                nrfx_usbreg_irq_handler
 .text.z_device_state_init
                0x00009f8c       0x18 zephyr/kernel/libkernel.a(device.c.obj)
                0x00009f8c                z_device_state_init
 .text.z_sys_init_run_level
                0x00009fa4       0x50 zephyr/kernel/libkernel.a(device.c.obj)
                0x00009fa4                z_sys_init_run_level
 .text.reason_to_str
                0x00009ff4       0x40 zephyr/kernel/libkernel.a(fatal.c.obj)
 .text.thread_name_get
                0x0000a034       0x20 zephyr/kernel/libkernel.a(fatal.c.obj)
 .text.z_fatal_error
                0x0000a054       0xdc zephyr/kernel/libkernel.a(fatal.c.obj)
                0x0000a054                z_fatal_error
 .text.init_idle_thread
                0x0000a130       0x70 zephyr/kernel/libkernel.a(init.c.obj)
 .text.prepare_multithreading
                0x0000a1a0       0x90 zephyr/kernel/libkernel.a(init.c.obj)
 .text.bg_thread_main
                0x0000a230       0x34 zephyr/kernel/libkernel.a(init.c.obj)
 .text.switch_to_main_thread
                0x0000a264       0x14 zephyr/kernel/libkernel.a(init.c.obj)
 .text.z_bss_zero
                0x0000a278       0x18 zephyr/kernel/libkernel.a(init.c.obj)
                0x0000a278                z_bss_zero
 .text.z_cstart
                0x0000a290       0x88 zephyr/kernel/libkernel.a(init.c.obj)
                0x0000a290                z_cstart
 .text.init_mem_slab_module
                0x0000a318       0x24 zephyr/kernel/libkernel.a(mem_slab.c.obj)
 .text.k_mem_slab_alloc
                0x0000a33c       0x6c zephyr/kernel/libkernel.a(mem_slab.c.obj)
                0x0000a33c                k_mem_slab_alloc
 .text.z_thread_monitor_exit
                0x0000a3a8       0x40 zephyr/kernel/libkernel.a(thread.c.obj)
                0x0000a3a8                z_thread_monitor_exit
 .text.z_impl_k_thread_name_set
                0x0000a3e8       0x24 zephyr/kernel/libkernel.a(thread.c.obj)
                0x0000a3e8                z_impl_k_thread_name_set
 .text.schedule_new_thread
                0x0000a40c       0x24 zephyr/kernel/libkernel.a(thread.c.obj)
 .text.z_setup_new_thread
                0x0000a430       0xc8 zephyr/kernel/libkernel.a(thread.c.obj)
                0x0000a430                z_setup_new_thread
 .text.z_init_static_threads
                0x0000a4f8       0x9c zephyr/kernel/libkernel.a(thread.c.obj)
                0x0000a4f8                z_init_static_threads
 .text.idle     0x0000a594       0x30 zephyr/kernel/libkernel.a(idle.c.obj)
                0x0000a594                idle
 .text.z_impl_k_mutex_lock
                0x0000a5c4      0x114 zephyr/kernel/libkernel.a(mutex.c.obj)
                0x0000a5c4                z_impl_k_mutex_lock
 .text.z_impl_k_mutex_unlock
                0x0000a6d8       0x88 zephyr/kernel/libkernel.a(mutex.c.obj)
                0x0000a6d8                z_impl_k_mutex_unlock
 .text.z_impl_k_queue_get
                0x0000a760       0x78 zephyr/kernel/libkernel.a(queue.c.obj)
                0x0000a760                z_impl_k_queue_get
 .text.z_impl_k_sem_give
                0x0000a7d8       0x48 zephyr/kernel/libkernel.a(sem.c.obj)
                0x0000a7d8                z_impl_k_sem_give
 .text.z_impl_k_sem_take
                0x0000a820       0x54 zephyr/kernel/libkernel.a(sem.c.obj)
                0x0000a820                z_impl_k_sem_take
 .text.submit_to_queue_locked
                0x0000a874       0xd8 zephyr/kernel/libkernel.a(work.c.obj)
 .text.finalize_cancel_locked
                0x0000a94c       0x78 zephyr/kernel/libkernel.a(work.c.obj)
 .text.work_queue_main
                0x0000a9c4       0xf0 zephyr/kernel/libkernel.a(work.c.obj)
 .text.k_work_queue_start
                0x0000aab4       0x7c zephyr/kernel/libkernel.a(work.c.obj)
                0x0000aab4                k_work_queue_start
 .text.add_thread_timeout
                0x0000ab30       0x20 zephyr/kernel/libkernel.a(sched.c.obj)
 .text.z_reset_time_slice
                0x0000ab50       0x2c zephyr/kernel/libkernel.a(sched.c.obj)
                0x0000ab50                z_reset_time_slice
 .text.k_sched_time_slice_set
                0x0000ab7c       0x78 zephyr/kernel/libkernel.a(sched.c.obj)
                0x0000ab7c                k_sched_time_slice_set
 .text.z_reschedule
                0x0000abf4       0x38 zephyr/kernel/libkernel.a(sched.c.obj)
                0x0000abf4                z_reschedule
 .text.k_sched_lock
                0x0000ac2c       0x30 zephyr/kernel/libkernel.a(sched.c.obj)
                0x0000ac2c                k_sched_lock
 .text.update_cache
                0x0000ac5c       0x4c zephyr/kernel/libkernel.a(sched.c.obj)
 .text.move_thread_to_end_of_prio_q
                0x0000aca8       0x88 zephyr/kernel/libkernel.a(sched.c.obj)
 .text.z_time_slice
                0x0000ad30       0x98 zephyr/kernel/libkernel.a(sched.c.obj)
                0x0000ad30                z_time_slice
 .text.ready_thread
                0x0000adc8       0x80 zephyr/kernel/libkernel.a(sched.c.obj)
 .text.z_sched_start
                0x0000ae48       0x3c zephyr/kernel/libkernel.a(sched.c.obj)
                0x0000ae48                z_sched_start
 .text.unready_thread
                0x0000ae84       0x38 zephyr/kernel/libkernel.a(sched.c.obj)
 .text.z_pend_curr
                0x0000aebc       0x28 zephyr/kernel/libkernel.a(sched.c.obj)
                0x0000aebc                z_pend_curr
 .text.z_set_prio
                0x0000aee4       0xc0 zephyr/kernel/libkernel.a(sched.c.obj)
                0x0000aee4                z_set_prio
 .text.z_impl_k_thread_suspend
                0x0000afa4       0x84 zephyr/kernel/libkernel.a(sched.c.obj)
                0x0000afa4                z_impl_k_thread_suspend
 .text.k_sched_unlock
                0x0000b028       0x4c zephyr/kernel/libkernel.a(sched.c.obj)
                0x0000b028                k_sched_unlock
 .text.end_thread
                0x0000b074       0x9c zephyr/kernel/libkernel.a(sched.c.obj)
 .text.z_sched_init
                0x0000b110       0x18 zephyr/kernel/libkernel.a(sched.c.obj)
                0x0000b110                z_sched_init
 .text.z_impl_k_yield
                0x0000b128       0x88 zephyr/kernel/libkernel.a(sched.c.obj)
                0x0000b128                z_impl_k_yield
 .text.z_tick_sleep
                0x0000b1b0       0xa0 zephyr/kernel/libkernel.a(sched.c.obj)
 .text.z_impl_k_sleep
                0x0000b250       0x58 zephyr/kernel/libkernel.a(sched.c.obj)
                0x0000b250                z_impl_k_sleep
 .text.z_impl_z_current_get
                0x0000b2a8        0xc zephyr/kernel/libkernel.a(sched.c.obj)
                0x0000b2a8                z_impl_z_current_get
 .text.z_impl_k_is_preempt_thread
                0x0000b2b4       0x20 zephyr/kernel/libkernel.a(sched.c.obj)
                0x0000b2b4                z_impl_k_is_preempt_thread
 .text.z_thread_abort
                0x0000b2d4       0x50 zephyr/kernel/libkernel.a(sched.c.obj)
                0x0000b2d4                z_thread_abort
 .text.z_sched_wait
                0x0000b324       0x24 zephyr/kernel/libkernel.a(sched.c.obj)
                0x0000b324                z_sched_wait
 .text.z_data_copy
                0x0000b348       0x34 zephyr/kernel/libkernel.a(xip.c.obj)
                0x0000b348                z_data_copy
 .text.first    0x0000b37c       0x14 zephyr/kernel/libkernel.a(timeout.c.obj)
 .text.next     0x0000b390       0x18 zephyr/kernel/libkernel.a(timeout.c.obj)
 .text.elapsed  0x0000b3a8       0x18 zephyr/kernel/libkernel.a(timeout.c.obj)
 .text.next_timeout
                0x0000b3c0       0x4c zephyr/kernel/libkernel.a(timeout.c.obj)
 .text.z_add_timeout
                0x0000b40c      0x154 zephyr/kernel/libkernel.a(timeout.c.obj)
                0x0000b40c                z_add_timeout
 .text.sys_clock_announce
                0x0000b560       0xc4 zephyr/kernel/libkernel.a(timeout.c.obj)
                0x0000b560                sys_clock_announce
 .text.sys_clock_tick_get
                0x0000b624       0x40 zephyr/kernel/libkernel.a(timeout.c.obj)
                0x0000b624                sys_clock_tick_get
 .text.z_timer_expiration_handler
                0x0000b664       0x94 zephyr/kernel/libkernel.a(timer.c.obj)
                0x0000b664                z_timer_expiration_handler
 .text.z_impl_k_timer_start
                0x0000b6f8       0xe0 zephyr/kernel/libkernel.a(timer.c.obj)
                0x0000b6f8                z_impl_k_timer_start
 .text.z_thread_aligned_alloc
                0x0000b7d8       0x28 zephyr/kernel/libkernel.a(mempool.c.obj)
                0x0000b7d8                z_thread_aligned_alloc
 .text.boot_banner
                0x0000b800       0x1c zephyr/kernel/libkernel.a(banner.c.obj)
                0x0000b800                boot_banner
 .text.statics_init
                0x0000b81c       0x24 zephyr/kernel/libkernel.a(kheap.c.obj)
 .text.k_sys_work_q_init
                0x0000b840       0x34 zephyr/kernel/libkernel.a(system_work_q.c.obj)
 .text.nrf_cc3xx_platform_init_no_rng
                0x0000b874       0x38 C:/Users/eidos/ncs/v1.9.1/nrfxlib/crypto/nrf_cc312_platform/lib/cortex-m33/soft-float/no-interrupts/libnrf_cc312_platform_0.9.13.a(nrf_cc3xx_platform.c.obj)
                0x0000b874                nrf_cc3xx_platform_init_no_rng
 .text.nrf_cc3xx_platform_abort
                0x0000b8ac       0x24 C:/Users/eidos/ncs/v1.9.1/nrfxlib/crypto/nrf_cc312_platform/lib/cortex-m33/soft-float/no-interrupts/libnrf_cc312_platform_0.9.13.a(nrf_cc3xx_platform_abort.c.obj)
 .text.CC_PalAbort
                0x0000b8d0       0x40 C:/Users/eidos/ncs/v1.9.1/nrfxlib/crypto/nrf_cc312_platform/lib/cortex-m33/soft-float/no-interrupts/libnrf_cc312_platform_0.9.13.a(nrf_cc3xx_platform_abort.c.obj)
                0x0000b8d0                CC_PalAbort
 .text.nrf_cc3xx_platform_set_abort
                0x0000b910       0x10 C:/Users/eidos/ncs/v1.9.1/nrfxlib/crypto/nrf_cc312_platform/lib/cortex-m33/soft-float/no-interrupts/libnrf_cc312_platform_0.9.13.a(nrf_cc3xx_platform_abort.c.obj)
                0x0000b910                nrf_cc3xx_platform_set_abort
 .text.mutex_free
                0x0000b920       0x28 C:/Users/eidos/ncs/v1.9.1/nrfxlib/crypto/nrf_cc312_platform/lib/cortex-m33/soft-float/no-interrupts/libnrf_cc312_platform_0.9.13.a(nrf_cc3xx_platform_mutex.c.obj)
 .text.mutex_unlock
                0x0000b948       0x2c C:/Users/eidos/ncs/v1.9.1/nrfxlib/crypto/nrf_cc312_platform/lib/cortex-m33/soft-float/no-interrupts/libnrf_cc312_platform_0.9.13.a(nrf_cc3xx_platform_mutex.c.obj)
 .text.mutex_init
                0x0000b974       0x1c C:/Users/eidos/ncs/v1.9.1/nrfxlib/crypto/nrf_cc312_platform/lib/cortex-m33/soft-float/no-interrupts/libnrf_cc312_platform_0.9.13.a(nrf_cc3xx_platform_mutex.c.obj)
 .text.mutex_lock
                0x0000b990       0x3c C:/Users/eidos/ncs/v1.9.1/nrfxlib/crypto/nrf_cc312_platform/lib/cortex-m33/soft-float/no-interrupts/libnrf_cc312_platform_0.9.13.a(nrf_cc3xx_platform_mutex.c.obj)
 .text.nrf_cc3xx_platform_set_mutexes
                0x0000b9cc       0x64 C:/Users/eidos/ncs/v1.9.1/nrfxlib/crypto/nrf_cc312_platform/lib/cortex-m33/soft-float/no-interrupts/libnrf_cc312_platform_0.9.13.a(nrf_cc3xx_platform_mutex.c.obj)
                0x0000b9cc                nrf_cc3xx_platform_set_mutexes
 .text.CC_LibInitNoRng
                0x0000ba30       0x24 C:/Users/eidos/ncs/v1.9.1/nrfxlib/crypto/nrf_cc312_platform/lib/cortex-m33/soft-float/no-interrupts/libnrf_cc312_platform_0.9.13.a(cc_lib.c.obj)
                0x0000ba30                CC_LibInitNoRng
 .text.CC_HalInit
                0x0000ba54        0x4 C:/Users/eidos/ncs/v1.9.1/nrfxlib/crypto/nrf_cc312_platform/lib/cortex-m33/soft-float/no-interrupts/libnrf_cc312_platform_0.9.13.a(cc_hal.c.obj)
                0x0000ba54                CC_HalInit
 .text.CC_PalInit
                0x0000ba58       0x5c C:/Users/eidos/ncs/v1.9.1/nrfxlib/crypto/nrf_cc312_platform/lib/cortex-m33/soft-float/no-interrupts/libnrf_cc312_platform_0.9.13.a(cc_pal.c.obj)
                0x0000ba58                CC_PalInit
 .text.CC_PalTerminate
                0x0000bab4       0x34 C:/Users/eidos/ncs/v1.9.1/nrfxlib/crypto/nrf_cc312_platform/lib/cortex-m33/soft-float/no-interrupts/libnrf_cc312_platform_0.9.13.a(cc_pal.c.obj)
                0x0000bab4                CC_PalTerminate
 .text.CC_PalDmaInit
                0x0000bae8        0x4 C:/Users/eidos/ncs/v1.9.1/nrfxlib/crypto/nrf_cc312_platform/lib/cortex-m33/soft-float/no-interrupts/libnrf_cc312_platform_0.9.13.a(cc_pal_dma.c.obj)
                0x0000bae8                CC_PalDmaInit
 .text.CC_PalDmaTerminate
                0x0000baec        0x4 C:/Users/eidos/ncs/v1.9.1/nrfxlib/crypto/nrf_cc312_platform/lib/cortex-m33/soft-float/no-interrupts/libnrf_cc312_platform_0.9.13.a(cc_pal_dma.c.obj)
                0x0000baec                CC_PalDmaTerminate
 .text.CC_PalMutexCreate
                0x0000baf0       0x14 C:/Users/eidos/ncs/v1.9.1/nrfxlib/crypto/nrf_cc312_platform/lib/cortex-m33/soft-float/no-interrupts/libnrf_cc312_platform_0.9.13.a(cc_pal_mutex.c.obj)
                0x0000baf0                CC_PalMutexCreate
 .text.CC_PalMutexDestroy
                0x0000bb04       0x14 C:/Users/eidos/ncs/v1.9.1/nrfxlib/crypto/nrf_cc312_platform/lib/cortex-m33/soft-float/no-interrupts/libnrf_cc312_platform_0.9.13.a(cc_pal_mutex.c.obj)
                0x0000bb04                CC_PalMutexDestroy
 .text.CC_PalPowerSaveModeInit
                0x0000bb18       0x3c C:/Users/eidos/ncs/v1.9.1/nrfxlib/crypto/nrf_cc312_platform/lib/cortex-m33/soft-float/no-interrupts/libnrf_cc312_platform_0.9.13.a(cc_pal_pm.c.obj)
                0x0000bb18                CC_PalPowerSaveModeInit
 .text.sys_notify_validate
                0x0000bb54       0x2e zephyr/libzephyr.a(notify.c.obj)
                0x0000bb54                sys_notify_validate
 .text.sys_notify_finalize
                0x0000bb82       0x1a zephyr/libzephyr.a(notify.c.obj)
                0x0000bb82                sys_notify_finalize
 .text.arch_printk_char_out
                0x0000bb9c        0x4 zephyr/libzephyr.a(printk.c.obj)
                0x0000bb9c                arch_printk_char_out
 .text.str_out  0x0000bba0       0x30 zephyr/libzephyr.a(printk.c.obj)
 .text.printk   0x0000bbd0       0x1c zephyr/libzephyr.a(printk.c.obj)
                0x0000bbd0                printk
 .text.snprintk
                0x0000bbec       0x1c zephyr/libzephyr.a(printk.c.obj)
                0x0000bbec                snprintk
 .text.set_state
                0x0000bc08       0x10 zephyr/libzephyr.a(onoff.c.obj)
 .text.notify_monitors
                0x0000bc18       0x3e zephyr/libzephyr.a(onoff.c.obj)
 .text.process_recheck
                0x0000bc56       0x32 zephyr/libzephyr.a(onoff.c.obj)
 .text.process_complete
                0x0000bc88       0x9a zephyr/libzephyr.a(onoff.c.obj)
 .text.validate_args
                0x0000bd22       0x2c zephyr/libzephyr.a(onoff.c.obj)
 .text.notify_one
                0x0000bd4e       0x26 zephyr/libzephyr.a(onoff.c.obj)
 .text.notify_all
                0x0000bd74       0x2e zephyr/libzephyr.a(onoff.c.obj)
 .text.transition_complete
                0x0000bda2       0x1c zephyr/libzephyr.a(onoff.c.obj)
 .text.onoff_manager_init
                0x0000bdbe       0x38 zephyr/libzephyr.a(onoff.c.obj)
                0x0000bdbe                onoff_manager_init
 .text.onoff_request
                0x0000bdf6       0xb8 zephyr/libzephyr.a(onoff.c.obj)
                0x0000bdf6                onoff_request
 .text.onoff_release
                0x0000beae       0x4c zephyr/libzephyr.a(onoff.c.obj)
                0x0000beae                onoff_release
 .text.onoff_cancel
                0x0000befa       0x74 zephyr/libzephyr.a(onoff.c.obj)
                0x0000befa                onoff_cancel
 .text.z_thread_entry
                0x0000bf6e       0x14 zephyr/libzephyr.a(thread_entry.c.obj)
                0x0000bf6e                z_thread_entry
 .text.chunk_mem
                0x0000bf82       0x16 zephyr/libzephyr.a(heap.c.obj)
 .text.free_list_remove_bidx
                0x0000bf98       0x68 zephyr/libzephyr.a(heap.c.obj)
 .text.free_list_add_bidx
                0x0000c000       0x92 zephyr/libzephyr.a(heap.c.obj)
 .text.split_chunks
                0x0000c092       0x76 zephyr/libzephyr.a(heap.c.obj)
 .text.merge_chunks
                0x0000c108       0x5e zephyr/libzephyr.a(heap.c.obj)
 .text.mem_to_chunkid
                0x0000c166       0x16 zephyr/libzephyr.a(heap.c.obj)
 .text.free_list_remove
                0x0000c17c       0x52 zephyr/libzephyr.a(heap.c.obj)
 .text.free_list_add
                0x0000c1ce       0x52 zephyr/libzephyr.a(heap.c.obj)
 .text.free_chunk
                0x0000c220       0xb6 zephyr/libzephyr.a(heap.c.obj)
 .text.alloc_chunk
                0x0000c2d6       0x9e zephyr/libzephyr.a(heap.c.obj)
 .text.sys_heap_free
                0x0000c374       0x36 zephyr/libzephyr.a(heap.c.obj)
                0x0000c374                sys_heap_free
 .text.sys_heap_alloc
                0x0000c3aa       0x8e zephyr/libzephyr.a(heap.c.obj)
                0x0000c3aa                sys_heap_alloc
 .text.sys_heap_aligned_alloc
                0x0000c438      0x11c zephyr/libzephyr.a(heap.c.obj)
                0x0000c438                sys_heap_aligned_alloc
 .text.sys_heap_init
                0x0000c554      0x108 zephyr/libzephyr.a(heap.c.obj)
                0x0000c554                sys_heap_init
 .text.extract_decimal
                0x0000c65c       0x26 zephyr/libzephyr.a(cbprintf_complete.c.obj)
 .text.encode_uint
                0x0000c682       0xd4 zephyr/libzephyr.a(cbprintf_complete.c.obj)
 .text.outs     0x0000c756       0x34 zephyr/libzephyr.a(cbprintf_complete.c.obj)
 .text.get_rewind_value
                0x0000c78a        0xa zephyr/libzephyr.a(ring_buffer.c.obj)
 .text.mod      0x0000c794       0x16 zephyr/libzephyr.a(ring_buffer.c.obj)
 .text.ring_buf_get_rewind_threshold
                0x0000c7aa        0x6 zephyr/libzephyr.a(ring_buffer.c.obj)
                0x0000c7aa                ring_buf_get_rewind_threshold
 .text.ring_buf_is_empty
                0x0000c7b0       0x26 zephyr/libzephyr.a(ring_buffer.c.obj)
                0x0000c7b0                ring_buf_is_empty
 .text.ring_buf_put_claim
                0x0000c7d6       0x3e zephyr/libzephyr.a(ring_buffer.c.obj)
                0x0000c7d6                ring_buf_put_claim
 .text.ring_buf_put_finish
                0x0000c814       0x38 zephyr/libzephyr.a(ring_buffer.c.obj)
                0x0000c814                ring_buf_put_finish
 .text.ring_buf_put
                0x0000c84c       0x40 zephyr/libzephyr.a(ring_buffer.c.obj)
                0x0000c84c                ring_buf_put
 .text.ring_buf_get_claim
                0x0000c88c       0x58 zephyr/libzephyr.a(ring_buffer.c.obj)
                0x0000c88c                ring_buf_get_claim
 .text.ring_buf_get_finish
                0x0000c8e4       0x3c zephyr/libzephyr.a(ring_buffer.c.obj)
                0x0000c8e4                ring_buf_get_finish
 .text.ring_buf_get
                0x0000c920       0x46 zephyr/libzephyr.a(ring_buffer.c.obj)
                0x0000c920                ring_buf_get
 .text._ConfigAbsSyms
                0x0000c966        0x2 zephyr/libzephyr.a(configs.c.obj)
                0x0000c966                _ConfigAbsSyms
 .text.pm_power_state_exit_post_ops
                0x0000c968       0x16 zephyr/libzephyr.a(power.c.obj)
                0x0000c968                pm_power_state_exit_post_ops
 .text.log_list_init
                0x0000c97e        0x8 zephyr/libzephyr.a(log_list.c.obj)
                0x0000c97e                log_list_init
 .text.log_list_add_tail
                0x0000c986       0x14 zephyr/libzephyr.a(log_list.c.obj)
                0x0000c986                log_list_add_tail
 .text.log_list_head_peek
                0x0000c99a        0x4 zephyr/libzephyr.a(log_list.c.obj)
                0x0000c99a                log_list_head_peek
 .text.log_list_head_get
                0x0000c99e        0xc zephyr/libzephyr.a(log_list.c.obj)
                0x0000c99e                log_list_head_get
 .text.dummy_timestamp
                0x0000c9aa        0x4 zephyr/libzephyr.a(log_core.c.obj)
 .text.msg_filter_check
                0x0000c9ae        0x4 zephyr/libzephyr.a(log_core.c.obj)
 .text.default_get_timestamp
                0x0000c9b2        0x8 zephyr/libzephyr.a(log_core.c.obj)
 .text.z_log_get_s_mask
                0x0000c9ba       0x42 zephyr/libzephyr.a(log_core.c.obj)
                0x0000c9ba                z_log_get_s_mask
 .text.z_log_get_tag
                0x0000c9fc        0x4 zephyr/libzephyr.a(log_core.c.obj)
                0x0000c9fc                z_log_get_tag
 .text.block_on_alloc
                0x0000ca00        0x4 zephyr/libzephyr.a(log_msg.c.obj)
 .text.cont_arg_get
                0x0000ca04       0x24 zephyr/libzephyr.a(log_msg.c.obj)
 .text.log_msg_hexdump_data_op
                0x0000ca28       0xbe zephyr/libzephyr.a(log_msg.c.obj)
 .text.log_msg_get
                0x0000cae6       0x12 zephyr/libzephyr.a(log_msg.c.obj)
                0x0000cae6                log_msg_get
 .text.log_msg_nargs_get
                0x0000caf8        0x6 zephyr/libzephyr.a(log_msg.c.obj)
                0x0000caf8                log_msg_nargs_get
 .text.log_msg_arg_get
                0x0000cafe       0x24 zephyr/libzephyr.a(log_msg.c.obj)
                0x0000cafe                log_msg_arg_get
 .text.log_msg_str_get
                0x0000cb22        0x4 zephyr/libzephyr.a(log_msg.c.obj)
                0x0000cb22                log_msg_str_get
 .text.log_msg_put
                0x0000cb26       0x1e zephyr/libzephyr.a(log_msg.c.obj)
                0x0000cb26                log_msg_put
 .text.log_msg_hexdump_data_get
                0x0000cb44       0x10 zephyr/libzephyr.a(log_msg.c.obj)
                0x0000cb44                log_msg_hexdump_data_get
 .text.buffer_write
                0x0000cb54       0x1a zephyr/libzephyr.a(log_output.c.obj)
 .text.color_prefix
                0x0000cb6e        0xc zephyr/libzephyr.a(log_output.c.obj)
 .text.color_postfix
                0x0000cb7a        0xc zephyr/libzephyr.a(log_output.c.obj)
 .text.postfix_print
                0x0000cb86       0x18 zephyr/libzephyr.a(log_output.c.obj)
 .text.std_print
                0x0000cb9e      0x2b6 zephyr/libzephyr.a(log_output.c.obj)
 .text.log_output_flush
                0x0000ce54       0x1a zephyr/libzephyr.a(log_output.c.obj)
                0x0000ce54                log_output_flush
 .text.out_func
                0x0000ce6e       0x30 zephyr/libzephyr.a(log_output.c.obj)
 .text.log_output_msg_process
                0x0000ce9e       0x7e zephyr/libzephyr.a(log_output.c.obj)
                0x0000ce9e                log_output_msg_process
 .text.usb_vbus_set
                0x0000cf1c        0x4 zephyr/libzephyr.a(usb_device.c.obj)
 .text.usb_eps_reconfigure
                0x0000cf20       0x12 zephyr/libzephyr.a(usb_device.c.obj)
 .text.usb_handle_std_interface_req
                0x0000cf32       0x5a zephyr/libzephyr.a(usb_device.c.obj)
 .text.disable_interface_ep
                0x0000cf8c        0xa zephyr/libzephyr.a(usb_device.c.obj)
 .text.usb_get_status_endpoint
                0x0000cf96       0x36 zephyr/libzephyr.a(usb_device.c.obj)
 .text.usb_handle_std_endpoint_req
                0x0000cfcc       0x46 zephyr/libzephyr.a(usb_device.c.obj)
 .text.usb_write
                0x0000d012       0x3e zephyr/libzephyr.a(usb_device.c.obj)
                0x0000d012                usb_write
 .text.ascii7_to_utf16le
                0x0000d050       0x28 zephyr/libzephyr.a(usb_descriptor.c.obj)
 .text.usb_validate_ep_cfg_data
                0x0000d078       0xc8 zephyr/libzephyr.a(usb_descriptor.c.obj)
 .text.usb_get_dev_data_by_cfg
                0x0000d140       0x24 zephyr/libzephyr.a(usb_descriptor.c.obj)
                0x0000d140                usb_get_dev_data_by_cfg
 .text.usb_get_dev_data_by_iface
                0x0000d164       0x28 zephyr/libzephyr.a(usb_descriptor.c.obj)
                0x0000d164                usb_get_dev_data_by_iface
 .text.usb_get_dev_data_by_ep
                0x0000d18c       0x40 zephyr/libzephyr.a(usb_descriptor.c.obj)
                0x0000d18c                usb_get_dev_data_by_ep
 .text.usb_transfer_is_busy
                0x0000d1cc       0x1c zephyr/libzephyr.a(usb_transfer.c.obj)
                0x0000d1cc                usb_transfer_is_busy
 .text.cdc_interface_config
                0x0000d1e8       0x14 zephyr/libzephyr.a(cdc_acm.c.obj)
 .text.cdc_acm_irq_callback_work_handler
                0x0000d1fc       0x10 zephyr/libzephyr.a(cdc_acm.c.obj)
 .text.cdc_acm_irq_tx_disable
                0x0000d20c        0xa zephyr/libzephyr.a(cdc_acm.c.obj)
 .text.cdc_acm_irq_tx_ready
                0x0000d216       0x1a zephyr/libzephyr.a(cdc_acm.c.obj)
 .text.cdc_acm_irq_rx_disable
                0x0000d230        0xa zephyr/libzephyr.a(cdc_acm.c.obj)
 .text.cdc_acm_irq_rx_ready
                0x0000d23a       0x10 zephyr/libzephyr.a(cdc_acm.c.obj)
 .text.cdc_acm_irq_is_pending
                0x0000d24a       0x2a zephyr/libzephyr.a(cdc_acm.c.obj)
 .text.cdc_acm_irq_update
                0x0000d274        0x4 zephyr/libzephyr.a(cdc_acm.c.obj)
 .text.cdc_acm_irq_callback_set
                0x0000d278        0x8 zephyr/libzephyr.a(cdc_acm.c.obj)
 .text.cdc_acm_baudrate_set
                0x0000d280        0x6 zephyr/libzephyr.a(cdc_acm.c.obj)
 .text.cdc_acm_line_ctrl_get
                0x0000d286       0x38 zephyr/libzephyr.a(cdc_acm.c.obj)
 .text.cdc_acm_line_ctrl_set
                0x0000d2be      0x162 zephyr/libzephyr.a(cdc_acm.c.obj)
 .text.cdc_acm_fifo_read
                0x0000d420       0x1e zephyr/libzephyr.a(cdc_acm.c.obj)
 .text.cdc_acm_poll_in
                0x0000d43e       0x16 zephyr/libzephyr.a(cdc_acm.c.obj)
 .text.pm_policy_next_state
                0x0000d454        0xa zephyr/libzephyr.a(residency.c.obj)
                0x0000d454                pm_policy_next_state
 .text.abort_function
                0x0000d45e        0x8 zephyr/libzephyr.a(nrf_cc3xx_platform_abort_zephyr.c.obj)
 .text.z_arm_fatal_error
                0x0000d466       0x18 zephyr/arch/arch/arm/core/aarch32/libarch__arm__core__aarch32.a(fatal.c.obj)
                0x0000d466                z_arm_fatal_error
 .text.z_do_kernel_oops
                0x0000d47e        0xc zephyr/arch/arch/arm/core/aarch32/libarch__arm__core__aarch32.a(fatal.c.obj)
                0x0000d47e                z_do_kernel_oops
 .text.z_irq_spurious
                0x0000d48a        0xc zephyr/arch/arch/arm/core/aarch32/libarch__arm__core__aarch32.a(irq_manage.c.obj)
                0x0000d48a                z_irq_spurious
 .text.z_arm_nmi
                0x0000d496        0xc zephyr/arch/arch/arm/core/aarch32/libarch__arm__core__aarch32.a(nmi.c.obj)
                0x0000d496                z_arm_nmi
 .text.configure_builtin_stack_guard
                0x0000d4a2        0xa zephyr/arch/arch/arm/core/aarch32/libarch__arm__core__aarch32.a(thread.c.obj)
                0x0000d4a2                configure_builtin_stack_guard
 .text.memory_fault_recoverable
                0x0000d4ac        0x4 zephyr/arch/arch/arm/core/aarch32/cortex_m/libarch__arm__core__aarch32__cortex_m.a(fault.c.obj)
 .text.fault_handle
                0x0000d4b0       0x4a zephyr/arch/arch/arm/core/aarch32/cortex_m/libarch__arm__core__aarch32__cortex_m.a(fault.c.obj)
 .text.arm_cmse_mpu_region_get
                0x0000d4fa       0x14 zephyr/arch/arch/arm/core/aarch32/cortex_m/cmse/libarch__arm__core__aarch32__cortex_m__cmse.a(arm_core_cmse.c.obj)
                0x0000d4fa                arm_cmse_mpu_region_get
 .text.mpu_partition_is_valid
                0x0000d50e       0x24 zephyr/arch/arch/arm/core/aarch32/mpu/libarch__arm__core__aarch32__mpu.a(arm_mpu.c.obj)
 .text.mpu_configure_region
                0x0000d532       0x36 zephyr/arch/arch/arm/core/aarch32/mpu/libarch__arm__core__aarch32__mpu.a(arm_mpu.c.obj)
 .text.arm_core_mpu_configure_static_mpu_regions
                0x0000d568        0x8 zephyr/arch/arch/arm/core/aarch32/mpu/libarch__arm__core__aarch32__mpu.a(arm_mpu.c.obj)
                0x0000d568                arm_core_mpu_configure_static_mpu_regions
 .text.arm_core_mpu_mark_areas_for_dynamic_regions
                0x0000d570        0x8 zephyr/arch/arch/arm/core/aarch32/mpu/libarch__arm__core__aarch32__mpu.a(arm_mpu.c.obj)
                0x0000d570                arm_core_mpu_mark_areas_for_dynamic_regions
 .text.strncpy  0x0000d578       0x34 zephyr/lib/libc/minimal/liblib__libc__minimal.a(string.c.obj)
                0x0000d578                strncpy
 .text.strlen   0x0000d5ac       0x10 zephyr/lib/libc/minimal/liblib__libc__minimal.a(string.c.obj)
                0x0000d5ac                strlen
 .text.strnlen  0x0000d5bc       0x14 zephyr/lib/libc/minimal/liblib__libc__minimal.a(string.c.obj)
                0x0000d5bc                strnlen
 .text.memcpy   0x0000d5d0       0x48 zephyr/lib/libc/minimal/liblib__libc__minimal.a(string.c.obj)
                0x0000d5d0                memcpy
 .text.memset   0x0000d618       0x3a zephyr/lib/libc/minimal/liblib__libc__minimal.a(string.c.obj)
                0x0000d618                memset
 .text._stdout_hook_default
                0x0000d652        0x6 zephyr/lib/libc/minimal/liblib__libc__minimal.a(stdout_console.c.obj)
 .text.in_endpoint_ctx
                0x0000d658        0xc zephyr/drivers/usb/device/libdrivers__usb__device.a(usb_dc_nrfx.c.obj)
 .text.out_endpoint_ctx
                0x0000d664        0x8 zephyr/drivers/usb/device/libdrivers__usb__device.a(usb_dc_nrfx.c.obj)
 .text.ep_ctx_reset
                0x0000d66c       0x28 zephyr/drivers/usb/device/libdrivers__usb__device.a(usb_dc_nrfx.c.obj)
 .text.hfxo_stop
                0x0000d694       0x3a zephyr/drivers/usb/device/libdrivers__usb__device.a(usb_dc_nrfx.c.obj)
 .text.usbd_enable_endpoints
                0x0000d6ce       0x64 zephyr/drivers/usb/device/libdrivers__usb__device.a(usb_dc_nrfx.c.obj)
 .text.hfxo_start
                0x0000d732       0x36 zephyr/drivers/usb/device/libdrivers__usb__device.a(usb_dc_nrfx.c.obj)
 .text.usb_dc_ep_read
                0x0000d768       0x1e zephyr/drivers/usb/device/libdrivers__usb__device.a(usb_dc_nrfx.c.obj)
                0x0000d768                usb_dc_ep_read
 .text.get_sub_data
                0x0000d786        0xe zephyr/drivers/clock_control/libdrivers__clock_control.a(clock_control_nrf.c.obj)
 .text.get_sub_config
                0x0000d794        0xc zephyr/drivers/clock_control/libdrivers__clock_control.a(clock_control_nrf.c.obj)
 .text.get_onoff_manager
                0x0000d7a0        0xc zephyr/drivers/clock_control/libdrivers__clock_control.a(clock_control_nrf.c.obj)
 .text.get_status
                0x0000d7ac       0x10 zephyr/drivers/clock_control/libdrivers__clock_control.a(clock_control_nrf.c.obj)
 .text.set_off_state
                0x0000d7bc       0x32 zephyr/drivers/clock_control/libdrivers__clock_control.a(clock_control_nrf.c.obj)
 .text.set_starting_state
                0x0000d7ee       0x40 zephyr/drivers/clock_control/libdrivers__clock_control.a(clock_control_nrf.c.obj)
 .text.set_on_state
                0x0000d82e       0x26 zephyr/drivers/clock_control/libdrivers__clock_control.a(clock_control_nrf.c.obj)
 .text.clkstarted_handle
                0x0000d854       0x24 zephyr/drivers/clock_control/libdrivers__clock_control.a(clock_control_nrf.c.obj)
 .text.stop     0x0000d878       0x2a zephyr/drivers/clock_control/libdrivers__clock_control.a(clock_control_nrf.c.obj)
 .text.api_stop
                0x0000d8a2        0xa zephyr/drivers/clock_control/libdrivers__clock_control.a(clock_control_nrf.c.obj)
 .text.async_start
                0x0000d8ac       0x38 zephyr/drivers/clock_control/libdrivers__clock_control.a(clock_control_nrf.c.obj)
 .text.api_start
                0x0000d8e4       0x10 zephyr/drivers/clock_control/libdrivers__clock_control.a(clock_control_nrf.c.obj)
 .text.onoff_started_callback
                0x0000d8f4       0x10 zephyr/drivers/clock_control/libdrivers__clock_control.a(clock_control_nrf.c.obj)
 .text.hfclk_start
                0x0000d904        0xa zephyr/drivers/clock_control/libdrivers__clock_control.a(clock_control_nrf.c.obj)
 .text.hfclkaudio_start
                0x0000d90e        0xa zephyr/drivers/clock_control/libdrivers__clock_control.a(clock_control_nrf.c.obj)
 .text.hfclk192m_start
                0x0000d918        0xa zephyr/drivers/clock_control/libdrivers__clock_control.a(clock_control_nrf.c.obj)
 .text.lfclk_start
                0x0000d922        0xa zephyr/drivers/clock_control/libdrivers__clock_control.a(clock_control_nrf.c.obj)
 .text.hfclk_stop
                0x0000d92c        0xa zephyr/drivers/clock_control/libdrivers__clock_control.a(clock_control_nrf.c.obj)
 .text.hfclkaudio_stop
                0x0000d936        0xa zephyr/drivers/clock_control/libdrivers__clock_control.a(clock_control_nrf.c.obj)
 .text.hfclk192m_stop
                0x0000d940        0xa zephyr/drivers/clock_control/libdrivers__clock_control.a(clock_control_nrf.c.obj)
 .text.lfclk_stop
                0x0000d94a        0xa zephyr/drivers/clock_control/libdrivers__clock_control.a(clock_control_nrf.c.obj)
 .text.blocking_start_callback
                0x0000d954        0xa zephyr/drivers/clock_control/libdrivers__clock_control.a(clock_control_nrf.c.obj)
 .text.get_pull
                0x0000d95e       0x18 zephyr/drivers/gpio/libdrivers__gpio.a(gpio_nrfx.c.obj)
 .text.gpio_nrfx_port_get_raw
                0x0000d976        0xc zephyr/drivers/gpio/libdrivers__gpio.a(gpio_nrfx.c.obj)
 .text.gpio_nrfx_port_set_masked_raw
                0x0000d982       0x12 zephyr/drivers/gpio/libdrivers__gpio.a(gpio_nrfx.c.obj)
 .text.gpio_nrfx_port_set_bits_raw
                0x0000d994        0xa zephyr/drivers/gpio/libdrivers__gpio.a(gpio_nrfx.c.obj)
 .text.gpio_nrfx_port_clear_bits_raw
                0x0000d99e        0xa zephyr/drivers/gpio/libdrivers__gpio.a(gpio_nrfx.c.obj)
 .text.gpio_nrfx_port_toggle_bits
                0x0000d9a8        0xe zephyr/drivers/gpio/libdrivers__gpio.a(gpio_nrfx.c.obj)
 .text.get_trigger
                0x0000d9b6       0x2c zephyr/drivers/gpio/libdrivers__gpio.a(gpio_nrfx.c.obj)
 .text.gpio_nrfx_manage_callback
                0x0000d9e2       0x64 zephyr/drivers/gpio/libdrivers__gpio.a(gpio_nrfx.c.obj)
 .text.nrfx_gpio_handler
                0x0000da46       0x48 zephyr/drivers/gpio/libdrivers__gpio.a(gpio_nrfx.c.obj)
 .text.z_impl_hwinfo_get_device_id
                0x0000da8e       0x6a zephyr/drivers/hwinfo/libdrivers__hwinfo.a(hwinfo_nrf.c.obj)
                0x0000da8e                z_impl_hwinfo_get_device_id
 .text.endtx_isr
                0x0000daf8       0x32 zephyr/drivers/serial/libdrivers__serial.a(uart_nrfx_uarte.c.obj)
 .text.uarte_nrfx_isr_int
                0x0000db2a       0xa2 zephyr/drivers/serial/libdrivers__serial.a(uart_nrfx_uarte.c.obj)
 .text.uarte_nrfx_configure
                0x0000dbcc       0xc4 zephyr/drivers/serial/libdrivers__serial.a(uart_nrfx_uarte.c.obj)
 .text.uarte_nrfx_config_get
                0x0000dc90       0x10 zephyr/drivers/serial/libdrivers__serial.a(uart_nrfx_uarte.c.obj)
 .text.uarte_nrfx_err_check
                0x0000dca0        0xe zephyr/drivers/serial/libdrivers__serial.a(uart_nrfx_uarte.c.obj)
 .text.is_tx_ready
                0x0000dcae       0x28 zephyr/drivers/serial/libdrivers__serial.a(uart_nrfx_uarte.c.obj)
 .text.uarte_enable
                0x0000dcd6        0xc zephyr/drivers/serial/libdrivers__serial.a(uart_nrfx_uarte.c.obj)
 .text.tx_start
                0x0000dce2       0x40 zephyr/drivers/serial/libdrivers__serial.a(uart_nrfx_uarte.c.obj)
 .text.uarte_nrfx_poll_in
                0x0000dd22       0x2a zephyr/drivers/serial/libdrivers__serial.a(uart_nrfx_uarte.c.obj)
 .text.uarte_nrfx_fifo_fill
                0x0000dd4c       0x78 zephyr/drivers/serial/libdrivers__serial.a(uart_nrfx_uarte.c.obj)
 .text.uarte_nrfx_fifo_read
                0x0000ddc4       0x2c zephyr/drivers/serial/libdrivers__serial.a(uart_nrfx_uarte.c.obj)
 .text.uarte_nrfx_irq_tx_enable
                0x0000ddf0       0x2e zephyr/drivers/serial/libdrivers__serial.a(uart_nrfx_uarte.c.obj)
 .text.uarte_nrfx_irq_tx_disable
                0x0000de1e        0xa zephyr/drivers/serial/libdrivers__serial.a(uart_nrfx_uarte.c.obj)
 .text.uarte_nrfx_irq_tx_ready_complete
                0x0000de28       0x32 zephyr/drivers/serial/libdrivers__serial.a(uart_nrfx_uarte.c.obj)
 .text.uarte_nrfx_irq_rx_ready
                0x0000de5a       0x10 zephyr/drivers/serial/libdrivers__serial.a(uart_nrfx_uarte.c.obj)
 .text.uarte_nrfx_irq_rx_enable
                0x0000de6a        0xc zephyr/drivers/serial/libdrivers__serial.a(uart_nrfx_uarte.c.obj)
 .text.uarte_nrfx_irq_rx_disable
                0x0000de76        0xc zephyr/drivers/serial/libdrivers__serial.a(uart_nrfx_uarte.c.obj)
 .text.uarte_nrfx_irq_err_enable
                0x0000de82        0xe zephyr/drivers/serial/libdrivers__serial.a(uart_nrfx_uarte.c.obj)
 .text.uarte_nrfx_irq_err_disable
                0x0000de90        0xe zephyr/drivers/serial/libdrivers__serial.a(uart_nrfx_uarte.c.obj)
 .text.uarte_nrfx_irq_is_pending
                0x0000de9e       0x3a zephyr/drivers/serial/libdrivers__serial.a(uart_nrfx_uarte.c.obj)
 .text.uarte_nrfx_irq_update
                0x0000ded8        0x4 zephyr/drivers/serial/libdrivers__serial.a(uart_nrfx_uarte.c.obj)
 .text.uarte_nrfx_irq_callback_set
                0x0000dedc        0xc zephyr/drivers/serial/libdrivers__serial.a(uart_nrfx_uarte.c.obj)
 .text.wait_tx_ready
                0x0000dee8       0x4e zephyr/drivers/serial/libdrivers__serial.a(uart_nrfx_uarte.c.obj)
 .text.uarte_instance_init