Archive member included to satisfy reference by file (symbol)

app/libapp.a(main.c.obj)      (--whole-archive)
zephyr/libzephyr.a(cbprintf.c.obj)
                              (--whole-archive)
zephyr/libzephyr.a(cbprintf_packaged.c.obj)
                              (--whole-archive)
zephyr/libzephyr.a(crc32c_sw.c.obj)
                              (--whole-archive)
zephyr/libzephyr.a(crc32_sw.c.obj)
                              (--whole-archive)
zephyr/libzephyr.a(crc16_sw.c.obj)
                              (--whole-archive)
zephyr/libzephyr.a(crc8_sw.c.obj)
                              (--whole-archive)
zephyr/libzephyr.a(crc7_sw.c.obj)
                              (--whole-archive)
zephyr/libzephyr.a(dec.c.obj)
                              (--whole-archive)
zephyr/libzephyr.a(fdtable.c.obj)
                              (--whole-archive)
zephyr/libzephyr.a(hex.c.obj)
                              (--whole-archive)
zephyr/libzephyr.a(notify.c.obj)
                              (--whole-archive)
zephyr/libzephyr.a(printk.c.obj)
                              (--whole-archive)
zephyr/libzephyr.a(onoff.c.obj)
                              (--whole-archive)
zephyr/libzephyr.a(rb.c.obj)  (--whole-archive)
zephyr/libzephyr.a(sem.c.obj)
                              (--whole-archive)
zephyr/libzephyr.a(thread_entry.c.obj)
                              (--whole-archive)
zephyr/libzephyr.a(timeutil.c.obj)
                              (--whole-archive)
zephyr/libzephyr.a(heap.c.obj)
                              (--whole-archive)
zephyr/libzephyr.a(heap-validate.c.obj)
                              (--whole-archive)
zephyr/libzephyr.a(bitarray.c.obj)
                              (--whole-archive)
zephyr/libzephyr.a(multi_heap.c.obj)
                              (--whole-archive)
zephyr/libzephyr.a(cbprintf_complete.c.obj)
                              (--whole-archive)
zephyr/libzephyr.a(reboot.c.obj)
                              (--whole-archive)
zephyr/libzephyr.a(configs.c.obj)
                              (--whole-archive)
zephyr/libzephyr.a(soc.c.obj)
                              (--whole-archive)
zephyr/libzephyr.a(power.c.obj)
                              (--whole-archive)
zephyr/libzephyr.a(soc_nrf_common.S.obj)
                              (--whole-archive)
zephyr/libzephyr.a(validate_base_addresses.c.obj)
                              (--whole-archive)
zephyr/libzephyr.a(validate_enabled_instances.c.obj)
                              (--whole-archive)
zephyr/libzephyr.a(thread_info.c.obj)
                              (--whole-archive)
zephyr/libzephyr.a(pm.c.obj)  (--whole-archive)
zephyr/libzephyr.a(constraint.c.obj)
                              (--whole-archive)
zephyr/libzephyr.a(residency.c.obj)
                              (--whole-archive)
zephyr/libzephyr.a(tracing_none.c.obj)
                              (--whole-archive)
zephyr/libzephyr.a(nrf_cc3xx_platform_abort_zephyr.c.obj)
                              (--whole-archive)
zephyr/libzephyr.a(nrf_cc3xx_platform_mutex_zephyr.c.obj)
                              (--whole-archive)
zephyr/arch/common/libarch__common.a(sw_isr_common.c.obj)
                              (--whole-archive)
zephyr/arch/arch/arm/core/aarch32/libarch__arm__core__aarch32.a(cpu_idle.S.obj)
                              (--whole-archive)
zephyr/arch/arch/arm/core/aarch32/libarch__arm__core__aarch32.a(fatal.c.obj)
                              (--whole-archive)
zephyr/arch/arch/arm/core/aarch32/libarch__arm__core__aarch32.a(irq_manage.c.obj)
                              (--whole-archive)
zephyr/arch/arch/arm/core/aarch32/libarch__arm__core__aarch32.a(nmi.c.obj)
                              (--whole-archive)
zephyr/arch/arch/arm/core/aarch32/libarch__arm__core__aarch32.a(nmi_on_reset.S.obj)
                              (--whole-archive)
zephyr/arch/arch/arm/core/aarch32/libarch__arm__core__aarch32.a(prep_c.c.obj)
                              (--whole-archive)
zephyr/arch/arch/arm/core/aarch32/libarch__arm__core__aarch32.a(swap.c.obj)
                              (--whole-archive)
zephyr/arch/arch/arm/core/aarch32/libarch__arm__core__aarch32.a(swap_helper.S.obj)
                              (--whole-archive)
zephyr/arch/arch/arm/core/aarch32/libarch__arm__core__aarch32.a(thread.c.obj)
                              (--whole-archive)
zephyr/arch/arch/arm/core/aarch32/libarch__arm__core__aarch32.a(isr_wrapper.S.obj)
                              (--whole-archive)
zephyr/arch/arch/arm/core/aarch32/cortex_m/libarch__arm__core__aarch32__cortex_m.a(exc_exit.S.obj)
                              (--whole-archive)
zephyr/arch/arch/arm/core/aarch32/cortex_m/libarch__arm__core__aarch32__cortex_m.a(fault.c.obj)
                              (--whole-archive)
zephyr/arch/arch/arm/core/aarch32/cortex_m/libarch__arm__core__aarch32__cortex_m.a(fault_s.S.obj)
                              (--whole-archive)
[...]
Memory Configuration

Name             Origin             Length             Attributes
FLASH            0x00000000         0x00100000         xr
SRAM             0x20000000         0x00070000         xw
IDT_LIST         0xfffff7ff         0x00000800         xw
*default*        0x00000000         0xffffffff

Linker script and memory map

LOAD zephyr/CMakeFiles/zephyr_pre1.dir/misc/empty_file.c.obj
LOAD zephyr/CMakeFiles/zephyr_pre1.dir/dev_handles.c.obj
                0x00000020                _region_min_align = 0x20

.rel.plt        0x00000000        0x0
 *(SORT_BY_ALIGNMENT(.rel.plt))
                [!provide]                PROVIDE (__rel_iplt_start = .)
 *(SORT_BY_ALIGNMENT(.rel.iplt))
 .rel.iplt      0x00000000        0x0 zephyr/CMakeFiles/zephyr_pre1.dir/dev_handles.c.obj
                [!provide]                PROVIDE (__rel_iplt_end = .)

.rela.plt       0x00000000        0x0
 *(SORT_BY_ALIGNMENT(.rela.plt))
                [!provide]                PROVIDE (__rela_iplt_start = .)
 *(SORT_BY_ALIGNMENT(.rela.iplt))
                [!provide]                PROVIDE (__rela_iplt_end = .)

.rel.dyn
 *(SORT_BY_ALIGNMENT(.rel.*))

.rela.dyn
 *(SORT_BY_ALIGNMENT(.rela.*))

/DISCARD/
 *(SORT_BY_ALIGNMENT(.plt))
 *(SORT_BY_ALIGNMENT(.iplt))
 *(SORT_BY_ALIGNMENT(.got.plt))
 *(SORT_BY_ALIGNMENT(.igot.plt))
 *(SORT_BY_ALIGNMENT(.got))
 *(SORT_BY_ALIGNMENT(.igot))
 *(SORT_BY_ALIGNMENT(.note.GNU-stack))
                0x00000000                __rom_region_start = 0x0

rom_start       0x00000000      0x154
                0x00000000                . = 0x0
                0x00000000                . = ALIGN (0x4)
                0x00000000                . = ALIGN (0x80)
                0x00000000                . = ALIGN (0x200)
                0x00000000                _vector_start = .
 *(SORT_BY_ALIGNMENT(.exc_vector_table))
 *(SORT_BY_ALIGNMENT(.exc_vector_table.*))
 .exc_vector_table._vector_table_section
                0x00000000       0x40 zephyr/arch/arch/arm/core/aarch32/cortex_m/libarch__arm__core__aarch32__cortex_m.a(vector_table.S.obj)
                0x00000000                _vector_table
 *(SORT_BY_ALIGNMENT(.gnu.linkonce.irq_vector_table*))
 .gnu.linkonce.irq_vector_table
                0x00000040      0x114 zephyr/arch/common/libisr_tables.a(isr_tables.c.obj)
                0x00000040                _irq_vector_table
 *(SORT_BY_ALIGNMENT(.vectors))
                0x00000154                _vector_end = .

text            0x00000154     0x63f4
                0x00000154                __text_region_start = .
 *(SORT_BY_ALIGNMENT(.text))
 .text          0x00000154       0x30 c:/users/eidos/ncs/v1.9.1/toolchain/opt/bin/../lib/gcc/arm-none-eabi/9.2.1/thumb/v8-m.main/nofp\libgcc.a(_aeabi_uldivmod.o)
                0x00000154                __aeabi_uldivmod
 .text          0x00000184      0x2c8 c:/users/eidos/ncs/v1.9.1/toolchain/opt/bin/../lib/gcc/arm-none-eabi/9.2.1/thumb/v8-m.main/nofp\libgcc.a(_udivmoddi4.o)
                0x00000184                __udivmoddi4
 .text          0x0000044c        0x4 c:/users/eidos/ncs/v1.9.1/toolchain/opt/bin/../lib/gcc/arm-none-eabi/9.2.1/thumb/v8-m.main/nofp\libgcc.a(_dvmd_tls.o)
                0x0000044c                __aeabi_idiv0
                0x0000044c                __aeabi_ldiv0
 *(SORT_BY_ALIGNMENT(.text.*))
 .text.main     0x00000450       0xb8 app/libapp.a(main.c.obj)
                0x00000450                main
 .text.char_out
                0x00000508       0x14 zephyr/libzephyr.a(printk.c.obj)
 .text.__printk_hook_install
                0x0000051c        0xc zephyr/libzephyr.a(printk.c.obj)
                0x0000051c                __printk_hook_install
 .text.vprintk  0x00000528       0x20 zephyr/libzephyr.a(printk.c.obj)
                0x00000528                vprintk
 .text.vsnprintk
                0x00000548       0x2c zephyr/libzephyr.a(printk.c.obj)
                0x00000548                vsnprintk
 .text.process_event
                0x00000574      0x158 zephyr/libzephyr.a(onoff.c.obj)
 .text.cbvprintf
                0x000006cc      0x9d4 zephyr/libzephyr.a(cbprintf_complete.c.obj)
                0x000006cc                cbvprintf
 .text.sys_reboot
                0x000010a0       0x28 zephyr/libzephyr.a(reboot.c.obj)
                0x000010a0                sys_reboot
 .text.nordicsemi_nrf53_init
                0x000010c8       0x6c zephyr/libzephyr.a(soc.c.obj)
 .text.arch_busy_wait
                0x00001134       0x30 zephyr/libzephyr.a(soc.c.obj)
                0x00001134                arch_busy_wait
 .text.pm_power_state_set
                0x00001164       0x28 zephyr/libzephyr.a(power.c.obj)
                0x00001164                pm_power_state_set
 .text.pm_system_resume
                0x0000118c       0xc4 zephyr/libzephyr.a(pm.c.obj)
                0x0000118c                pm_system_resume
 .text.pm_system_suspend
                0x00001250      0x160 zephyr/libzephyr.a(pm.c.obj)
                0x00001250                pm_system_suspend
 .text.nrf_cc3xx_platform_abort_init
                0x000013b0       0x10 zephyr/libzephyr.a(nrf_cc3xx_platform_abort_zephyr.c.obj)
                0x000013b0                nrf_cc3xx_platform_abort_init
 .text.mutex_unlock_platform
                0x000013c0       0x60 zephyr/libzephyr.a(nrf_cc3xx_platform_mutex_zephyr.c.obj)
 .text.mutex_lock_platform
                0x00001420       0x74 zephyr/libzephyr.a(nrf_cc3xx_platform_mutex_zephyr.c.obj)
 .text.mutex_free_platform
                0x00001494       0x4c zephyr/libzephyr.a(nrf_cc3xx_platform_mutex_zephyr.c.obj)
 .text.mutex_init_platform
                0x000014e0       0x74 zephyr/libzephyr.a(nrf_cc3xx_platform_mutex_zephyr.c.obj)
 .text.nrf_cc3xx_platform_mutex_init
                0x00001554       0x28 zephyr/libzephyr.a(nrf_cc3xx_platform_mutex_zephyr.c.obj)
                0x00001554                nrf_cc3xx_platform_mutex_init
 .text.z_arm_cpu_idle_init
                0x0000157c        0xc zephyr/arch/arch/arm/core/aarch32/libarch__arm__core__aarch32.a(cpu_idle.S.obj)
                0x0000157c                z_arm_cpu_idle_init
 .text.arch_cpu_idle
                0x00001588       0x1c zephyr/arch/arch/arm/core/aarch32/libarch__arm__core__aarch32.a(cpu_idle.S.obj)
                0x00001588                arch_cpu_idle
 .text.arch_cpu_atomic_idle
                0x000015a4       0x14 zephyr/arch/arch/arm/core/aarch32/libarch__arm__core__aarch32.a(cpu_idle.S.obj)
                0x000015a4                arch_cpu_atomic_idle
 .text.arch_irq_enable
                0x000015b8       0x20 zephyr/arch/arch/arm/core/aarch32/libarch__arm__core__aarch32.a(irq_manage.c.obj)
                0x000015b8                arch_irq_enable
 .text.arch_irq_is_enabled
                0x000015d8       0x1c zephyr/arch/arch/arm/core/aarch32/libarch__arm__core__aarch32.a(irq_manage.c.obj)
                0x000015d8                arch_irq_is_enabled
 .text.z_arm_irq_priority_set
                0x000015f4       0x2c zephyr/arch/arch/arm/core/aarch32/libarch__arm__core__aarch32.a(irq_manage.c.obj)
                0x000015f4                z_arm_irq_priority_set
 .text.z_SysNmiOnReset
                0x00001620        0x8 zephyr/arch/arch/arm/core/aarch32/libarch__arm__core__aarch32.a(nmi_on_reset.S.obj)
                0x00001620                z_SysNmiOnReset
 .text.z_arm_prep_c
                0x00001628       0x38 zephyr/arch/arch/arm/core/aarch32/libarch__arm__core__aarch32.a(prep_c.c.obj)
                0x00001628                z_arm_prep_c
 .text.arch_swap
                0x00001660       0x38 zephyr/arch/arch/arm/core/aarch32/libarch__arm__core__aarch32.a(swap.c.obj)
                0x00001660                arch_swap
 .text.z_arm_pendsv
                0x00001698       0x5c zephyr/arch/arch/arm/core/aarch32/libarch__arm__core__aarch32.a(swap_helper.S.obj)
                0x00001698                z_arm_pendsv
 .text.z_arm_svc
                0x000016f4       0x20 zephyr/arch/arch/arm/core/aarch32/libarch__arm__core__aarch32.a(swap_helper.S.obj)
                0x000016f4                z_arm_svc
 .text.arch_new_thread
                0x00001714       0x40 zephyr/arch/arch/arm/core/aarch32/libarch__arm__core__aarch32.a(thread.c.obj)
                0x00001714                arch_new_thread
 .text.arch_switch_to_main_thread
                0x00001754       0x2c zephyr/arch/arch/arm/core/aarch32/libarch__arm__core__aarch32.a(thread.c.obj)
                0x00001754                arch_switch_to_main_thread
 .text._isr_wrapper
                0x00001780       0x40 zephyr/arch/arch/arm/core/aarch32/libarch__arm__core__aarch32.a(isr_wrapper.S.obj)
                0x00001780                _isr_wrapper
 .text._HandlerModeExit
                0x000017c0       0x1c zephyr/arch/arch/arm/core/aarch32/cortex_m/libarch__arm__core__aarch32__cortex_m.a(exc_exit.S.obj)
                0x000017c0                z_arm_int_exit
                0x000017c0                z_arm_exc_exit
 .text.mem_manage_fault
                0x000017dc       0x58 zephyr/arch/arch/arm/core/aarch32/cortex_m/libarch__arm__core__aarch32__cortex_m.a(fault.c.obj)
 .text.bus_fault
                0x00001834       0x54 zephyr/arch/arch/arm/core/aarch32/cortex_m/libarch__arm__core__aarch32__cortex_m.a(fault.c.obj)
 .text.usage_fault
                0x00001888       0x30 zephyr/arch/arch/arm/core/aarch32/cortex_m/libarch__arm__core__aarch32__cortex_m.a(fault.c.obj)
 .text.hard_fault
                0x000018b8       0x84 zephyr/arch/arch/arm/core/aarch32/cortex_m/libarch__arm__core__aarch32__cortex_m.a(fault.c.obj)
 .text.z_arm_fault
                0x0000193c       0x94 zephyr/arch/arch/arm/core/aarch32/cortex_m/libarch__arm__core__aarch32__cortex_m.a(fault.c.obj)
                0x0000193c                z_arm_fault
 .text.z_arm_fault_init
                0x000019d0       0x18 zephyr/arch/arch/arm/core/aarch32/cortex_m/libarch__arm__core__aarch32__cortex_m.a(fault.c.obj)
                0x000019d0                z_arm_fault_init
 .text.__fault  0x000019e8       0x14 zephyr/arch/arch/arm/core/aarch32/cortex_m/libarch__arm__core__aarch32__cortex_m.a(fault_s.S.obj)
                0x000019e8                z_arm_usage_fault
                0x000019e8                z_arm_mpu_fault
                0x000019e8                z_arm_exc_spurious
                0x000019e8                z_arm_debug_monitor
                0x000019e8                z_arm_hard_fault
                0x000019e8                z_arm_bus_fault
 .text.z_arm_interrupt_init
                0x000019fc       0x34 zephyr/arch/arch/arm/core/aarch32/cortex_m/libarch__arm__core__aarch32__cortex_m.a(irq_init.c.obj)
                0x000019fc                z_arm_interrupt_init
 .text._reset_section
                0x00001a30       0x60 zephyr/arch/arch/arm/core/aarch32/cortex_m/libarch__arm__core__aarch32__cortex_m.a(reset.S.obj)
                0x00001a30                __start
                0x00001a30                z_arm_reset
 .text.sys_arch_reboot
                0x00001a90       0x24 zephyr/arch/arch/arm/core/aarch32/cortex_m/libarch__arm__core__aarch32__cortex_m.a(scb.c.obj)
                0x00001a90                sys_arch_reboot
 .text.z_arm_clear_arm_mpu_config
                0x00001ab4       0x20 zephyr/arch/arch/arm/core/aarch32/cortex_m/libarch__arm__core__aarch32__cortex_m.a(scb.c.obj)
                0x00001ab4                z_arm_clear_arm_mpu_config
 .text.z_arm_init_arch_hw_at_boot
                0x00001ad4       0x54 zephyr/arch/arch/arm/core/aarch32/cortex_m/libarch__arm__core__aarch32__cortex_m.a(scb.c.obj)
                0x00001ad4                z_arm_init_arch_hw_at_boot
 .text.z_impl_k_thread_abort
                0x00001b28       0x2c zephyr/arch/arch/arm/core/aarch32/cortex_m/libarch__arm__core__aarch32__cortex_m.a(thread_abort.c.obj)
                0x00001b28                z_impl_k_thread_abort
 .text.z_arm_configure_static_mpu_regions
                0x00001b54       0x3c zephyr/arch/arch/arm/core/aarch32/mpu/libarch__arm__core__aarch32__mpu.a(arm_core_mpu.c.obj)
                0x00001b54                z_arm_configure_static_mpu_regions
 .text.mpu_init
                0x00001b90       0x10 zephyr/arch/arch/arm/core/aarch32/mpu/libarch__arm__core__aarch32__mpu.a(arm_mpu.c.obj)
 .text.region_init
                0x00001ba0       0x30 zephyr/arch/arch/arm/core/aarch32/mpu/libarch__arm__core__aarch32__mpu.a(arm_mpu.c.obj)
 .text.mpu_configure_regions_and_partition
                0x00001bd0      0x18c zephyr/arch/arch/arm/core/aarch32/mpu/libarch__arm__core__aarch32__mpu.a(arm_mpu.c.obj)
 .text.mpu_configure_static_mpu_regions
                0x00001d5c       0x14 zephyr/arch/arch/arm/core/aarch32/mpu/libarch__arm__core__aarch32__mpu.a(arm_mpu.c.obj)
 .text.mpu_mark_areas_for_dynamic_regions
                0x00001d70       0xac zephyr/arch/arch/arm/core/aarch32/mpu/libarch__arm__core__aarch32__mpu.a(arm_mpu.c.obj)
 .text.arm_core_mpu_enable
                0x00001e1c       0x14 zephyr/arch/arch/arm/core/aarch32/mpu/libarch__arm__core__aarch32__mpu.a(arm_mpu.c.obj)
                0x00001e1c                arm_core_mpu_enable
 .text.arm_core_mpu_disable
                0x00001e30       0x10 zephyr/arch/arch/arm/core/aarch32/mpu/libarch__arm__core__aarch32__mpu.a(arm_mpu.c.obj)
                0x00001e30                arm_core_mpu_disable
 .text.z_arm_mpu_init
                0x00001e40       0x44 zephyr/arch/arch/arm/core/aarch32/mpu/libarch__arm__core__aarch32__mpu.a(arm_mpu.c.obj)
                0x00001e40                z_arm_mpu_init
 .text.__stdout_hook_install
                0x00001e84        0xc zephyr/lib/libc/minimal/liblib__libc__minimal.a(stdout_console.c.obj)
                0x00001e84                __stdout_hook_install
 .text.get_hf_flags
                0x00001e90        0x8 zephyr/drivers/clock_control/libdrivers__clock_control.a(clock_control_nrf.c.obj)
 .text.get_subsys
                0x00001e98       0x18 zephyr/drivers/clock_control/libdrivers__clock_control.a(clock_control_nrf.c.obj)
 .text.onoff_stop
                0x00001eb0       0x20 zephyr/drivers/clock_control/libdrivers__clock_control.a(clock_control_nrf.c.obj)
 .text.onoff_start
                0x00001ed0       0x34 zephyr/drivers/clock_control/libdrivers__clock_control.a(clock_control_nrf.c.obj)
 .text.clock_event_handler
                0x00001f04       0x4c zephyr/drivers/clock_control/libdrivers__clock_control.a(clock_control_nrf.c.obj)
 .text.generic_hfclk_start
                0x00001f50       0x68 zephyr/drivers/clock_control/libdrivers__clock_control.a(clock_control_nrf.c.obj)
 .text.generic_hfclk_stop
                0x00001fb8       0x28 zephyr/drivers/clock_control/libdrivers__clock_control.a(clock_control_nrf.c.obj)
 .text.api_blocking_start
                0x00001fe0       0x38 zephyr/drivers/clock_control/libdrivers__clock_control.a(clock_control_nrf.c.obj)
 .text.clk_init
                0x00002018       0x68 zephyr/drivers/clock_control/libdrivers__clock_control.a(clock_control_nrf.c.obj)
 .text.lfclk_spinwait
                0x00002080       0xf0 zephyr/drivers/clock_control/libdrivers__clock_control.a(clock_control_nrf.c.obj)
 .text.z_nrf_clock_control_lf_on
                0x00002170       0x4c zephyr/drivers/clock_control/libdrivers__clock_control.a(clock_control_nrf.c.obj)
                0x00002170                z_nrf_clock_control_lf_on
 .text.console_out
                0x000021bc       0x2c zephyr/drivers/console/libdrivers__console.a(uart_console.c.obj)
 .text.uart_console_hook_install
                0x000021e8       0x18 zephyr/drivers/console/libdrivers__console.a(uart_console.c.obj)
 .text.uart_console_init
                0x00002200       0x24 zephyr/drivers/console/libdrivers__console.a(uart_console.c.obj)
 .text.get_drive
                0x00002224       0x8c zephyr/drivers/gpio/libdrivers__gpio.a(gpio_nrfx.c.obj)
 .text.get_dev  0x000022b0       0x1c zephyr/drivers/gpio/libdrivers__gpio.a(gpio_nrfx.c.obj)
 .text.gpio_nrfx_pin_interrupt_configure
                0x000022cc       0xc8 zephyr/drivers/gpio/libdrivers__gpio.a(gpio_nrfx.c.obj)
 .text.pin_uninit
                0x00002394       0x48 zephyr/drivers/gpio/libdrivers__gpio.a(gpio_nrfx.c.obj)
 .text.gpio_nrfx_pin_configure
                0x000023dc      0x100 zephyr/drivers/gpio/libdrivers__gpio.a(gpio_nrfx.c.obj)
 .text.gpio_nrfx_init
                0x000024dc       0x3c zephyr/drivers/gpio/libdrivers__gpio.a(gpio_nrfx.c.obj)
 .text.uarte_nrfx_pins_configure
                0x00002518      0x1cc zephyr/drivers/serial/libdrivers__serial.a(uart_nrfx_uarte.c.obj)
 .text.baudrate_set
                0x000026e4      0x150 zephyr/drivers/serial/libdrivers__serial.a(uart_nrfx_uarte.c.obj)
 .text.uarte_nrfx_poll_out
                0x00002834       0x70 zephyr/drivers/serial/libdrivers__serial.a(uart_nrfx_uarte.c.obj)
 .text.endtx_stoptx_ppi_init
                0x000028a4       0x40 zephyr/drivers/serial/libdrivers__serial.a(uart_nrfx_uarte.c.obj)
 .text.set_comparator
                0x000028e4       0x14 zephyr/drivers/timer/libdrivers__timer.a(nrf_rtc_timer.c.obj)
 .text.get_comparator
                0x000028f8       0x10 zephyr/drivers/timer/libdrivers__timer.a(nrf_rtc_timer.c.obj)
 .text.event_enable
                0x00002908       0x14 zephyr/drivers/timer/libdrivers__timer.a(nrf_rtc_timer.c.obj)
 .text.event_disable
                0x0000291c       0x14 zephyr/drivers/timer/libdrivers__timer.a(nrf_rtc_timer.c.obj)
 .text.counter  0x00002930        0xc zephyr/drivers/timer/libdrivers__timer.a(nrf_rtc_timer.c.obj)
 .text.compare_int_lock
                0x0000293c       0x44 zephyr/drivers/timer/libdrivers__timer.a(nrf_rtc_timer.c.obj)
 .text.channel_processing_check_and_clear
                0x00002980       0x70 zephyr/drivers/timer/libdrivers__timer.a(nrf_rtc_timer.c.obj)
 .text.compare_int_unlock
                0x000029f0       0x54 zephyr/drivers/timer/libdrivers__timer.a(nrf_rtc_timer.c.obj)
 .text.sys_clock_timeout_handler
                0x00002a44       0x74 zephyr/drivers/timer/libdrivers__timer.a(nrf_rtc_timer.c.obj)
 .text.z_nrf_rtc_timer_read
                0x00002ab8       0x40 zephyr/drivers/timer/libdrivers__timer.a(nrf_rtc_timer.c.obj)
                0x00002ab8                z_nrf_rtc_timer_read
 .text.compare_set_nolocks
                0x00002af8       0x9c zephyr/drivers/timer/libdrivers__timer.a(nrf_rtc_timer.c.obj)
 .text.sys_clock_driver_init
                0x00002b94       0x9c zephyr/drivers/timer/libdrivers__timer.a(nrf_rtc_timer.c.obj)
 .text.process_channel
                0x00002c30       0x74 zephyr/drivers/timer/libdrivers__timer.a(nrf_rtc_timer.c.obj)
 .text.rtc_nrf_isr
                0x00002ca4       0x44 zephyr/drivers/timer/libdrivers__timer.a(nrf_rtc_timer.c.obj)
                0x00002ca4                rtc_nrf_isr
 .text.sys_clock_set_timeout
                0x00002ce8       0x68 zephyr/drivers/timer/libdrivers__timer.a(nrf_rtc_timer.c.obj)
                0x00002ce8                sys_clock_set_timeout
 .text.sys_clock_elapsed
                0x00002d50       0x14 zephyr/drivers/timer/libdrivers__timer.a(nrf_rtc_timer.c.obj)
                0x00002d50                sys_clock_elapsed
 .text.nrf53_errata_42
                0x00002d64       0x28 modules/hal_nordic/nrfx/libmodules__hal_nordic__nrfx.a(system_nrf5340_application.c.obj)
 .text.nrf53_errata_46
                0x00002d8c       0x30 modules/hal_nordic/nrfx/libmodules__hal_nordic__nrfx.a(system_nrf5340_application.c.obj)
 .text.nrf53_errata_49
                0x00002dbc       0x28 modules/hal_nordic/nrfx/libmodules__hal_nordic__nrfx.a(system_nrf5340_application.c.obj)
 .text.nrf53_errata_55
                0x00002de4       0x1c modules/hal_nordic/nrfx/libmodules__hal_nordic__nrfx.a(system_nrf5340_application.c.obj)
 .text.nrf53_errata_64
                0x00002e00       0x28 modules/hal_nordic/nrfx/libmodules__hal_nordic__nrfx.a(system_nrf5340_application.c.obj)
 .text.nrf53_errata_69
                0x00002e28       0x28 modules/hal_nordic/nrfx/libmodules__hal_nordic__nrfx.a(system_nrf5340_application.c.obj)
 .text.nrf53_errata_97
                0x00002e50       0x28 modules/hal_nordic/nrfx/libmodules__hal_nordic__nrfx.a(system_nrf5340_application.c.obj)
 .text.SystemCoreClockUpdate
                0x00002e78       0x20 modules/hal_nordic/nrfx/libmodules__hal_nordic__nrfx.a(system_nrf5340_application.c.obj)
                0x00002e78                SystemCoreClockUpdate
 .text.SystemInit
                0x00002e98      0x118 modules/hal_nordic/nrfx/libmodules__hal_nordic__nrfx.a(system_nrf5340_application.c.obj)
                0x00002e98                SystemInit
 .text.nrfx_flag32_alloc
                0x00002fb0       0x40 modules/hal_nordic/nrfx/libmodules__hal_nordic__nrfx.a(nrfx_flag32_allocator.c.obj)
                0x00002fb0                nrfx_flag32_alloc
 .text.nrfx_flag32_free
                0x00002ff0       0x40 modules/hal_nordic/nrfx/libmodules__hal_nordic__nrfx.a(nrfx_flag32_allocator.c.obj)
                0x00002ff0                nrfx_flag32_free
 .text.nrfx_clock_init
                0x00003030       0x24 modules/hal_nordic/nrfx/libmodules__hal_nordic__nrfx.a(nrfx_clock.c.obj)
                0x00003030                nrfx_clock_init
 .text.nrfx_clock_start
                0x00003054       0xb4 modules/hal_nordic/nrfx/libmodules__hal_nordic__nrfx.a(nrfx_clock.c.obj)
                0x00003054                nrfx_clock_start
 .text.nrfx_clock_stop
                0x00003108      0x1b8 modules/hal_nordic/nrfx/libmodules__hal_nordic__nrfx.a(nrfx_clock.c.obj)
                0x00003108                nrfx_clock_stop
 .text.nrfx_power_clock_irq_handler
                0x000032c0       0xc0 modules/hal_nordic/nrfx/libmodules__hal_nordic__nrfx.a(nrfx_clock.c.obj)
                0x000032c0                nrfx_power_clock_irq_handler
 .text.nrfx_dppi_channel_alloc
                0x00003380       0x10 modules/hal_nordic/nrfx/libmodules__hal_nordic__nrfx.a(nrfx_dppi.c.obj)
                0x00003380                nrfx_dppi_channel_alloc
 .text.pin_in_use
                0x00003390       0x14 modules/hal_nordic/nrfx/libmodules__hal_nordic__nrfx.a(nrfx_gpiote.c.obj)
 .text.pin_in_use_by_te
                0x000033a4       0x14 modules/hal_nordic/nrfx/libmodules__hal_nordic__nrfx.a(nrfx_gpiote.c.obj)
 .text.pin_has_trigger
                0x000033b8       0x18 modules/hal_nordic/nrfx/libmodules__hal_nordic__nrfx.a(nrfx_gpiote.c.obj)
 .text.pin_is_output
                0x000033d0       0x14 modules/hal_nordic/nrfx/libmodules__hal_nordic__nrfx.a(nrfx_gpiote.c.obj)
 .text.pin_te_get
                0x000033e4       0x10 modules/hal_nordic/nrfx/libmodules__hal_nordic__nrfx.a(nrfx_gpiote.c.obj)
 .text.handler_in_use
                0x000033f4       0x34 modules/hal_nordic/nrfx/libmodules__hal_nordic__nrfx.a(nrfx_gpiote.c.obj)
 .text.find_handler
                0x00003428       0x2c modules/hal_nordic/nrfx/libmodules__hal_nordic__nrfx.a(nrfx_gpiote.c.obj)
 .text.channel_handler_get
                0x00003454       0x20 modules/hal_nordic/nrfx/libmodules__hal_nordic__nrfx.a(nrfx_gpiote.c.obj)
 .text.call_handler
                0x00003474       0x2c modules/hal_nordic/nrfx/libmodules__hal_nordic__nrfx.a(nrfx_gpiote.c.obj)
 .text.next_sense_cond_call_handler
                0x000034a0       0xb0 modules/hal_nordic/nrfx/libmodules__hal_nordic__nrfx.a(nrfx_gpiote.c.obj)
 .text.latch_pending_read_and_check
                0x00003550       0x50 modules/hal_nordic/nrfx/libmodules__hal_nordic__nrfx.a(nrfx_gpiote.c.obj)
 .text.release_handler
                0x000035a0       0x44 modules/hal_nordic/nrfx/libmodules__hal_nordic__nrfx.a(nrfx_gpiote.c.obj)
 .text.pin_handler_trigger_uninit
                0x000035e4       0x3c modules/hal_nordic/nrfx/libmodules__hal_nordic__nrfx.a(nrfx_gpiote.c.obj)
 .text.pin_handler_set
                0x00003620       0x6c modules/hal_nordic/nrfx/libmodules__hal_nordic__nrfx.a(nrfx_gpiote.c.obj)
 .text.port_event_handle
                0x0000368c       0xc4 modules/hal_nordic/nrfx/libmodules__hal_nordic__nrfx.a(nrfx_gpiote.c.obj)
 .text.gpiote_evt_handle
                0x00003750       0x40 modules/hal_nordic/nrfx/libmodules__hal_nordic__nrfx.a(nrfx_gpiote.c.obj)
 .text.nrfx_gpiote_input_configure
                0x00003790      0x170 modules/hal_nordic/nrfx/libmodules__hal_nordic__nrfx.a(nrfx_gpiote.c.obj)
                0x00003790                nrfx_gpiote_input_configure
 .text.nrfx_gpiote_output_configure
                0x00003900      0x184 modules/hal_nordic/nrfx/libmodules__hal_nordic__nrfx.a(nrfx_gpiote.c.obj)
                0x00003900                nrfx_gpiote_output_configure
 .text.nrfx_gpiote_global_callback_set
                0x00003a84        0xc modules/hal_nordic/nrfx/libmodules__hal_nordic__nrfx.a(nrfx_gpiote.c.obj)
                0x00003a84                nrfx_gpiote_global_callback_set
 .text.nrfx_gpiote_channel_get
                0x00003a90       0x30 modules/hal_nordic/nrfx/libmodules__hal_nordic__nrfx.a(nrfx_gpiote.c.obj)
                0x00003a90                nrfx_gpiote_channel_get
 .text.nrfx_gpiote_init
                0x00003ac0       0x54 modules/hal_nordic/nrfx/libmodules__hal_nordic__nrfx.a(nrfx_gpiote.c.obj)
                0x00003ac0                nrfx_gpiote_init
 .text.nrfx_gpiote_is_init
                0x00003b14       0x14 modules/hal_nordic/nrfx/libmodules__hal_nordic__nrfx.a(nrfx_gpiote.c.obj)
                0x00003b14                nrfx_gpiote_is_init
 .text.nrfx_gpiote_channel_free
                0x00003b28       0x10 modules/hal_nordic/nrfx/libmodules__hal_nordic__nrfx.a(nrfx_gpiote.c.obj)
                0x00003b28                nrfx_gpiote_channel_free
 .text.nrfx_gpiote_channel_alloc
                0x00003b38       0x10 modules/hal_nordic/nrfx/libmodules__hal_nordic__nrfx.a(nrfx_gpiote.c.obj)
                0x00003b38                nrfx_gpiote_channel_alloc
 .text.nrfx_gpiote_trigger_enable
                0x00003b48       0xc4 modules/hal_nordic/nrfx/libmodules__hal_nordic__nrfx.a(nrfx_gpiote.c.obj)
                0x00003b48                nrfx_gpiote_trigger_enable
 .text.nrfx_gpiote_trigger_disable
                0x00003c0c       0x60 modules/hal_nordic/nrfx/libmodules__hal_nordic__nrfx.a(nrfx_gpiote.c.obj)
                0x00003c0c                nrfx_gpiote_trigger_disable
 .text.nrfx_gpiote_pin_uninit
                0x00003c6c       0x50 modules/hal_nordic/nrfx/libmodules__hal_nordic__nrfx.a(nrfx_gpiote.c.obj)
                0x00003c6c                nrfx_gpiote_pin_uninit
 .text.nrfx_gpiote_irq_handler
                0x00003cbc       0x60 modules/hal_nordic/nrfx/libmodules__hal_nordic__nrfx.a(nrfx_gpiote.c.obj)
                0x00003cbc                nrfx_gpiote_irq_handler
 .text.z_device_state_init
                0x00003d1c       0x18 zephyr/kernel/libkernel.a(device.c.obj)
                0x00003d1c                z_device_state_init
 .text.z_sys_init_run_level
                0x00003d34       0x50 zephyr/kernel/libkernel.a(device.c.obj)
                0x00003d34                z_sys_init_run_level
 .text.z_impl_device_get_binding
                0x00003d84       0x64 zephyr/kernel/libkernel.a(device.c.obj)
                0x00003d84                z_impl_device_get_binding
 .text.init_idle_thread
                0x00003de8       0x70 zephyr/kernel/libkernel.a(init.c.obj)
 .text.prepare_multithreading
                0x00003e58       0x90 zephyr/kernel/libkernel.a(init.c.obj)
 .text.bg_thread_main
                0x00003ee8       0x34 zephyr/kernel/libkernel.a(init.c.obj)
 .text.switch_to_main_thread
                0x00003f1c       0x14 zephyr/kernel/libkernel.a(init.c.obj)
 .text.z_bss_zero
                0x00003f30       0x18 zephyr/kernel/libkernel.a(init.c.obj)
                0x00003f30                z_bss_zero
 .text.z_cstart
                0x00003f48       0x84 zephyr/kernel/libkernel.a(init.c.obj)
                0x00003f48                z_cstart
 .text.init_mem_slab_module
                0x00003fcc       0x24 zephyr/kernel/libkernel.a(mem_slab.c.obj)
 .text.k_mem_slab_alloc
                0x00003ff0       0x6c zephyr/kernel/libkernel.a(mem_slab.c.obj)
                0x00003ff0                k_mem_slab_alloc
 .text.z_thread_monitor_exit
                0x0000405c       0x40 zephyr/kernel/libkernel.a(thread.c.obj)
                0x0000405c                z_thread_monitor_exit
 .text.schedule_new_thread
                0x0000409c       0x24 zephyr/kernel/libkernel.a(thread.c.obj)
 .text.z_setup_new_thread
                0x000040c0       0xc8 zephyr/kernel/libkernel.a(thread.c.obj)
                0x000040c0                z_setup_new_thread
 .text.z_init_static_threads
                0x00004188       0x9c zephyr/kernel/libkernel.a(thread.c.obj)
                0x00004188                z_init_static_threads
 .text.idle     0x00004224       0x30 zephyr/kernel/libkernel.a(idle.c.obj)
                0x00004224                idle
 .text.z_impl_k_mutex_lock
                0x00004254      0x114 zephyr/kernel/libkernel.a(mutex.c.obj)
                0x00004254                z_impl_k_mutex_lock
 .text.z_impl_k_mutex_unlock
                0x00004368       0x88 zephyr/kernel/libkernel.a(mutex.c.obj)
                0x00004368                z_impl_k_mutex_unlock
 .text.z_impl_k_sem_give
                0x000043f0       0x48 zephyr/kernel/libkernel.a(sem.c.obj)
                0x000043f0                z_impl_k_sem_give
 .text.z_impl_k_sem_take
                0x00004438       0x54 zephyr/kernel/libkernel.a(sem.c.obj)
                0x00004438                z_impl_k_sem_take
 .text.add_thread_timeout
                0x0000448c       0x20 zephyr/kernel/libkernel.a(sched.c.obj)
 .text.z_reset_time_slice
                0x000044ac       0x2c zephyr/kernel/libkernel.a(sched.c.obj)
                0x000044ac                z_reset_time_slice
 .text.k_sched_time_slice_set
                0x000044d8       0x78 zephyr/kernel/libkernel.a(sched.c.obj)
                0x000044d8                k_sched_time_slice_set
 .text.z_reschedule
                0x00004550       0x38 zephyr/kernel/libkernel.a(sched.c.obj)
                0x00004550                z_reschedule
 .text.k_sched_lock
                0x00004588       0x30 zephyr/kernel/libkernel.a(sched.c.obj)
                0x00004588                k_sched_lock
 .text.update_cache
                0x000045b8       0x4c zephyr/kernel/libkernel.a(sched.c.obj)
 .text.move_thread_to_end_of_prio_q
                0x00004604       0x88 zephyr/kernel/libkernel.a(sched.c.obj)
 .text.z_time_slice
                0x0000468c       0x98 zephyr/kernel/libkernel.a(sched.c.obj)
                0x0000468c                z_time_slice
 .text.ready_thread
                0x00004724       0x80 zephyr/kernel/libkernel.a(sched.c.obj)
 .text.z_sched_start
                0x000047a4       0x3c zephyr/kernel/libkernel.a(sched.c.obj)
                0x000047a4                z_sched_start
 .text.unready_thread
                0x000047e0       0x38 zephyr/kernel/libkernel.a(sched.c.obj)
 .text.z_pend_curr
                0x00004818       0x28 zephyr/kernel/libkernel.a(sched.c.obj)
                0x00004818                z_pend_curr
 .text.z_set_prio
                0x00004840       0xc0 zephyr/kernel/libkernel.a(sched.c.obj)
                0x00004840                z_set_prio
 .text.z_impl_k_thread_suspend
                0x00004900       0x84 zephyr/kernel/libkernel.a(sched.c.obj)
                0x00004900                z_impl_k_thread_suspend
 .text.k_sched_unlock
                0x00004984       0x4c zephyr/kernel/libkernel.a(sched.c.obj)
                0x00004984                k_sched_unlock
 .text.end_thread
                0x000049d0       0x9c zephyr/kernel/libkernel.a(sched.c.obj)
 .text.z_sched_init
                0x00004a6c       0x18 zephyr/kernel/libkernel.a(sched.c.obj)
                0x00004a6c                z_sched_init
 .text.z_impl_k_yield
                0x00004a84       0x88 zephyr/kernel/libkernel.a(sched.c.obj)
                0x00004a84                z_impl_k_yield
 .text.z_tick_sleep
                0x00004b0c       0xa0 zephyr/kernel/libkernel.a(sched.c.obj)
 .text.z_impl_k_sleep
                0x00004bac       0x58 zephyr/kernel/libkernel.a(sched.c.obj)
                0x00004bac                z_impl_k_sleep
 .text.z_impl_z_current_get
                0x00004c04        0xc zephyr/kernel/libkernel.a(sched.c.obj)
                0x00004c04                z_impl_z_current_get
 .text.z_thread_abort
                0x00004c10       0x50 zephyr/kernel/libkernel.a(sched.c.obj)
                0x00004c10                z_thread_abort
 .text.z_data_copy
                0x00004c60       0x34 zephyr/kernel/libkernel.a(xip.c.obj)
                0x00004c60                z_data_copy
 .text.first    0x00004c94       0x14 zephyr/kernel/libkernel.a(timeout.c.obj)
 .text.next     0x00004ca8       0x18 zephyr/kernel/libkernel.a(timeout.c.obj)
 .text.elapsed  0x00004cc0       0x18 zephyr/kernel/libkernel.a(timeout.c.obj)
 .text.next_timeout
                0x00004cd8       0x4c zephyr/kernel/libkernel.a(timeout.c.obj)
 .text.z_add_timeout
                0x00004d24      0x154 zephyr/kernel/libkernel.a(timeout.c.obj)
                0x00004d24                z_add_timeout
 .text.sys_clock_announce
                0x00004e78       0xc4 zephyr/kernel/libkernel.a(timeout.c.obj)
                0x00004e78                sys_clock_announce
 .text.sys_clock_tick_get
                0x00004f3c       0x40 zephyr/kernel/libkernel.a(timeout.c.obj)
                0x00004f3c                sys_clock_tick_get
 .text.boot_banner
                0x00004f7c       0x1c zephyr/kernel/libkernel.a(banner.c.obj)
                0x00004f7c                boot_banner
 .text.nrf_cc3xx_platform_init_no_rng
                0x00004f98       0x38 C:/Users/eidos/ncs/v1.9.1/nrfxlib/crypto/nrf_cc312_platform/lib/cortex-m33/soft-float/no-interrupts/libnrf_cc312_platform_0.9.13.a(nrf_cc3xx_platform.c.obj)
                0x00004f98                nrf_cc3xx_platform_init_no_rng
 .text.nrf_cc3xx_platform_abort
                0x00004fd0       0x24 C:/Users/eidos/ncs/v1.9.1/nrfxlib/crypto/nrf_cc312_platform/lib/cortex-m33/soft-float/no-interrupts/libnrf_cc312_platform_0.9.13.a(nrf_cc3xx_platform_abort.c.obj)
 .text.CC_PalAbort
                0x00004ff4       0x40 C:/Users/eidos/ncs/v1.9.1/nrfxlib/crypto/nrf_cc312_platform/lib/cortex-m33/soft-float/no-interrupts/libnrf_cc312_platform_0.9.13.a(nrf_cc3xx_platform_abort.c.obj)
                0x00004ff4                CC_PalAbort
 .text.nrf_cc3xx_platform_set_abort
                0x00005034       0x10 C:/Users/eidos/ncs/v1.9.1/nrfxlib/crypto/nrf_cc312_platform/lib/cortex-m33/soft-float/no-interrupts/libnrf_cc312_platform_0.9.13.a(nrf_cc3xx_platform_abort.c.obj)
                0x00005034                nrf_cc3xx_platform_set_abort
 .text.mutex_free
                0x00005044       0x28 C:/Users/eidos/ncs/v1.9.1/nrfxlib/crypto/nrf_cc312_platform/lib/cortex-m33/soft-float/no-interrupts/libnrf_cc312_platform_0.9.13.a(nrf_cc3xx_platform_mutex.c.obj)
 .text.mutex_unlock
                0x0000506c       0x2c C:/Users/eidos/ncs/v1.9.1/nrfxlib/crypto/nrf_cc312_platform/lib/cortex-m33/soft-float/no-interrupts/libnrf_cc312_platform_0.9.13.a(nrf_cc3xx_platform_mutex.c.obj)
 .text.mutex_init
                0x00005098       0x1c C:/Users/eidos/ncs/v1.9.1/nrfxlib/crypto/nrf_cc312_platform/lib/cortex-m33/soft-float/no-interrupts/libnrf_cc312_platform_0.9.13.a(nrf_cc3xx_platform_mutex.c.obj)
 .text.mutex_lock
                0x000050b4       0x3c C:/Users/eidos/ncs/v1.9.1/nrfxlib/crypto/nrf_cc312_platform/lib/cortex-m33/soft-float/no-interrupts/libnrf_cc312_platform_0.9.13.a(nrf_cc3xx_platform_mutex.c.obj)
 .text.nrf_cc3xx_platform_set_mutexes
                0x000050f0       0x64 C:/Users/eidos/ncs/v1.9.1/nrfxlib/crypto/nrf_cc312_platform/lib/cortex-m33/soft-float/no-interrupts/libnrf_cc312_platform_0.9.13.a(nrf_cc3xx_platform_mutex.c.obj)
                0x000050f0                nrf_cc3xx_platform_set_mutexes
 .text.CC_LibInitNoRng
                0x00005154       0x24 C:/Users/eidos/ncs/v1.9.1/nrfxlib/crypto/nrf_cc312_platform/lib/cortex-m33/soft-float/no-interrupts/libnrf_cc312_platform_0.9.13.a(cc_lib.c.obj)
                0x00005154                CC_LibInitNoRng
 .text.CC_HalInit
                0x00005178        0x4 C:/Users/eidos/ncs/v1.9.1/nrfxlib/crypto/nrf_cc312_platform/lib/cortex-m33/soft-float/no-interrupts/libnrf_cc312_platform_0.9.13.a(cc_hal.c.obj)
                0x00005178                CC_HalInit
 .text.CC_PalInit
                0x0000517c       0x5c C:/Users/eidos/ncs/v1.9.1/nrfxlib/crypto/nrf_cc312_platform/lib/cortex-m33/soft-float/no-interrupts/libnrf_cc312_platform_0.9.13.a(cc_pal.c.obj)
                0x0000517c                CC_PalInit
 .text.CC_PalTerminate
                0x000051d8       0x34 C:/Users/eidos/ncs/v1.9.1/nrfxlib/crypto/nrf_cc312_platform/lib/cortex-m33/soft-float/no-interrupts/libnrf_cc312_platform_0.9.13.a(cc_pal.c.obj)
                0x000051d8                CC_PalTerminate
 .text.CC_PalDmaInit
                0x0000520c        0x4 C:/Users/eidos/ncs/v1.9.1/nrfxlib/crypto/nrf_cc312_platform/lib/cortex-m33/soft-float/no-interrupts/libnrf_cc312_platform_0.9.13.a(cc_pal_dma.c.obj)
                0x0000520c                CC_PalDmaInit
 .text.CC_PalDmaTerminate
                0x00005210        0x4 C:/Users/eidos/ncs/v1.9.1/nrfxlib/crypto/nrf_cc312_platform/lib/cortex-m33/soft-float/no-interrupts/libnrf_cc312_platform_0.9.13.a(cc_pal_dma.c.obj)
                0x00005210                CC_PalDmaTerminate
 .text.CC_PalMutexCreate
                0x00005214       0x14 C:/Users/eidos/ncs/v1.9.1/nrfxlib/crypto/nrf_cc312_platform/lib/cortex-m33/soft-float/no-interrupts/libnrf_cc312_platform_0.9.13.a(cc_pal_mutex.c.obj)
                0x00005214                CC_PalMutexCreate
 .text.CC_PalMutexDestroy
                0x00005228       0x14 C:/Users/eidos/ncs/v1.9.1/nrfxlib/crypto/nrf_cc312_platform/lib/cortex-m33/soft-float/no-interrupts/libnrf_cc312_platform_0.9.13.a(cc_pal_mutex.c.obj)
                0x00005228                CC_PalMutexDestroy
 .text.CC_PalPowerSaveModeInit
                0x0000523c       0x3c C:/Users/eidos/ncs/v1.9.1/nrfxlib/crypto/nrf_cc312_platform/lib/cortex-m33/soft-float/no-interrupts/libnrf_cc312_platform_0.9.13.a(cc_pal_pm.c.obj)
                0x0000523c                CC_PalPowerSaveModeInit
 .text.sys_notify_validate
                0x00005278       0x2e zephyr/libzephyr.a(notify.c.obj)
                0x00005278                sys_notify_validate
 .text.sys_notify_finalize
                0x000052a6       0x1a zephyr/libzephyr.a(notify.c.obj)
                0x000052a6                sys_notify_finalize
 .text.arch_printk_char_out
                0x000052c0        0x4 zephyr/libzephyr.a(printk.c.obj)
                0x000052c0                arch_printk_char_out
 .text.str_out  0x000052c4       0x30 zephyr/libzephyr.a(printk.c.obj)
 .text.printk   0x000052f4       0x1c zephyr/libzephyr.a(printk.c.obj)
                0x000052f4                printk
 .text.snprintk
                0x00005310       0x1c zephyr/libzephyr.a(printk.c.obj)
                0x00005310                snprintk
 .text.set_state
                0x0000532c       0x10 zephyr/libzephyr.a(onoff.c.obj)
 .text.notify_monitors
                0x0000533c       0x3e zephyr/libzephyr.a(onoff.c.obj)
 .text.process_recheck
                0x0000537a       0x32 zephyr/libzephyr.a(onoff.c.obj)
 .text.process_complete
                0x000053ac       0x9a zephyr/libzephyr.a(onoff.c.obj)
 .text.validate_args
                0x00005446       0x2c zephyr/libzephyr.a(onoff.c.obj)
 .text.notify_one
                0x00005472       0x26 zephyr/libzephyr.a(onoff.c.obj)
 .text.notify_all
                0x00005498       0x2e zephyr/libzephyr.a(onoff.c.obj)
 .text.transition_complete
                0x000054c6       0x1c zephyr/libzephyr.a(onoff.c.obj)
 .text.onoff_manager_init
                0x000054e2       0x38 zephyr/libzephyr.a(onoff.c.obj)
                0x000054e2                onoff_manager_init
 .text.onoff_request
                0x0000551a       0xb8 zephyr/libzephyr.a(onoff.c.obj)
                0x0000551a                onoff_request
 .text.z_thread_entry
                0x000055d2       0x14 zephyr/libzephyr.a(thread_entry.c.obj)
                0x000055d2                z_thread_entry
 .text.extract_decimal
                0x000055e6       0x26 zephyr/libzephyr.a(cbprintf_complete.c.obj)
 .text.encode_uint
                0x0000560c       0xd4 zephyr/libzephyr.a(cbprintf_complete.c.obj)
 .text.outs     0x000056e0       0x34 zephyr/libzephyr.a(cbprintf_complete.c.obj)
 .text._ConfigAbsSyms
                0x00005714        0x2 zephyr/libzephyr.a(configs.c.obj)
                0x00005714                _ConfigAbsSyms
 .text.pm_power_state_exit_post_ops
                0x00005716       0x16 zephyr/libzephyr.a(power.c.obj)
                0x00005716                pm_power_state_exit_post_ops
 .text.pm_policy_next_state
                0x0000572c        0xa zephyr/libzephyr.a(residency.c.obj)
                0x0000572c                pm_policy_next_state
 .text.abort_function
                0x00005736        0x8 zephyr/libzephyr.a(nrf_cc3xx_platform_abort_zephyr.c.obj)
 .text.z_arm_fatal_error
                0x0000573e        0x8 zephyr/arch/arch/arm/core/aarch32/libarch__arm__core__aarch32.a(fatal.c.obj)
                0x0000573e                z_arm_fatal_error
 .text.z_do_kernel_oops
                0x00005746        0xc zephyr/arch/arch/arm/core/aarch32/libarch__arm__core__aarch32.a(fatal.c.obj)
                0x00005746                z_do_kernel_oops
 .text.z_irq_spurious
                0x00005752        0xc zephyr/arch/arch/arm/core/aarch32/libarch__arm__core__aarch32.a(irq_manage.c.obj)
                0x00005752                z_irq_spurious
 .text.z_arm_nmi
                0x0000575e        0xc zephyr/arch/arch/arm/core/aarch32/libarch__arm__core__aarch32.a(nmi.c.obj)
                0x0000575e                z_arm_nmi
 .text.configure_builtin_stack_guard
                0x0000576a        0xa zephyr/arch/arch/arm/core/aarch32/libarch__arm__core__aarch32.a(thread.c.obj)
                0x0000576a                configure_builtin_stack_guard
 .text.memory_fault_recoverable
                0x00005774        0x4 zephyr/arch/arch/arm/core/aarch32/cortex_m/libarch__arm__core__aarch32__cortex_m.a(fault.c.obj)
 .text.debug_monitor
                0x00005778        0x6 zephyr/arch/arch/arm/core/aarch32/cortex_m/libarch__arm__core__aarch32__cortex_m.a(fault.c.obj)
 .text.fault_handle
                0x0000577e       0x46 zephyr/arch/arch/arm/core/aarch32/cortex_m/libarch__arm__core__aarch32__cortex_m.a(fault.c.obj)
 .text.arm_cmse_mpu_region_get
                0x000057c4       0x14 zephyr/arch/arch/arm/core/aarch32/cortex_m/cmse/libarch__arm__core__aarch32__cortex_m__cmse.a(arm_core_cmse.c.obj)
                0x000057c4                arm_cmse_mpu_region_get
 .text.mpu_partition_is_valid
                0x000057d8       0x24 zephyr/arch/arch/arm/core/aarch32/mpu/libarch__arm__core__aarch32__mpu.a(arm_mpu.c.obj)
 .text.region_allocate_and_init
                0x000057fc       0x16 zephyr/arch/arch/arm/core/aarch32/mpu/libarch__arm__core__aarch32__mpu.a(arm_mpu.c.obj)
 .text.mpu_configure_region
                0x00005812       0x36 zephyr/arch/arch/arm/core/aarch32/mpu/libarch__arm__core__aarch32__mpu.a(arm_mpu.c.obj)
 .text.arm_core_mpu_configure_static_mpu_regions
                0x00005848        0x8 zephyr/arch/arch/arm/core/aarch32/mpu/libarch__arm__core__aarch32__mpu.a(arm_mpu.c.obj)
                0x00005848                arm_core_mpu_configure_static_mpu_regions
 .text.arm_core_mpu_mark_areas_for_dynamic_regions
                0x00005850        0x8 zephyr/arch/arch/arm/core/aarch32/mpu/libarch__arm__core__aarch32__mpu.a(arm_mpu.c.obj)
                0x00005850                arm_core_mpu_mark_areas_for_dynamic_regions
 .text.strncpy  0x00005858       0x34 zephyr/lib/libc/minimal/liblib__libc__minimal.a(string.c.obj)
                0x00005858                strncpy
 .text.strlen   0x0000588c       0x10 zephyr/lib/libc/minimal/liblib__libc__minimal.a(string.c.obj)
                0x0000588c                strlen
 .text.strnlen  0x0000589c       0x14 zephyr/lib/libc/minimal/liblib__libc__minimal.a(string.c.obj)
                0x0000589c                strnlen
 .text.strcmp   0x000058b0       0x14 zephyr/lib/libc/minimal/liblib__libc__minimal.a(string.c.obj)
                0x000058b0                strcmp
 .text.memcpy   0x000058c4       0x48 zephyr/lib/libc/minimal/liblib__libc__minimal.a(string.c.obj)
                0x000058c4                memcpy
 .text.memset   0x0000590c       0x3a zephyr/lib/libc/minimal/liblib__libc__minimal.a(string.c.obj)
                0x0000590c                memset
 .text._stdout_hook_default
                0x00005946        0x6 zephyr/lib/libc/minimal/liblib__libc__minimal.a(stdout_console.c.obj)
 .text.get_sub_data
                0x0000594c        0xe zephyr/drivers/clock_control/libdrivers__clock_control.a(clock_control_nrf.c.obj)
 .text.get_sub_config
                0x0000595a        0x8 zephyr/drivers/clock_control/libdrivers__clock_control.a(clock_control_nrf.c.obj)
 .text.get_onoff_manager
                0x00005962        0xc zephyr/drivers/clock_control/libdrivers__clock_control.a(clock_control_nrf.c.obj)
 .text.get_status
                0x0000596e       0x10 zephyr/drivers/clock_control/libdrivers__clock_control.a(clock_control_nrf.c.obj)
 .text.set_off_state
                0x0000597e       0x32 zephyr/drivers/clock_control/libdrivers__clock_control.a(clock_control_nrf.c.obj)
 .text.set_starting_state
                0x000059b0       0x40 zephyr/drivers/clock_control/libdrivers__clock_control.a(clock_control_nrf.c.obj)
 .text.set_on_state
                0x000059f0       0x26 zephyr/drivers/clock_control/libdrivers__clock_control.a(clock_control_nrf.c.obj)
 .text.clkstarted_handle
                0x00005a16       0x24 zephyr/drivers/clock_control/libdrivers__clock_control.a(clock_control_nrf.c.obj)
 .text.stop     0x00005a3a       0x2a zephyr/drivers/clock_control/libdrivers__clock_control.a(clock_control_nrf.c.obj)
 .text.api_stop
                0x00005a64        0xa zephyr/drivers/clock_control/libdrivers__clock_control.a(clock_control_nrf.c.obj)
 .text.async_start
                0x00005a6e       0x38 zephyr/drivers/clock_control/libdrivers__clock_control.a(clock_control_nrf.c.obj)
 .text.api_start
                0x00005aa6       0x10 zephyr/drivers/clock_control/libdrivers__clock_control.a(clock_control_nrf.c.obj)
 .text.onoff_started_callback
                0x00005ab6       0x10 zephyr/drivers/clock_control/libdrivers__clock_control.a(clock_control_nrf.c.obj)
 .text.hfclk_start
                0x00005ac6        0xa zephyr/drivers/clock_control/libdrivers__clock_control.a(clock_control_nrf.c.obj)
 .text.hfclkaudio_start
                0x00005ad0        0xa zephyr/drivers/clock_control/libdrivers__clock_control.a(clock_control_nrf.c.obj)
 .text.hfclk192m_start
                0x00005ada        0xa zephyr/drivers/clock_control/libdrivers__clock_control.a(clock_control_nrf.c.obj)
 .text.lfclk_start
                0x00005ae4        0xa zephyr/drivers/clock_control/libdrivers__clock_control.a(clock_control_nrf.c.obj)
 .text.hfclk_stop
                0x00005aee        0xa zephyr/drivers/clock_control/libdrivers__clock_control.a(clock_control_nrf.c.obj)
 .text.hfclkaudio_stop
                0x00005af8        0xa zephyr/drivers/clock_control/libdrivers__clock_control.a(clock_control_nrf.c.obj)
 .text.hfclk192m_stop
                0x00005b02        0xa zephyr/drivers/clock_control/libdrivers__clock_control.a(clock_control_nrf.c.obj)
 .text.lfclk_stop
                0x00005b0c        0xa zephyr/drivers/clock_control/libdrivers__clock_control.a(clock_control_nrf.c.obj)
 .text.blocking_start_callback
                0x00005b16        0xa zephyr/drivers/clock_control/libdrivers__clock_control.a(clock_control_nrf.c.obj)
 .text.get_pull
                0x00005b20       0x18 zephyr/drivers/gpio/libdrivers__gpio.a(gpio_nrfx.c.obj)
 .text.gpio_nrfx_port_get_raw
                0x00005b38        0xc zephyr/drivers/gpio/libdrivers__gpio.a(gpio_nrfx.c.obj)
 .text.gpio_nrfx_port_set_masked_raw
                0x00005b44       0x12 zephyr/drivers/gpio/libdrivers__gpio.a(gpio_nrfx.c.obj)
 .text.gpio_nrfx_port_set_bits_raw
                0x00005b56        0xa zephyr/drivers/gpio/libdrivers__gpio.a(gpio_nrfx.c.obj)
 .text.gpio_nrfx_port_clear_bits_raw
                0x00005b60        0xa zephyr/drivers/gpio/libdrivers__gpio.a(gpio_nrfx.c.obj)
 .text.gpio_nrfx_port_toggle_bits
                0x00005b6a        0xe zephyr/drivers/gpio/libdrivers__gpio.a(gpio_nrfx.c.obj)
 .text.get_trigger
                0x00005b78       0x2c zephyr/drivers/gpio/libdrivers__gpio.a(gpio_nrfx.c.obj)
 .text.gpio_nrfx_manage_callback
                0x00005ba4       0x64 zephyr/drivers/gpio/libdrivers__gpio.a(gpio_nrfx.c.obj)
 .text.nrfx_gpio_handler
                0x00005c08       0x48 zephyr/drivers/gpio/libdrivers__gpio.a(gpio_nrfx.c.obj)
 .text.endtx_isr
                0x00005c50       0x32 zephyr/drivers/serial/libdrivers__serial.a(uart_nrfx_uarte.c.obj)
 .text.uarte_nrfx_isr_int
                0x00005c82       0x56 zephyr/drivers/serial/libdrivers__serial.a(uart_nrfx_uarte.c.obj)
 .text.uarte_nrfx_configure
                0x00005cd8       0xc4 zephyr/drivers/serial/libdrivers__serial.a(uart_nrfx_uarte.c.obj)
 .text.uarte_nrfx_config_get
                0x00005d9c       0x10 zephyr/drivers/serial/libdrivers__serial.a(uart_nrfx_uarte.c.obj)
 .text.uarte_nrfx_err_check
                0x00005dac        0xe zephyr/drivers/serial/libdrivers__serial.a(uart_nrfx_uarte.c.obj)
 .text.is_tx_ready
                0x00005dba       0x28 zephyr/drivers/serial/libdrivers__serial.a(uart_nrfx_uarte.c.obj)
 .text.uarte_enable
                0x00005de2        0xc zephyr/drivers/serial/libdrivers__serial.a(uart_nrfx_uarte.c.obj)
 .text.tx_start
                0x00005dee       0x40 zephyr/drivers/serial/libdrivers__serial.a(uart_nrfx_uarte.c.obj)
 .text.uarte_nrfx_poll_in
                0x00005e2e       0x2a zephyr/drivers/serial/libdrivers__serial.a(uart_nrfx_uarte.c.obj)
 .text.wait_tx_ready
                0x00005e58       0x4e zephyr/drivers/serial/libdrivers__serial.a(uart_nrfx_uarte.c.obj)
 .text.uarte_instance_init
                0x00005ea6       0x94 zephyr/drivers/serial/libdrivers__serial.a(uart_nrfx_uarte.c.obj)
 .text.uarte_0_init
                0x00005f3a       0x1e zephyr/drivers/serial/libdrivers__serial.a(uart_nrfx_uarte.c.obj)
 .text.sys_clock_idle_exit
                0x00005f58        0x2 zephyr/drivers/timer/libdrivers__timer.a(sys_clock_init.c.obj)
                0x00005f58                sys_clock_idle_exit
 .text.counter_sub
                0x00005f5a        0x8 zephyr/drivers/timer/libdrivers__timer.a(nrf_rtc_timer.c.obj)
 .text.event_clear
                0x00005f62       0x18 zephyr/drivers/timer/libdrivers__timer.a(nrf_rtc_timer.c.obj)
 .text.absolute_time_to_cc
                0x00005f7a        0x6 zephyr/drivers/timer/libdrivers__timer.a(nrf_rtc_timer.c.obj)
 .text.full_int_lock
                0x00005f80       0x12 zephyr/drivers/timer/libdrivers__timer.a(nrf_rtc_timer.c.obj)
 .text.full_int_unlock
                0x00005f92        0xa zephyr/drivers/timer/libdrivers__timer.a(nrf_rtc_timer.c.obj)
 .text.set_absolute_alarm
                0x00005f9c       0x76 zephyr/drivers/timer/libdrivers__timer.a(nrf_rtc_timer.c.obj)
 .text.compare_set
                0x00006012       0x32 zephyr/drivers/timer/libdrivers__timer.a(nrf_rtc_timer.c.obj)
 .text.k_sys_fatal_error_handler
                0x00006044        0x8 modules/nrf/lib/fatal_error/lib..__nrf__lib__fatal_error.a(fatal_error.c.obj)
                0x00006044                k_sys_fatal_error_handler
 .text.hw_cc3xx_init_internal
                0x0000604c        0x8 modules/nrf/drivers/hw_cc310/lib..__nrf__drivers__hw_cc310.a(hw_cc310.c.obj)
 .text.hw_cc3xx_init
                0x00006054       0x14 modules/nrf/drivers/hw_cc310/lib..__nrf__drivers__hw_cc310.a(hw_cc310.c.obj)
 .text.nrfx_isr
                0x00006068        0x6 modules/hal_nordic/nrfx/libmodules__hal_nordic__nrfx.a(nrfx_glue.c.obj)
                0x00006068                nrfx_isr
 .text.nrfx_busy_wait
                0x0000606e        0x8 modules/hal_nordic/nrfx/libmodules__hal_nordic__nrfx.a(nrfx_glue.c.obj)
                0x0000606e                nrfx_busy_wait
 .text.nrfx_clock_enable
                0x00006076       0x22 modules/hal_nordic/nrfx/libmodules__hal_nordic__nrfx.a(nrfx_clock.c.obj)
                0x00006076                nrfx_clock_enable
 .text.pin_is_task_output
                0x00006098       0x1e modules/hal_nordic/nrfx/libmodules__hal_nordic__nrfx.a(nrfx_gpiote.c.obj)
 .text.pin_is_input
                0x000060b6        0xe modules/hal_nordic/nrfx/libmodules__hal_nordic__nrfx.a(nrfx_gpiote.c.obj)
 .text.gpiote_polarity_to_trigger
                0x000060c4        0x2 modules/hal_nordic/nrfx/libmodules__hal_nordic__nrfx.a(nrfx_gpiote.c.obj)
 .text.gpiote_trigger_to_polarity
                0x000060c6        0x2 modules/hal_nordic/nrfx/libmodules__hal_nordic__nrfx.a(nrfx_gpiote.c.obj)
 .text.is_level
                0x000060c8        0xa modules/hal_nordic/nrfx/libmodules__hal_nordic__nrfx.a(nrfx_gpiote.c.obj)
 .text.z_device_ready
                0x000060d2       0x1a zephyr/kernel/libkernel.a(device.c.obj)
                0x000060d2                z_device_ready
 .text.z_fatal_error
                0x000060ec       0x34 zephyr/kernel/libkernel.a(fatal.c.obj)
                0x000060ec                z_fatal_error
 .text.create_free_list
                0x00006120       0x2e zephyr/kernel/libkernel.a(mem_slab.c.obj)
 .text.k_mem_slab_init
                0x0000614e       0x1c zephyr/kernel/libkernel.a(mem_slab.c.obj)
                0x0000614e                k_mem_slab_init
 .text.k_mem_slab_free
                0x0000616a       0x58 zephyr/kernel/libkernel.a(mem_slab.c.obj)
                0x0000616a                k_mem_slab_free
 .text.setup_thread_stack
                0x000061c2       0x18 zephyr/kernel/libkernel.a(thread.c.obj)
 .text.k_is_in_isr
                0x000061da        0xc zephyr/kernel/libkernel.a(thread.c.obj)
                0x000061da                k_is_in_isr
 .text.z_impl_k_thread_start
                0x000061e6        0x8 zephyr/kernel/libkernel.a(thread.c.obj)
                0x000061e6                z_impl_k_thread_start
 .text.z_init_thread_base
                0x000061ee       0x16 zephyr/kernel/libkernel.a(thread.c.obj)
                0x000061ee                z_init_thread_base
 .text.z_pm_save_idle_exit
                0x00006204        0xc zephyr/kernel/libkernel.a(idle.c.obj)
                0x00006204                z_pm_save_idle_exit
 .text.new_prio_for_inheritance
                0x00006210       0x16 zephyr/kernel/libkernel.a(mutex.c.obj)
 .text.adjust_owner_prio
                0x00006226       0x16 zephyr/kernel/libkernel.a(mutex.c.obj)
 .text.z_impl_k_mutex_init
                0x0000623c        0xe zephyr/kernel/libkernel.a(mutex.c.obj)
                0x0000623c                z_impl_k_mutex_init
 .text.thread_active_elsewhere
                0x0000624a        0x4 zephyr/kernel/libkernel.a(sched.c.obj)
 .text.pended_on_thread
                0x0000624e        0x4 zephyr/kernel/libkernel.a(sched.c.obj)
 .text.z_sched_prio_cmp
                0x00006252       0x14 zephyr/kernel/libkernel.a(sched.c.obj)
                0x00006252                z_sched_prio_cmp
 .text.z_reschedule_irqlock
                0x00006266       0x2a zephyr/kernel/libkernel.a(sched.c.obj)
                0x00006266                z_reschedule_irqlock
 .text.z_priq_dumb_remove
                0x00006290       0x10 zephyr/kernel/libkernel.a(sched.c.obj)
                0x00006290                z_priq_dumb_remove
 .text.z_priq_dumb_best
                0x000062a0        0xe zephyr/kernel/libkernel.a(sched.c.obj)
                0x000062a0                z_priq_dumb_best
 .text.z_ready_thread
                0x000062ae       0x38 zephyr/kernel/libkernel.a(sched.c.obj)
                0x000062ae                z_ready_thread
 .text.z_thread_timeout
                0x000062e6       0x68 zephyr/kernel/libkernel.a(sched.c.obj)
                0x000062e6                z_thread_timeout
 .text.add_to_waitq_locked
                0x0000634e       0x54 zephyr/kernel/libkernel.a(sched.c.obj)
 .text.pend     0x000063a2       0x42 zephyr/kernel/libkernel.a(sched.c.obj)
 .text.z_unpend_first_thread
                0x000063e4       0x56 zephyr/kernel/libkernel.a(sched.c.obj)
                0x000063e4                z_unpend_first_thread
 .text.init_ready_q
                0x0000643a        0x8 zephyr/kernel/libkernel.a(sched.c.obj)
                0x0000643a                init_ready_q
 .text.remove_timeout
                0x00006442       0x2e zephyr/kernel/libkernel.a(timeout.c.obj)
 .text.z_abort_timeout
                0x00006470       0x3c zephyr/kernel/libkernel.a(timeout.c.obj)
                0x00006470                z_abort_timeout
 .text.z_get_next_timeout_expiry
                0x000064ac       0x2c zephyr/kernel/libkernel.a(timeout.c.obj)
                0x000064ac                z_get_next_timeout_expiry
 .text.z_set_timeout_expiry
                0x000064d8       0x56 zephyr/kernel/libkernel.a(timeout.c.obj)
                0x000064d8                z_set_timeout_expiry
 .text.sys_clock_tick_get_32
                0x0000652e        0x8 zephyr/kernel/libkernel.a(timeout.c.obj)
                0x0000652e                sys_clock_tick_get_32
 .text.z_impl_k_busy_wait
                0x00006536        0xc zephyr/kernel/libkernel.a(timeout.c.obj)
                0x00006536                z_impl_k_busy_wait
 .text._OffsetAbsSyms
                0x00006542        0x2 zephyr/CMakeFiles/offsets.dir/./arch/arm/core/offsets/offsets.c.obj
                0x00006542                _OffsetAbsSyms
 *(SORT_BY_ALIGNMENT(.TEXT.*))
 .TEXT.z_arm_platform_init
                0x00006544        0x4 zephyr/libzephyr.a(soc_nrf_common.S.obj)
                0x00006544                z_arm_platform_init
 *(SORT_BY_ALIGNMENT(.gnu.linkonce.t.*))
 *(SORT_BY_ALIGNMENT(.glue_7t))
 .glue_7t       0x00006548        0x0 linker stubs
 *(SORT_BY_ALIGNMENT(.glue_7))
 .glue_7        0x00006548        0x0 linker stubs
 *(SORT_BY_ALIGNMENT(.vfp11_veneer))
 .vfp11_veneer  0x00006548        0x0 linker stubs
 *(SORT_BY_ALIGNMENT(.v4_bx))
 .v4_bx         0x00006548        0x0 linker stubs
                0x00006548                __text_region_end = .

.ARM.exidx      0x00006548        0x8
                0x00006548                __exidx_start = .
 *(SORT_BY_ALIGNMENT(.ARM.exidx*) SORT_BY_ALIGNMENT(gnu.linkonce.armexidx.*))
 .ARM.exidx     0x00006548        0x8 c:/users/eidos/ncs/v1.9.1/toolchain/opt/bin/../lib/gcc/arm-none-eabi/9.2.1/thumb/v8-m.main/nofp\libgcc.a(_udivmoddi4.o)
                0x00006550                __exidx_end = .
                0x00006550                __rodata_region_start = .

initlevel       0x00006550       0x50
                0x00006550                __init_start = .
                0x00006550                __init_PRE_KERNEL_1_start = .
 *(SORT_BY_NAME(SORT_BY_ALIGNMENT(.z_init_PRE_KERNEL_1[0-9]_*)))
 .z_init_PRE_KERNEL_10_
                0x00006550        0x8 zephyr/libzephyr.a(soc.c.obj)
 *(SORT_BY_NAME(SORT_BY_ALIGNMENT(.z_init_PRE_KERNEL_1[1-9][0-9]_*)))
 .z_init_PRE_KERNEL_130_
                0x00006558        0x8 zephyr/drivers/clock_control/libdrivers__clock_control.a(clock_control_nrf.c.obj)
 .z_init_PRE_KERNEL_130_
                0x00006560        0x8 zephyr/kernel/libkernel.a(mem_slab.c.obj)
 .z_init_PRE_KERNEL_140_
                0x00006568       0x10 zephyr/drivers/gpio/libdrivers__gpio.a(gpio_nrfx.c.obj)
 .z_init_PRE_KERNEL_140_
                0x00006578        0x8 modules/nrf/drivers/hw_cc310/lib..__nrf__drivers__hw_cc310.a(hw_cc310.c.obj)
 .z_init_PRE_KERNEL_155_
                0x00006580        0x8 zephyr/drivers/serial/libdrivers__serial.a(uart_nrfx_uarte.c.obj)
 .z_init_PRE_KERNEL_160_
                0x00006588        0x8 zephyr/drivers/console/libdrivers__console.a(uart_console.c.obj)
                0x00006590                __init_PRE_KERNEL_2_start = .
 *(SORT_BY_NAME(SORT_BY_ALIGNMENT(.z_init_PRE_KERNEL_2[0-9]_*)))
 .z_init_PRE_KERNEL_20_
                0x00006590        0x8 zephyr/drivers/timer/libdrivers__timer.a(nrf_rtc_timer.c.obj)
 *(SORT_BY_NAME(SORT_BY_ALIGNMENT(.z_init_PRE_KERNEL_2[1-9][0-9]_*)))
                0x00006598                __init_POST_KERNEL_start = .
 *(SORT_BY_NAME(SORT_BY_ALIGNMENT(.z_init_POST_KERNEL[0-9]_*)))
 *(SORT_BY_NAME(SORT_BY_ALIGNMENT(.z_init_POST_KERNEL[1-9][0-9]_*)))
 .z_init_POST_KERNEL40_
                0x00006598        0x8 modules/nrf/drivers/hw_cc310/lib..__nrf__drivers__hw_cc310.a(hw_cc310.c.obj)
                0x000065a0                __init_APPLICATION_start = .
 *(SORT_BY_NAME(SORT_BY_ALIGNMENT(.z_init_APPLICATION[0-9]_*)))
 *(SORT_BY_NAME(SORT_BY_ALIGNMENT(.z_init_APPLICATION[1-9][0-9]_*)))
                0x000065a0                __init_SMP_start = .
 *(SORT_BY_NAME(SORT_BY_ALIGNMENT(.z_init_SMP[0-9]_*)))
 *(SORT_BY_NAME(SORT_BY_ALIGNMENT(.z_init_SMP[1-9][0-9]_*)))
                0x000065a0                __init_end = .

devices         0x000065a0       0x60
                0x000065a0                __device_start = .
                0x000065a0                __device_PRE_KERNEL_1_start = .
 *(SORT_BY_NAME(SORT_BY_ALIGNMENT(.z_device_PRE_KERNEL_1[0-9]_*)))
 *(SORT_BY_NAME(SORT_BY_ALIGNMENT(.z_device_PRE_KERNEL_1[1-9][0-9]_*)))
 .z_device_PRE_KERNEL_130_
                0x000065a0       0x18 zephyr/drivers/clock_control/libdrivers__clock_control.a(clock_control_nrf.c.obj)
                0x000065a0                __device_dts_ord_41
 .z_device_PRE_KERNEL_140_
                0x000065b8       0x30 zephyr/drivers/gpio/libdrivers__gpio.a(gpio_nrfx.c.obj)
                0x000065b8                __device_dts_ord_68
                0x000065d0                __device_dts_ord_9
 .z_device_PRE_KERNEL_155_
                0x000065e8       0x18 zephyr/drivers/serial/libdrivers__serial.a(uart_nrfx_uarte.c.obj)
                0x000065e8                __device_dts_ord_75
                0x00006600                __device_PRE_KERNEL_2_start = .
 *(SORT_BY_NAME(SORT_BY_ALIGNMENT(.z_device_PRE_KERNEL_2[0-9]_*)))
 *(SORT_BY_NAME(SORT_BY_ALIGNMENT(.z_device_PRE_KERNEL_2[1-9][0-9]_*)))
                0x00006600                __device_POST_KERNEL_start = .
 *(SORT_BY_NAME(SORT_BY_ALIGNMENT(.z_device_POST_KERNEL[0-9]_*)))
 *(SORT_BY_NAME(SORT_BY_ALIGNMENT(.z_device_POST_KERNEL[1-9][0-9]_*)))
                0x00006600                __device_APPLICATION_start = .
 *(SORT_BY_NAME(SORT_BY_ALIGNMENT(.z_device_APPLICATION[0-9]_*)))
 *(SORT_BY_NAME(SORT_BY_ALIGNMENT(.z_device_APPLICATION[1-9][0-9]_*)))
                0x00006600                __device_SMP_start = .
 *(SORT_BY_NAME(SORT_BY_ALIGNMENT(.z_device_SMP[0-9]_*)))
 *(SORT_BY_NAME(SORT_BY_ALIGNMENT(.z_device_SMP[1-9][0-9]_*)))
                0x00006600                __device_end = .

sw_isr_table    0x00006600      0x228
                0x00006600                . = ALIGN (0x0)
 *(SORT_BY_ALIGNMENT(.gnu.linkonce.sw_isr_table*))
 .gnu.linkonce.sw_isr_table
                0x00006600      0x228 zephyr/arch/common/libisr_tables.a(isr_tables.c.obj)
                0x00006600                _sw_isr_table

initlevel_error
                0x00006550        0x0
 *(SORT_BY_NAME(SORT_BY_ALIGNMENT(.z_init_[_A-Z0-9]*)))
                0x00000001                ASSERT ((SIZEOF (initlevel_error) == 0x0), Undefined initialization levels used.)

app_shmem_regions
                0x00006828        0x0
                0x00006828                __app_shmem_regions_start = .
 *(SORT_BY_NAME(SORT_BY_ALIGNMENT(.app_regions.*)))
                0x00006828                __app_shmem_regions_end = .

bt_l2cap_fixed_chan_area
                0x00006828        0x0
                0x00006828                _bt_l2cap_fixed_chan_list_start = .
 *(SORT_BY_NAME(SORT_BY_ALIGNMENT(._bt_l2cap_fixed_chan.static.*)))
                0x00006828                _bt_l2cap_fixed_chan_list_end = .

bt_gatt_service_static_area
                0x00006828        0x0
                0x00006828                _bt_gatt_service_static_list_start = .
 *(SORT_BY_NAME(SORT_BY_ALIGNMENT(._bt_gatt_service_static.static.*)))
                0x00006828                _bt_gatt_service_static_list_end = .

k_p4wq_initparam_area
                0x00006828        0x0
                0x00006828                _k_p4wq_initparam_list_start = .
 *(SORT_BY_NAME(SORT_BY_ALIGNMENT(._k_p4wq_initparam.static.*)))
                0x00006828                _k_p4wq_initparam_list_end = .

log_strings_sections
                0x00006828        0x0
                0x00006828                __log_strings_start = .
 *(SORT_BY_NAME(SORT_BY_ALIGNMENT(.log_strings*)))
                0x00006828                __log_strings_end = .

log_const_sections
                0x00006828        0x0
                0x00006828                __log_const_start = .
 *(SORT_BY_NAME(SORT_BY_ALIGNMENT(.log_const_*)))
                0x00006828                __log_const_end = .

log_backends_sections
                0x00006828        0x0
                0x00006828                __log_backends_start = .
 *(SORT_BY_ALIGNMENT(._log_backend.*))
                0x00006828                __log_backends_end = .

shell_area      0x00006828        0x0
                0x00006828                _shell_list_start = .
 *(SORT_BY_NAME(SORT_BY_ALIGNMENT(._shell.static.*)))
                0x00006828                _shell_list_end = .

shell_root_cmds_sections
                0x00006828        0x0
                0x00006828                __shell_root_cmds_start = .
 *(SORT_BY_NAME(SORT_BY_ALIGNMENT(.shell_root_cmd_*)))
                0x00006828                __shell_root_cmds_end = .

font_entry_sections
                0x00006828        0x0
                0x00006828                __font_entry_start = .
 *(SORT_BY_NAME(SORT_BY_ALIGNMENT(._cfb_font.*)))
                0x00006828                __font_entry_end = .

tracing_backend_area
                0x00006828        0x0
                0x00006828                _tracing_backend_list_start = .
 *(SORT_BY_NAME(SORT_BY_ALIGNMENT(._tracing_backend.static.*)))
                0x00006828                _tracing_backend_list_end = .

zephyr_dbg_info
                0x00006828       0x3c
 *(SORT_BY_ALIGNMENT(.dbg_thread_info))
 .dbg_thread_info
                0x00006828       0x3c zephyr/libzephyr.a(thread_info.c.obj)
                0x00006828                _kernel_openocd_size_t_size
                0x00006828                _kernel_thread_info_size_t_size
                0x0000682c                _kernel_openocd_num_offsets
                0x0000682c                _kernel_thread_info_num_offsets
                0x00006830                _kernel_openocd_offsets
                0x00006830                _kernel_thread_info_offsets

device_handles  0x00006864       0x18
                0x00006864                __device_handles_start = .
 *(SORT_BY_NAME(SORT_BY_ALIGNMENT(.__device_handles_pass2*)))
 .__device_handles_pass2
                0x00006864       0x18 zephyr/CMakeFiles/zephyr_pre1.dir/dev_handles.c.obj
                0x00006864                __devicehdl_DT_N_S_soc_S_peripheral_50000000_S_uart_8000
                0x0000686a                __devicehdl_DT_N_S_soc_S_peripheral_50000000_S_gpio_842500
                0x00006870                __devicehdl_DT_N_S_soc_S_peripheral_50000000_S_gpio_842800
                0x00006876                __devicehdl_DT_N_S_soc_S_peripheral_50000000_S_clock_5000
                0x0000687c                __device_handles_end = .

rodata          0x00006880      0x2e0
 *(SORT_BY_ALIGNMENT(.rodata))
 .rodata        0x00006880        0x8 modules/hal_nordic/nrfx/libmodules__hal_nordic__nrfx.a(nrfx_gpiote.c.obj)
 *(SORT_BY_ALIGNMENT(.rodata.*))
 *fill*         0x00006888        0x8 
 .rodata.delay_machine_code.9508
                0x00006890        0x6 zephyr/libzephyr.a(soc.c.obj)
 *fill*         0x00006896        0x2 
 .rodata.main.str1.4
                0x00006898        0x7 app/libapp.a(main.c.obj)
 *fill*         0x0000689f        0x1 
 .rodata.cbvprintf.str1.4
                0x000068a0        0x6 zephyr/libzephyr.a(cbprintf_complete.c.obj)
 *fill*         0x000068a6        0x2 
 .rodata.sys_reboot.str1.4
                0x000068a8       0x29 zephyr/libzephyr.a(reboot.c.obj)
 *fill*         0x000068d1        0x3 
 .rodata.apis   0x000068d4        0x8 zephyr/libzephyr.a(nrf_cc3xx_platform_abort_zephyr.c.obj)
 .rodata.mutex_free_platform.str1.4
                0x000068dc       0x26 zephyr/libzephyr.a(nrf_cc3xx_platform_mutex_zephyr.c.obj)
 *fill*         0x00006902        0x2 
 .rodata.mutex_init_platform.str1.4
                0x00006904       0x2d zephyr/libzephyr.a(nrf_cc3xx_platform_mutex_zephyr.c.obj)
 *fill*         0x00006931        0x3 
 .rodata.mutex_apis
                0x00006934       0x10 zephyr/libzephyr.a(nrf_cc3xx_platform_mutex_zephyr.c.obj)
 .rodata.mutexes
                0x00006944       0x14 zephyr/libzephyr.a(nrf_cc3xx_platform_mutex_zephyr.c.obj)
 .rodata.static_regions
                0x00006958        0xc zephyr/arch/arch/arm/core/aarch32/mpu/libarch__arm__core__aarch32__mpu.a(arm_core_mpu.c.obj)
 .rodata.str1.4
                0x00006964        0xf zephyr/soc/arm/common/cortex_m/libsoc__arm__common__cortex_m.a(arm_mpu_regions.c.obj)
 *fill*         0x00006973        0x1 
 .rodata.mpu_config
                0x00006974        0x8 zephyr/soc/arm/common/cortex_m/libsoc__arm__common__cortex_m.a(arm_mpu_regions.c.obj)
                0x00006974                mpu_config
 .rodata.mpu_regions
                0x0000697c       0x20 zephyr/soc/arm/common/cortex_m/libsoc__arm__common__cortex_m.a(arm_mpu_regions.c.obj)
 .rodata.str1.4
                0x0000699c        0x6 zephyr/drivers/clock_control/libdrivers__clock_control.a(clock_control_nrf.c.obj)
 *fill*         0x000069a2        0x2 
 .rodata.clock_control_api
                0x000069a4       0x18 zephyr/drivers/clock_control/libdrivers__clock_control.a(clock_control_nrf.c.obj)
 .rodata.config
                0x000069bc       0x20 zephyr/drivers/clock_control/libdrivers__clock_control.a(clock_control_nrf.c.obj)
 .rodata.transitions.11773
                0x000069dc        0xc zephyr/drivers/clock_control/libdrivers__clock_control.a(clock_control_nrf.c.obj)
 .rodata.str1.4
                0x000069e8        0x7 zephyr/drivers/gpio/libdrivers__gpio.a(gpio_nrfx.c.obj)
                                  0xf (size before relaxing)
 *fill*         0x000069ef        0x1 
 .rodata.gpio_nrfx_drv_api_funcs
                0x000069f0       0x24 zephyr/drivers/gpio/libdrivers__gpio.a(gpio_nrfx.c.obj)
 .rodata.gpio_nrfx_p0_cfg
                0x00006a14       0x10 zephyr/drivers/gpio/libdrivers__gpio.a(gpio_nrfx.c.obj)
 .rodata.gpio_nrfx_p1_cfg
                0x00006a24       0x10 zephyr/drivers/gpio/libdrivers__gpio.a(gpio_nrfx.c.obj)
 .rodata.str1.4
                0x00006a34        0x7 zephyr/drivers/serial/libdrivers__serial.a(uart_nrfx_uarte.c.obj)
 *fill*         0x00006a3b        0x1 
 .rodata.uart_nrfx_uarte_driver_api
                0x00006a3c       0x14 zephyr/drivers/serial/libdrivers__serial.a(uart_nrfx_uarte.c.obj)
 .rodata.uarte_0z_config
                0x00006a50       0x20 zephyr/drivers/serial/libdrivers__serial.a(uart_nrfx_uarte.c.obj)
 .rodata.levels.9873
                0x00006a70       0x14 zephyr/kernel/libkernel.a(device.c.obj)
 .rodata._k_neg_eagain
                0x00006a84        0x4 zephyr/kernel/libkernel.a(errno.c.obj)
                0x00006a84                _k_neg_eagain
 .rodata.init_idle_thread.str1.4
                0x00006a88        0xa zephyr/kernel/libkernel.a(init.c.obj)
 *fill*         0x00006a92        0x2 
 .rodata.prepare_multithreading.str1.4
                0x00006a94        0x5 zephyr/kernel/libkernel.a(init.c.obj)
 *fill*         0x00006a99        0x3 
 .rodata.boot_banner.str1.4
                0x00006a9c       0x37 zephyr/kernel/libkernel.a(banner.c.obj)
                                 0x3b (size before relaxing)
 *fill*         0x00006ad3        0x1 
 .rodata.CSWTCH.8
                0x00006ad4       0x20 C:/Users/eidos/ncs/v1.9.1/nrfxlib/crypto/nrf_cc312_platform/lib/cortex-m33/soft-float/no-interrupts/libnrf_cc312_platform_0.9.13.a(nrf_cc3xx_platform.c.obj)
 .rodata.mutex_free.str1.4
                0x00006af4       0x26 C:/Users/eidos/ncs/v1.9.1/nrfxlib/crypto/nrf_cc312_platform/lib/cortex-m33/soft-float/no-interrupts/libnrf_cc312_platform_0.9.13.a(nrf_cc3xx_platform_mutex.c.obj)
 *fill*         0x00006b1a        0x2 
 .rodata.mutex_init.str1.4
                0x00006b1c       0x23 C:/Users/eidos/ncs/v1.9.1/nrfxlib/crypto/nrf_cc312_platform/lib/cortex-m33/soft-float/no-interrupts/libnrf_cc312_platform_0.9.13.a(nrf_cc3xx_platform_mutex.c.obj)
 *fill*         0x00006b3f        0x1 
 .rodata.CC_PalPowerSaveModeInit.str1.4
                0x00006b40       0x20 C:/Users/eidos/ncs/v1.9.1/nrfxlib/crypto/nrf_cc312_platform/lib/cortex-m33/soft-float/no-interrupts/libnrf_cc312_platform_0.9.13.a(cc_pal_pm.c.obj)
 *(SORT_BY_ALIGNMENT(.gnu.linkonce.r.*))
                0x00006b60                . = ALIGN (0x4)
                0x00006b60                __rodata_region_end = .
                0x00006b60                . = ALIGN (_region_min_align)
                0x00006b60                __rom_region_end = .
                0x20000000                . = 0x20000000
                0x20000000                . = ALIGN (_region_min_align)
                0x20000000                _image_ram_start = .

.ramfunc        0x20000000        0x0 load address 0x00006b60
                0x20000000                . = ALIGN (_region_min_align)
                0x20000000                __ramfunc_start = .
 *(SORT_BY_ALIGNMENT(.ramfunc))
 *(SORT_BY_ALIGNMENT(.ramfunc.*))
                0x20000000                . = ALIGN (_region_min_align)
                0x20000000                __ramfunc_end = .
                0x00000000                __ramfunc_size = (__ramfunc_end - __ramfunc_start)
                0x00006b60                __ramfunc_load_start = LOADADDR (.ramfunc)

datas           0x20000000      0x128 load address 0x00006b60
                0x20000000                __data_region_start = .
                0x20000000                __data_start = .
 *(SORT_BY_ALIGNMENT(.data))
 *(SORT_BY_ALIGNMENT(.data.*))
 .data._char_out
                0x20000000        0x4 zephyr/libzephyr.a(printk.c.obj)
                0x20000000                _char_out
 .data.asym_mutex
                0x20000004        0x8 zephyr/libzephyr.a(nrf_cc3xx_platform_mutex_zephyr.c.obj)
 .data.power_mutex
                0x2000000c        0x8 zephyr/libzephyr.a(nrf_cc3xx_platform_mutex_zephyr.c.obj)
 .data.rng_mutex
                0x20000014        0x8 zephyr/libzephyr.a(nrf_cc3xx_platform_mutex_zephyr.c.obj)
 .data.sym_mutex
                0x2000001c        0x8 zephyr/libzephyr.a(nrf_cc3xx_platform_mutex_zephyr.c.obj)
 .data._stdout_hook
                0x20000024        0x4 zephyr/lib/libc/minimal/liblib__libc__minimal.a(stdout_console.c.obj)
 .data.uarte_0_data
                0x20000028       0x14 zephyr/drivers/serial/libdrivers__serial.a(uart_nrfx_uarte.c.obj)
 .data.SystemCoreClock
                0x2000003c        0x4 modules/hal_nordic/nrfx/libmodules__hal_nordic__nrfx.a(system_nrf5340_application.c.obj)
                0x2000003c                SystemCoreClock
 .data.m_allocated_channels
                0x20000040        0x4 modules/hal_nordic/nrfx/libmodules__hal_nordic__nrfx.a(nrfx_dppi.c.obj)
 .data.m_cb     0x20000044       0x7c modules/hal_nordic/nrfx/libmodules__hal_nordic__nrfx.a(nrfx_gpiote.c.obj)
 .data.timeout_list
                0x200000c0        0x8 zephyr/kernel/libkernel.a(timeout.c.obj)
 .data.platform_abort_apis
                0x200000c8        0x8 C:/Users/eidos/ncs/v1.9.1/nrfxlib/crypto/nrf_cc312_platform/lib/cortex-m33/soft-float/no-interrupts/libnrf_cc312_platform_0.9.13.a(nrf_cc3xx_platform_abort.c.obj)
                0x200000c8                platform_abort_apis
 .data.asym_mutex
                0x200000d0        0x8 C:/Users/eidos/ncs/v1.9.1/nrfxlib/crypto/nrf_cc312_platform/lib/cortex-m33/soft-float/no-interrupts/libnrf_cc312_platform_0.9.13.a(nrf_cc3xx_platform_mutex.c.obj)
 .data.platform_mutex_apis
                0x200000d8       0x10 C:/Users/eidos/ncs/v1.9.1/nrfxlib/crypto/nrf_cc312_platform/lib/cortex-m33/soft-float/no-interrupts/libnrf_cc312_platform_0.9.13.a(nrf_cc3xx_platform_mutex.c.obj)
                0x200000d8                platform_mutex_apis
 .data.platform_mutexes
                0x200000e8       0x14 C:/Users/eidos/ncs/v1.9.1/nrfxlib/crypto/nrf_cc312_platform/lib/cortex-m33/soft-float/no-interrupts/libnrf_cc312_platform_0.9.13.a(nrf_cc3xx_platform_mutex.c.obj)
                0x200000e8                platform_mutexes
 .data.power_mutex
                0x200000fc        0x8 C:/Users/eidos/ncs/v1.9.1/nrfxlib/crypto/nrf_cc312_platform/lib/cortex-m33/soft-float/no-interrupts/libnrf_cc312_platform_0.9.13.a(nrf_cc3xx_platform_mutex.c.obj)
 .data.rng_mutex
                0x20000104        0x8 C:/Users/eidos/ncs/v1.9.1/nrfxlib/crypto/nrf_cc312_platform/lib/cortex-m33/soft-float/no-interrupts/libnrf_cc312_platform_0.9.13.a(nrf_cc3xx_platform_mutex.c.obj)
 .data.sym_mutex
                0x2000010c        0x8 C:/Users/eidos/ncs/v1.9.1/nrfxlib/crypto/nrf_cc312_platform/lib/cortex-m33/soft-float/no-interrupts/libnrf_cc312_platform_0.9.13.a(nrf_cc3xx_platform_mutex.c.obj)
 .data.CCAsymCryptoMutex
                0x20000114        0x4 C:/Users/eidos/ncs/v1.9.1/nrfxlib/crypto/nrf_cc312_platform/lib/cortex-m33/soft-float/no-interrupts/libnrf_cc312_platform_0.9.13.a(cc_pal.c.obj)
                0x20000114                CCAsymCryptoMutex
 .data.CCPowerMutex
                0x20000118        0x4 C:/Users/eidos/ncs/v1.9.1/nrfxlib/crypto/nrf_cc312_platform/lib/cortex-m33/soft-float/no-interrupts/libnrf_cc312_platform_0.9.13.a(cc_pal.c.obj)
                0x20000118                CCPowerMutex
 .data.CCRndCryptoMutex
                0x2000011c        0x4 C:/Users/eidos/ncs/v1.9.1/nrfxlib/crypto/nrf_cc312_platform/lib/cortex-m33/soft-float/no-interrupts/libnrf_cc312_platform_0.9.13.a(cc_pal.c.obj)
                0x2000011c                CCRndCryptoMutex
 .data.CCSymCryptoMutex
                0x20000120        0x4 C:/Users/eidos/ncs/v1.9.1/nrfxlib/crypto/nrf_cc312_platform/lib/cortex-m33/soft-float/no-interrupts/libnrf_cc312_platform_0.9.13.a(cc_pal.c.obj)
                0x20000120                CCSymCryptoMutex
 .data.pCCRndCryptoMutex
                0x20000124        0x4 C:/Users/eidos/ncs/v1.9.1/nrfxlib/crypto/nrf_cc312_platform/lib/cortex-m33/soft-float/no-interrupts/libnrf_cc312_platform_0.9.13.a(cc_pal.c.obj)
                0x20000124                pCCRndCryptoMutex
 *(SORT_BY_ALIGNMENT(.kernel.*))
                0x20000128                __data_end = .
                0x00000128                __data_size = (__data_end - __data_start)
                0x00006b60                __data_load_start = LOADADDR (datas)
                0x00006b60                __data_region_load_start = LOADADDR (datas)

device_states   0x20000128       0x10 load address 0x00006c88
                0x20000128                __device_states_start = .
 *(SORT_BY_ALIGNMENT(.z_devstate))
 .z_devstate    0x20000128        0x4 zephyr/drivers/clock_control/libdrivers__clock_control.a(clock_control_nrf.c.obj)
 .z_devstate    0x2000012c        0x8 zephyr/drivers/gpio/libdrivers__gpio.a(gpio_nrfx.c.obj)
 .z_devstate    0x20000134        0x4 zephyr/drivers/serial/libdrivers__serial.a(uart_nrfx_uarte.c.obj)
 *(SORT_BY_ALIGNMENT(.z_devstate.*))
                0x20000138                __device_states_end = .

initshell       0x20000138        0x0 load address 0x00006c98
                0x20000138                __shell_module_start = .
 *(SORT_BY_ALIGNMENT(.shell_module_*))
                0x20000138                __shell_module_end = .
                0x20000138                __shell_cmd_start = .
 *(SORT_BY_ALIGNMENT(.shell_cmd_*))
                0x20000138                __shell_cmd_end = .

log_dynamic_sections
                0x20000138        0x0 load address 0x00006c98
                0x20000138                __log_dynamic_start = .
 *(SORT_BY_NAME(SORT_BY_ALIGNMENT(.log_dynamic_*)))
                0x20000138                __log_dynamic_end = .

_static_thread_data_area
                0x20000138        0x0 load address 0x00006c98
                0x20000138                __static_thread_data_list_start = .
 *(SORT_BY_NAME(SORT_BY_ALIGNMENT(.__static_thread_data.static.*)))
                0x20000138                __static_thread_data_list_end = .

k_timer_area    0x20000138        0x0 load address 0x00006c98
                0x20000138                _k_timer_list_start = .
 *(SORT_BY_NAME(SORT_BY_ALIGNMENT(._k_timer.static.*)))
                0x20000138                _k_timer_list_end = .

k_mem_slab_area
                0x20000138        0x0 load address 0x00006c98
                0x20000138                _k_mem_slab_list_start = .
 *(SORT_BY_NAME(SORT_BY_ALIGNMENT(._k_mem_slab.static.*)))
                0x20000138                _k_mem_slab_list_end = .

k_mem_pool_area
                0x20000138        0x0 load address 0x00006c98
                0x20000138                _k_mem_pool_list_start = .
 *(SORT_BY_NAME(SORT_BY_ALIGNMENT(._k_mem_pool.static.*)))
                0x20000138                _k_mem_pool_list_end = .

k_heap_area     0x20000138        0x0 load address 0x00006c98
                0x20000138                _k_heap_list_start = .
 *(SORT_BY_NAME(SORT_BY_ALIGNMENT(._k_heap.static.*)))
                0x20000138                _k_heap_list_end = .

k_mutex_area    0x20000138       0x50 load address 0x00006c98
                0x20000138                _k_mutex_list_start = .
 *(SORT_BY_NAME(SORT_BY_ALIGNMENT(._k_mutex.static.*)))
 ._k_mutex.static.asym_mutex_int
                0x20000138       0x14 zephyr/libzephyr.a(nrf_cc3xx_platform_mutex_zephyr.c.obj)
                0x20000138                asym_mutex_int
 ._k_mutex.static.power_mutex_int
                0x2000014c       0x14 zephyr/libzephyr.a(nrf_cc3xx_platform_mutex_zephyr.c.obj)
                0x2000014c                power_mutex_int
 ._k_mutex.static.rng_mutex_int
                0x20000160       0x14 zephyr/libzephyr.a(nrf_cc3xx_platform_mutex_zephyr.c.obj)
                0x20000160                rng_mutex_int
 ._k_mutex.static.sym_mutex_int
                0x20000174       0x14 zephyr/libzephyr.a(nrf_cc3xx_platform_mutex_zephyr.c.obj)
                0x20000174                sym_mutex_int
                0x20000188                _k_mutex_list_end = .

k_stack_area    0x20000188        0x0 load address 0x00006ce8
                0x20000188                _k_stack_list_start = .
 *(SORT_BY_NAME(SORT_BY_ALIGNMENT(._k_stack.static.*)))
                0x20000188                _k_stack_list_end = .

k_msgq_area     0x20000188        0x0 load address 0x00006ce8
                0x20000188                _k_msgq_list_start = .
 *(SORT_BY_NAME(SORT_BY_ALIGNMENT(._k_msgq.static.*)))
                0x20000188                _k_msgq_list_end = .

k_mbox_area     0x20000188        0x0 load address 0x00006ce8
                0x20000188                _k_mbox_list_start = .
 *(SORT_BY_NAME(SORT_BY_ALIGNMENT(._k_mbox.static.*)))
                0x20000188                _k_mbox_list_end = .

k_pipe_area     0x20000188        0x0 load address 0x00006ce8
                0x20000188                _k_pipe_list_start = .
 *(SORT_BY_NAME(SORT_BY_ALIGNMENT(._k_pipe.static.*)))
                0x20000188                _k_pipe_list_end = .

k_sem_area      0x20000188        0x0 load address 0x00006ce8
                0x20000188                _k_sem_list_start = .
 *(SORT_BY_NAME(SORT_BY_ALIGNMENT(._k_sem.static.*)))
                0x20000188                _k_sem_list_end = .

k_event_area    0x20000188        0x0 load address 0x00006ce8
                0x20000188                _k_event_list_start = .
 *(SORT_BY_NAME(SORT_BY_ALIGNMENT(._k_event.static.*)))
                0x20000188                _k_event_list_end = .

k_queue_area    0x20000188        0x0 load address 0x00006ce8
                0x20000188                _k_queue_list_start = .
 *(SORT_BY_NAME(SORT_BY_ALIGNMENT(._k_queue.static.*)))
                0x20000188                _k_queue_list_end = .

k_condvar_area  0x20000188        0x0 load address 0x00006ce8
                0x20000188                _k_condvar_list_start = .
 *(SORT_BY_NAME(SORT_BY_ALIGNMENT(._k_condvar.static.*)))
                0x20000188                _k_condvar_list_end = .

_net_buf_pool_area
                0x20000188        0x0 load address 0x00006ce8
                0x20000188                _net_buf_pool_list = .
 *(SORT_BY_NAME(SORT_BY_ALIGNMENT(._net_buf_pool.static.*)))
                0x20000188                __data_region_end = .

bss             0x20000188      0x9d0
                0x20000188                . = ALIGN (0x4)
                0x20000188                __bss_start = .
                0x20000188                __kernel_ram_start = .
 *(SORT_BY_ALIGNMENT(.bss))
 *(SORT_BY_ALIGNMENT(.bss.*))
 .bss.anchor    0x20000188        0x8 zephyr/drivers/timer/libdrivers__timer.a(nrf_rtc_timer.c.obj)
 .bss.cc_data   0x20000190       0x10 zephyr/drivers/timer/libdrivers__timer.a(nrf_rtc_timer.c.obj)
 .bss.last_count
                0x200001a0        0x8 zephyr/drivers/timer/libdrivers__timer.a(nrf_rtc_timer.c.obj)
 .bss.z_idle_threads
                0x200001a8       0xb0 zephyr/kernel/libkernel.a(init.c.obj)
                0x200001a8                z_idle_threads
 .bss.z_main_thread
                0x20000258       0xb0 zephyr/kernel/libkernel.a(init.c.obj)
                0x20000258                z_main_thread
 .bss.curr_tick
                0x20000308        0x8 zephyr/kernel/libkernel.a(timeout.c.obj)
 .bss.pm_notifiers
                0x20000310        0x8 zephyr/libzephyr.a(pm.c.obj)
 .bss.z_post_ops_required
                0x20000318        0x4 zephyr/libzephyr.a(pm.c.obj)
 .bss.z_power_states
                0x2000031c        0xc zephyr/libzephyr.a(pm.c.obj)
 .bss.z_power_states_forced
                0x20000328        0x4 zephyr/libzephyr.a(pm.c.obj)
 .bss.mutex_slab
                0x2000032c       0x1c zephyr/libzephyr.a(nrf_cc3xx_platform_mutex_zephyr.c.obj)
                0x2000032c                mutex_slab
 .bss.mutex_slab_buffer
                0x20000348      0x500 zephyr/libzephyr.a(nrf_cc3xx_platform_mutex_zephyr.c.obj)
                0x20000348                mutex_slab_buffer
 .bss.dyn_reg_info
                0x20000848       0x14 zephyr/arch/arch/arm/core/aarch32/mpu/libarch__arm__core__aarch32__mpu.a(arm_mpu.c.obj)
 .bss.cli.11745
                0x2000085c       0x10 zephyr/drivers/clock_control/libdrivers__clock_control.a(clock_control_nrf.c.obj)
 .bss.data      0x2000086c       0xa0 zephyr/drivers/clock_control/libdrivers__clock_control.a(clock_control_nrf.c.obj)
 .bss.hfclk_users
                0x2000090c        0x4 zephyr/drivers/clock_control/libdrivers__clock_control.a(clock_control_nrf.c.obj)
 .bss.on.11744  0x20000910        0x4 zephyr/drivers/clock_control/libdrivers__clock_control.a(clock_control_nrf.c.obj)
 .bss.uart_console_dev
                0x20000914        0x4 zephyr/drivers/console/libdrivers__console.a(uart_console.c.obj)
 .bss.gpio_nrfx_p0_data
                0x20000918        0xc zephyr/drivers/gpio/libdrivers__gpio.a(gpio_nrfx.c.obj)
 .bss.gpio_nrfx_p1_data
                0x20000924        0xc zephyr/drivers/gpio/libdrivers__gpio.a(gpio_nrfx.c.obj)
 .bss.force_isr_mask
                0x20000930        0x4 zephyr/drivers/timer/libdrivers__timer.a(nrf_rtc_timer.c.obj)
 .bss.int_mask  0x20000934        0x4 zephyr/drivers/timer/libdrivers__timer.a(nrf_rtc_timer.c.obj)
 .bss.overflow_cnt
                0x20000938        0x4 zephyr/drivers/timer/libdrivers__timer.a(nrf_rtc_timer.c.obj)
 .bss.m_clock_cb
                0x2000093c        0x8 modules/hal_nordic/nrfx/libmodules__hal_nordic__nrfx.a(nrfx_clock.c.obj)
 .bss._kernel   0x20000944       0x2c zephyr/kernel/libkernel.a(init.c.obj)
                0x20000944                _kernel
 .bss.lock      0x20000970        0x0 zephyr/kernel/libkernel.a(mutex.c.obj)
 .bss.lock      0x20000970        0x0 zephyr/kernel/libkernel.a(sem.c.obj)
 .bss.pending_current
                0x20000970        0x4 zephyr/kernel/libkernel.a(sched.c.obj)
 .bss.sched_spinlock
                0x20000974        0x0 zephyr/kernel/libkernel.a(sched.c.obj)
                0x20000974                sched_spinlock
 .bss.slice_max_prio
                0x20000974        0x4 zephyr/kernel/libkernel.a(sched.c.obj)
 .bss.slice_time
                0x20000978        0x4 zephyr/kernel/libkernel.a(sched.c.obj)
 .bss.announce_remaining
                0x2000097c        0x4 zephyr/kernel/libkernel.a(timeout.c.obj)
 .bss.nrf_cc3xx_platform_initialized
                0x20000980        0x4 C:/Users/eidos/ncs/v1.9.1/nrfxlib/crypto/nrf_cc312_platform/lib/cortex-m33/soft-float/no-interrupts/libnrf_cc312_platform_0.9.13.a(nrf_cc3xx_platform.c.obj)
 .bss.asym_mutex_int
                0x20000984        0x4 C:/Users/eidos/ncs/v1.9.1/nrfxlib/crypto/nrf_cc312_platform/lib/cortex-m33/soft-float/no-interrupts/libnrf_cc312_platform_0.9.13.a(nrf_cc3xx_platform_mutex.c.obj)
 .bss.power_mutex_int
                0x20000988        0x4 C:/Users/eidos/ncs/v1.9.1/nrfxlib/crypto/nrf_cc312_platform/lib/cortex-m33/soft-float/no-interrupts/libnrf_cc312_platform_0.9.13.a(nrf_cc3xx_platform_mutex.c.obj)
 .bss.rng_mutex_int
                0x2000098c        0x4 C:/Users/eidos/ncs/v1.9.1/nrfxlib/crypto/nrf_cc312_platform/lib/cortex-m33/soft-float/no-interrupts/libnrf_cc312_platform_0.9.13.a(nrf_cc3xx_platform_mutex.c.obj)
 .bss.sym_mutex_int
                0x20000990        0x4 C:/Users/eidos/ncs/v1.9.1/nrfxlib/crypto/nrf_cc312_platform/lib/cortex-m33/soft-float/no-interrupts/libnrf_cc312_platform_0.9.13.a(nrf_cc3xx_platform_mutex.c.obj)
 .bss.use_count
                0x20000994        0x4 C:/Users/eidos/ncs/v1.9.1/nrfxlib/crypto/nrf_cc312_platform/lib/cortex-m33/soft-float/no-interrupts/libnrf_cc312_platform_0.9.13.a(cc_pal_pm.c.obj)
 .bss.static_regions_num
                0x20000998        0x1 zephyr/arch/arch/arm/core/aarch32/mpu/libarch__arm__core__aarch32__mpu.a(arm_mpu.c.obj)
 .bss.z_sys_post_kernel
                0x20000999        0x1 zephyr/kernel/libkernel.a(init.c.obj)
                0x20000999                z_sys_post_kernel
 *(SORT_BY_ALIGNMENT(COMMON))
 *fill*         0x2000099a        0x2 
 COMMON         0x2000099c      0x1bc C:/Users/eidos/ncs/v1.9.1/nrfxlib/crypto/nrf_cc312_platform/lib/cortex-m33/soft-float/no-interrupts/libnrf_cc312_platform_0.9.13.a(nrf_cc3xx_platform_ctr_drbg.c.obj)
                0x2000099c                nrf_cc3xx_platform_ctr_drbg_global_ctx
 *(SORT_BY_ALIGNMENT(.kernel_bss.*))
                0x20000b58                __bss_end = ALIGN (0x4)

noinit          0x20000b58      0xd40
 *(SORT_BY_ALIGNMENT(.noinit))
 *(SORT_BY_ALIGNMENT(.noinit.*))
 .noinit."WEST_TOPDIR/zephyr/kernel/init.c".0
                0x20000b58      0x400 zephyr/kernel/libkernel.a(init.c.obj)
                0x20000b58                z_main_stack
 .noinit."WEST_TOPDIR/zephyr/kernel/init.c".1
                0x20000f58      0x140 zephyr/kernel/libkernel.a(init.c.obj)
 .noinit."WEST_TOPDIR/zephyr/kernel/init.c".2
                0x20001098      0x800 zephyr/kernel/libkernel.a(init.c.obj)
                0x20001098                z_interrupt_stacks
 *(SORT_BY_ALIGNMENT(.kernel_noinit.*))
                0x20001898                _image_ram_end = .
                0x20001898                _end = .
                0x20070000                __kernel_ram_end = 0x20070000
                0x0006fe78                __kernel_ram_size = (__kernel_ram_end - __kernel_ram_start)

.intList        0xfffff800       0x48
 *(SORT_BY_ALIGNMENT(.irq_info*))
 .irq_info      0xfffff800        0x8 zephyr/arch/common/libisr_tables.a(isr_tables.c.obj)
                0xfffff800                _iheader
 *(SORT_BY_ALIGNMENT(.intList*))
 .intList       0xfffff808       0x10 zephyr/drivers/clock_control/libdrivers__clock_control.a(clock_control_nrf.c.obj)
 .intList       0xfffff818       0x10 zephyr/drivers/gpio/libdrivers__gpio.a(gpio_nrfx.c.obj)
 .intList       0xfffff828       0x10 zephyr/drivers/serial/libdrivers__serial.a(uart_nrfx_uarte.c.obj)
 .intList       0xfffff838       0x10 zephyr/drivers/timer/libdrivers__timer.a(nrf_rtc_timer.c.obj)

.stab
 *(SORT_BY_ALIGNMENT(.stab))

.stabstr
 *(SORT_BY_ALIGNMENT(.stabstr))

.stab.excl
 *(SORT_BY_ALIGNMENT(.stab.excl))

.stab.exclstr
 *(SORT_BY_ALIGNMENT(.stab.exclstr))

.stab.index
 *(SORT_BY_ALIGNMENT(.stab.index))

.stab.indexstr
 *(SORT_BY_ALIGNMENT(.stab.indexstr))

.gnu.build.attributes
 *(SORT_BY_ALIGNMENT(.gnu.build.attributes) SORT_BY_ALIGNMENT(.gnu.build.attributes.*))

.comment        0x00000000       0x79
 *(SORT_BY_ALIGNMENT(.comment))
 .comment       0x00000000       0x79 zephyr/CMakeFiles/zephyr_pre1.dir/dev_handles.c.obj
                                 0x7a (size before relaxing)
 .comment       0x00000079       0x7a app/libapp.a(main.c.obj)
 .comment       0x00000079       0x7a zephyr/libzephyr.a(notify.c.obj)
 .comment       0x00000079       0x7a zephyr/libzephyr.a(printk.c.obj)
 .comment       0x00000079       0x7a zephyr/libzephyr.a(onoff.c.obj)
 .comment       0x00000079       0x7a zephyr/libzephyr.a(thread_entry.c.obj)
 .comment       0x00000079       0x7a zephyr/libzephyr.a(cbprintf_complete.c.obj)
 .comment       0x00000079       0x7a zephyr/libzephyr.a(reboot.c.obj)
 .comment       0x00000079       0x7a zephyr/libzephyr.a(configs.c.obj)
 .comment       0x00000079       0x7a zephyr/libzephyr.a(soc.c.obj)
 .comment       0x00000079       0x7a zephyr/libzephyr.a(power.c.obj)